#
# There is insufficient memory for the Java Runtime Environment to continue.
# Native memory allocation (malloc) failed to allocate 816480 bytes for Chunk::new
# Possible reasons:
#   The system is out of physical RAM or swap space
#   The process is running with CompressedOops enabled, and the Java Heap may be blocking the growth of the native heap
# Possible solutions:
#   Reduce memory load on the system
#   Increase physical memory or swap space
#   Check if swap backing store is full
#   Decrease Java heap size (-Xmx/-Xms)
#   Decrease number of Java threads
#   Decrease Java thread stack sizes (-Xss)
#   Set larger code cache with -XX:ReservedCodeCacheSize=
#   JVM is running with Unscaled Compressed Oops mode in which the Java heap is
#     placed in the first 4GB address space. The Java Heap base address is the
#     maximum limit for the native heap growth. Please use -XX:HeapBaseMinAddress
#     to set the Java Heap base and to place the Java Heap above 4GB virtual address.
# This output file may be truncated or incomplete.
#
#  Out of Memory Error (arena.cpp:184), pid=31032, tid=15724
#
# JRE version: Java(TM) SE Runtime Environment (19.0.2+7) (build 19.0.2+7-44)
# Java VM: Java HotSpot(TM) 64-Bit Server VM (19.0.2+7-44, mixed mode, sharing, tiered, compressed oops, compressed class ptrs, g1 gc, windows-amd64)
# No core dump will be written. Minidumps are not enabled by default on client versions of Windows
#

---------------  S U M M A R Y ------------

Command Line: -Dfile.encoding=UTF-8 --module-path=C:\Users\hp\OneDrive\Documents\NetBeansProjects\FITNESS_CLUB_PROJECT\build\classes PRACTICE

Host: 11th Gen Intel(R) Core(TM) i5-1135G7 @ 2.40GHz, 8 cores, 7G,  Windows 11 , 64 bit Build 22621 (10.0.22621.1485)
Time: Mon May  8 22:20:29 2023 Bangladesh Standard Time elapsed time: 0.471258 seconds (0d 0h 0m 0s)

---------------  T H R E A D  ---------------

Current thread (0x000001ab7eaa4d80):  JavaThread "C2 CompilerThread1" daemon [_thread_in_native, id=15724, stack(0x0000002490400000,0x0000002490500000)]


Current CompileTask:
C2:    471 1030   !   4       sun.font.TrueTypeFont::getTableBuffer (215 bytes)

Stack: [0x0000002490400000,0x0000002490500000]
Native frames: (J=compiled Java code, j=interpreted, Vv=VM code, C=native code)
V  [jvm.dll+0x6ee21a]
V  [jvm.dll+0x85765e]
V  [jvm.dll+0x85904e]
V  [jvm.dll+0x859703]
V  [jvm.dll+0x28298f]
V  [jvm.dll+0xc9adf]
V  [jvm.dll+0xc9e65]
V  [jvm.dll+0x3bca4c]
V  [jvm.dll+0x3860e1]
V  [jvm.dll+0x38555a]
V  [jvm.dll+0x24c3d9]
V  [jvm.dll+0x24b781]
V  [jvm.dll+0x1d6ce1]
V  [jvm.dll+0x25b25a]
V  [jvm.dll+0x2596e8]
V  [jvm.dll+0x807588]
V  [jvm.dll+0x80125a]
V  [jvm.dll+0x6ecf0b]
C  [ucrtbase.dll+0x29363]
C  [KERNEL32.DLL+0x1269d]
C  [ntdll.dll+0x5a9f8]


---------------  P R O C E S S  ---------------

Threads class SMR info:
_java_thread_list=0x000001ab7f97e230, length=19, elements={
0x000001ab7a751140, 0x000001ab7a7538a0, 0x000001ab7a75d1b0, 0x000001ab7a75c710,
0x000001ab7a75b1d0, 0x000001ab7a75c1c0, 0x000001ab7a767bc0, 0x000001ab7a76e240,
0x000001ab7a75d700, 0x000001ab7a75a1e0, 0x000001ab7a75a730, 0x000001ab7eaa4d80,
0x000001ab7a75cc60, 0x000001ab7a75ac80, 0x000001ab7a75bc70, 0x000001ab7a75b720,
0x000001ab7f7a2aa0, 0x000001ab7f7a0ac0, 0x000001ab7f79cb00
}

Java Threads: ( => current thread )
  0x000001ab7a751140 JavaThread "Reference Handler" daemon [_thread_blocked, id=31048, stack(0x000000248f800000,0x000000248f900000)]
  0x000001ab7a7538a0 JavaThread "Finalizer" daemon [_thread_blocked, id=31136, stack(0x000000248f900000,0x000000248fa00000)]
  0x000001ab7a75d1b0 JavaThread "Signal Dispatcher" daemon [_thread_blocked, id=31140, stack(0x000000248fa00000,0x000000248fb00000)]
  0x000001ab7a75c710 JavaThread "Attach Listener" daemon [_thread_blocked, id=25240, stack(0x000000248fb00000,0x000000248fc00000)]
  0x000001ab7a75b1d0 JavaThread "Service Thread" daemon [_thread_blocked, id=25096, stack(0x000000248fc00000,0x000000248fd00000)]
  0x000001ab7a75c1c0 JavaThread "Monitor Deflation Thread" daemon [_thread_blocked, id=13076, stack(0x000000248fd00000,0x000000248fe00000)]
  0x000001ab7a767bc0 JavaThread "C2 CompilerThread0" daemon [_thread_blocked, id=28616, stack(0x000000248fe00000,0x000000248ff00000)]
  0x000001ab7a76e240 JavaThread "C1 CompilerThread0" daemon [_thread_blocked, id=30828, stack(0x000000248ff00000,0x0000002490000000)]
  0x000001ab7a75d700 JavaThread "Sweeper thread" daemon [_thread_blocked, id=2656, stack(0x0000002490000000,0x0000002490100000)]
  0x000001ab7a75a1e0 JavaThread "Common-Cleaner" daemon [_thread_blocked, id=11968, stack(0x0000002490100000,0x0000002490200000)]
  0x000001ab7a75a730 JavaThread "Notification Thread" daemon [_thread_blocked, id=22800, stack(0x0000002490200000,0x0000002490300000)]
=>0x000001ab7eaa4d80 JavaThread "C2 CompilerThread1" daemon [_thread_in_native, id=15724, stack(0x0000002490400000,0x0000002490500000)]
  0x000001ab7a75cc60 JavaThread "Java2D Disposer" daemon [_thread_blocked, id=19020, stack(0x0000002490500000,0x0000002490600000)]
  0x000001ab7a75ac80 JavaThread "AWT-Shutdown" [_thread_blocked, id=20720, stack(0x0000002490600000,0x0000002490700000)]
  0x000001ab7a75bc70 JavaThread "AWT-Windows" daemon [_thread_in_native, id=18588, stack(0x0000002490700000,0x0000002490800000)]
  0x000001ab7a75b720 JavaThread "Image Fetcher 0" daemon [_thread_blocked, id=2460, stack(0x0000002490800000,0x0000002490900000)]
  0x000001ab7f7a2aa0 JavaThread "AWT-EventQueue-0" [_thread_blocked, id=8912, stack(0x0000002490900000,0x0000002490a00000)]
  0x000001ab7f7a0ac0 JavaThread "DestroyJavaVM" [_thread_blocked, id=30804, stack(0x000000248f100000,0x000000248f200000)]
  0x000001ab7f79cb00 JavaThread "TimerQueue" daemon [_thread_blocked, id=21300, stack(0x0000002490d00000,0x0000002490e00000)]

Other Threads:
  0x000001ab7a735250 VMThread "VM Thread" [stack: 0x000000248f700000,0x000000248f800000] [id=31144]
  0x000001ab7eaa34e0 WatcherThread "VM Periodic Task Thread" [stack: 0x0000002490300000,0x0000002490400000] [id=948]
  0x000001ab5c146f30 WorkerThread "GC Thread#0" [stack: 0x000000248f200000,0x000000248f300000] [id=31188]
  0x000001ab5c157690 ConcurrentGCThread "G1 Main Marker" [stack: 0x000000248f300000,0x000000248f400000] [id=1172]
  0x000001ab5c1580c0 WorkerThread "G1 Conc#0" [stack: 0x000000248f400000,0x000000248f500000] [id=31268]
  0x000001ab7a5ed520 ConcurrentGCThread "G1 Refine#0" [stack: 0x000000248f500000,0x000000248f600000] [id=31152]
  0x000001ab7a5f2950 ConcurrentGCThread "G1 Service" [stack: 0x000000248f600000,0x000000248f700000] [id=31148]

Threads with active compile tasks:
C2 CompilerThread1      547 1030   !   4       sun.font.TrueTypeFont::getTableBuffer (215 bytes)

VM state: not at safepoint (normal execution)

VM Mutex/Monitor currently owned by a thread: None

Heap address: 0x0000000084000000, size: 1984 MB, Compressed Oops mode: 32-bit

CDS archive(s) mapped at: [0x0000000800000000-0x0000000800c40000-0x0000000800c40000), size 12845056, SharedBaseAddress: 0x0000000800000000, ArchiveRelocationMode: 0.
Compressed class space mapped at: 0x0000000801000000-0x0000000841000000, reserved size: 1073741824
Narrow klass base: 0x0000000800000000, Narrow klass shift: 0, Narrow klass range: 0x100000000

GC Precious Log:
 CardTable entry size: 512
 Card Set container configuration: InlinePtr #cards 5 size 8 Array Of Cards #cards 12 size 40 Howl #buckets 4 coarsen threshold 1843 Howl Bitmap #cards 512 size 80 coarsen threshold 460 Card regions per heap region 1 cards per card region 2048
 CPUs: 8 total, 8 available
 Memory: 7932M
 Large Page Support: Disabled
 NUMA Support: Disabled
 Compressed Oops: Enabled (32-bit)
 Heap Region Size: 1M
 Heap Min Capacity: 8M
 Heap Initial Capacity: 124M
 Heap Max Capacity: 1984M
 Pre-touch: Disabled
 Parallel Workers: 8
 Concurrent Workers: 2
 Concurrent Refinement Workers: 8
 Periodic GC: Disabled

Heap:
 garbage-first heap   total 126976K, used 24576K [0x0000000084000000, 0x0000000100000000)
  region size 1024K, 17 young (17408K), 0 survivors (0K)
 Metaspace       used 8041K, committed 8256K, reserved 1114112K
  class space    used 886K, committed 1024K, reserved 1048576K

Heap Regions: E=young(eden), S=young(survivor), O=old, HS=humongous(starts), HC=humongous(continues), CS=collection set, F=free, OA=open archive, CA=closed archive, TAMS=top-at-mark-start (previous, next)
|   0|0x0000000084000000, 0x0000000084100000, 0x0000000084100000|100%|HS|  |TAMS 0x0000000084000000, 0x0000000084000000| Complete 
|   1|0x0000000084100000, 0x0000000084200000, 0x0000000084200000|100%|HC|  |TAMS 0x0000000084100000, 0x0000000084100000| Complete 
|   2|0x0000000084200000, 0x0000000084300000, 0x0000000084300000|100%|HC|  |TAMS 0x0000000084200000, 0x0000000084200000| Complete 
|   3|0x0000000084300000, 0x0000000084400000, 0x0000000084400000|100%|HC|  |TAMS 0x0000000084300000, 0x0000000084300000| Complete 
|   4|0x0000000084400000, 0x0000000084500000, 0x0000000084500000|100%|HC|  |TAMS 0x0000000084400000, 0x0000000084400000| Complete 
|   5|0x0000000084500000, 0x0000000084600000, 0x0000000084600000|100%|HC|  |TAMS 0x0000000084500000, 0x0000000084500000| Complete 
|   6|0x0000000084600000, 0x0000000084700000, 0x0000000084700000|100%|HC|  |TAMS 0x0000000084600000, 0x0000000084600000| Complete 
|   7|0x0000000084700000, 0x0000000084800000, 0x0000000084800000|100%|HC|  |TAMS 0x0000000084700000, 0x0000000084700000| Complete 
|   8|0x0000000084800000, 0x0000000084800000, 0x0000000084900000|  0%| F|  |TAMS 0x0000000084800000, 0x0000000084800000| Untracked 
|   9|0x0000000084900000, 0x0000000084900000, 0x0000000084a00000|  0%| F|  |TAMS 0x0000000084900000, 0x0000000084900000| Untracked 
|  10|0x0000000084a00000, 0x0000000084a00000, 0x0000000084b00000|  0%| F|  |TAMS 0x0000000084a00000, 0x0000000084a00000| Untracked 
|  11|0x0000000084b00000, 0x0000000084b00000, 0x0000000084c00000|  0%| F|  |TAMS 0x0000000084b00000, 0x0000000084b00000| Untracked 
|  12|0x0000000084c00000, 0x0000000084c00000, 0x0000000084d00000|  0%| F|  |TAMS 0x0000000084c00000, 0x0000000084c00000| Untracked 
|  13|0x0000000084d00000, 0x0000000084d00000, 0x0000000084e00000|  0%| F|  |TAMS 0x0000000084d00000, 0x0000000084d00000| Untracked 
|  14|0x0000000084e00000, 0x0000000084e00000, 0x0000000084f00000|  0%| F|  |TAMS 0x0000000084e00000, 0x0000000084e00000| Untracked 
|  15|0x0000000084f00000, 0x0000000084f00000, 0x0000000085000000|  0%| F|  |TAMS 0x0000000084f00000, 0x0000000084f00000| Untracked 
|  16|0x0000000085000000, 0x0000000085000000, 0x0000000085100000|  0%| F|  |TAMS 0x0000000085000000, 0x0000000085000000| Untracked 
|  17|0x0000000085100000, 0x0000000085100000, 0x0000000085200000|  0%| F|  |TAMS 0x0000000085100000, 0x0000000085100000| Untracked 
|  18|0x0000000085200000, 0x0000000085200000, 0x0000000085300000|  0%| F|  |TAMS 0x0000000085200000, 0x0000000085200000| Untracked 
|  19|0x0000000085300000, 0x0000000085300000, 0x0000000085400000|  0%| F|  |TAMS 0x0000000085300000, 0x0000000085300000| Untracked 
|  20|0x0000000085400000, 0x0000000085400000, 0x0000000085500000|  0%| F|  |TAMS 0x0000000085400000, 0x0000000085400000| Untracked 
|  21|0x0000000085500000, 0x0000000085500000, 0x0000000085600000|  0%| F|  |TAMS 0x0000000085500000, 0x0000000085500000| Untracked 
|  22|0x0000000085600000, 0x0000000085600000, 0x0000000085700000|  0%| F|  |TAMS 0x0000000085600000, 0x0000000085600000| Untracked 
|  23|0x0000000085700000, 0x0000000085700000, 0x0000000085800000|  0%| F|  |TAMS 0x0000000085700000, 0x0000000085700000| Untracked 
|  24|0x0000000085800000, 0x0000000085800000, 0x0000000085900000|  0%| F|  |TAMS 0x0000000085800000, 0x0000000085800000| Untracked 
|  25|0x0000000085900000, 0x0000000085900000, 0x0000000085a00000|  0%| F|  |TAMS 0x0000000085900000, 0x0000000085900000| Untracked 
|  26|0x0000000085a00000, 0x0000000085a00000, 0x0000000085b00000|  0%| F|  |TAMS 0x0000000085a00000, 0x0000000085a00000| Untracked 
|  27|0x0000000085b00000, 0x0000000085b00000, 0x0000000085c00000|  0%| F|  |TAMS 0x0000000085b00000, 0x0000000085b00000| Untracked 
|  28|0x0000000085c00000, 0x0000000085c00000, 0x0000000085d00000|  0%| F|  |TAMS 0x0000000085c00000, 0x0000000085c00000| Untracked 
|  29|0x0000000085d00000, 0x0000000085d00000, 0x0000000085e00000|  0%| F|  |TAMS 0x0000000085d00000, 0x0000000085d00000| Untracked 
|  30|0x0000000085e00000, 0x0000000085e00000, 0x0000000085f00000|  0%| F|  |TAMS 0x0000000085e00000, 0x0000000085e00000| Untracked 
|  31|0x0000000085f00000, 0x0000000085f00000, 0x0000000086000000|  0%| F|  |TAMS 0x0000000085f00000, 0x0000000085f00000| Untracked 
|  32|0x0000000086000000, 0x0000000086000000, 0x0000000086100000|  0%| F|  |TAMS 0x0000000086000000, 0x0000000086000000| Untracked 
|  33|0x0000000086100000, 0x0000000086100000, 0x0000000086200000|  0%| F|  |TAMS 0x0000000086100000, 0x0000000086100000| Untracked 
|  34|0x0000000086200000, 0x0000000086200000, 0x0000000086300000|  0%| F|  |TAMS 0x0000000086200000, 0x0000000086200000| Untracked 
|  35|0x0000000086300000, 0x0000000086300000, 0x0000000086400000|  0%| F|  |TAMS 0x0000000086300000, 0x0000000086300000| Untracked 
|  36|0x0000000086400000, 0x0000000086400000, 0x0000000086500000|  0%| F|  |TAMS 0x0000000086400000, 0x0000000086400000| Untracked 
|  37|0x0000000086500000, 0x0000000086500000, 0x0000000086600000|  0%| F|  |TAMS 0x0000000086500000, 0x0000000086500000| Untracked 
|  38|0x0000000086600000, 0x0000000086600000, 0x0000000086700000|  0%| F|  |TAMS 0x0000000086600000, 0x0000000086600000| Untracked 
|  39|0x0000000086700000, 0x0000000086700000, 0x0000000086800000|  0%| F|  |TAMS 0x0000000086700000, 0x0000000086700000| Untracked 
|  40|0x0000000086800000, 0x0000000086800000, 0x0000000086900000|  0%| F|  |TAMS 0x0000000086800000, 0x0000000086800000| Untracked 
|  41|0x0000000086900000, 0x0000000086900000, 0x0000000086a00000|  0%| F|  |TAMS 0x0000000086900000, 0x0000000086900000| Untracked 
|  42|0x0000000086a00000, 0x0000000086a00000, 0x0000000086b00000|  0%| F|  |TAMS 0x0000000086a00000, 0x0000000086a00000| Untracked 
|  43|0x0000000086b00000, 0x0000000086b00000, 0x0000000086c00000|  0%| F|  |TAMS 0x0000000086b00000, 0x0000000086b00000| Untracked 
|  44|0x0000000086c00000, 0x0000000086c00000, 0x0000000086d00000|  0%| F|  |TAMS 0x0000000086c00000, 0x0000000086c00000| Untracked 
|  45|0x0000000086d00000, 0x0000000086d00000, 0x0000000086e00000|  0%| F|  |TAMS 0x0000000086d00000, 0x0000000086d00000| Untracked 
|  46|0x0000000086e00000, 0x0000000086e00000, 0x0000000086f00000|  0%| F|  |TAMS 0x0000000086e00000, 0x0000000086e00000| Untracked 
|  47|0x0000000086f00000, 0x0000000086f00000, 0x0000000087000000|  0%| F|  |TAMS 0x0000000086f00000, 0x0000000086f00000| Untracked 
|  48|0x0000000087000000, 0x0000000087000000, 0x0000000087100000|  0%| F|  |TAMS 0x0000000087000000, 0x0000000087000000| Untracked 
|  49|0x0000000087100000, 0x0000000087100000, 0x0000000087200000|  0%| F|  |TAMS 0x0000000087100000, 0x0000000087100000| Untracked 
|  50|0x0000000087200000, 0x0000000087200000, 0x0000000087300000|  0%| F|  |TAMS 0x0000000087200000, 0x0000000087200000| Untracked 
|  51|0x0000000087300000, 0x0000000087300000, 0x0000000087400000|  0%| F|  |TAMS 0x0000000087300000, 0x0000000087300000| Untracked 
|  52|0x0000000087400000, 0x0000000087400000, 0x0000000087500000|  0%| F|  |TAMS 0x0000000087400000, 0x0000000087400000| Untracked 
|  53|0x0000000087500000, 0x0000000087500000, 0x0000000087600000|  0%| F|  |TAMS 0x0000000087500000, 0x0000000087500000| Untracked 
|  54|0x0000000087600000, 0x0000000087600000, 0x0000000087700000|  0%| F|  |TAMS 0x0000000087600000, 0x0000000087600000| Untracked 
|  55|0x0000000087700000, 0x0000000087700000, 0x0000000087800000|  0%| F|  |TAMS 0x0000000087700000, 0x0000000087700000| Untracked 
|  56|0x0000000087800000, 0x0000000087800000, 0x0000000087900000|  0%| F|  |TAMS 0x0000000087800000, 0x0000000087800000| Untracked 
|  57|0x0000000087900000, 0x0000000087900000, 0x0000000087a00000|  0%| F|  |TAMS 0x0000000087900000, 0x0000000087900000| Untracked 
|  58|0x0000000087a00000, 0x0000000087a00000, 0x0000000087b00000|  0%| F|  |TAMS 0x0000000087a00000, 0x0000000087a00000| Untracked 
|  59|0x0000000087b00000, 0x0000000087b00000, 0x0000000087c00000|  0%| F|  |TAMS 0x0000000087b00000, 0x0000000087b00000| Untracked 
|  60|0x0000000087c00000, 0x0000000087c00000, 0x0000000087d00000|  0%| F|  |TAMS 0x0000000087c00000, 0x0000000087c00000| Untracked 
|  61|0x0000000087d00000, 0x0000000087d00000, 0x0000000087e00000|  0%| F|  |TAMS 0x0000000087d00000, 0x0000000087d00000| Untracked 
|  62|0x0000000087e00000, 0x0000000087e00000, 0x0000000087f00000|  0%| F|  |TAMS 0x0000000087e00000, 0x0000000087e00000| Untracked 
|  63|0x0000000087f00000, 0x0000000087f00000, 0x0000000088000000|  0%| F|  |TAMS 0x0000000087f00000, 0x0000000087f00000| Untracked 
|  64|0x0000000088000000, 0x0000000088000000, 0x0000000088100000|  0%| F|  |TAMS 0x0000000088000000, 0x0000000088000000| Untracked 
|  65|0x0000000088100000, 0x0000000088100000, 0x0000000088200000|  0%| F|  |TAMS 0x0000000088100000, 0x0000000088100000| Untracked 
|  66|0x0000000088200000, 0x0000000088200000, 0x0000000088300000|  0%| F|  |TAMS 0x0000000088200000, 0x0000000088200000| Untracked 
|  67|0x0000000088300000, 0x0000000088300000, 0x0000000088400000|  0%| F|  |TAMS 0x0000000088300000, 0x0000000088300000| Untracked 
|  68|0x0000000088400000, 0x0000000088400000, 0x0000000088500000|  0%| F|  |TAMS 0x0000000088400000, 0x0000000088400000| Untracked 
|  69|0x0000000088500000, 0x0000000088500000, 0x0000000088600000|  0%| F|  |TAMS 0x0000000088500000, 0x0000000088500000| Untracked 
|  70|0x0000000088600000, 0x0000000088600000, 0x0000000088700000|  0%| F|  |TAMS 0x0000000088600000, 0x0000000088600000| Untracked 
|  71|0x0000000088700000, 0x0000000088700000, 0x0000000088800000|  0%| F|  |TAMS 0x0000000088700000, 0x0000000088700000| Untracked 
|  72|0x0000000088800000, 0x0000000088800000, 0x0000000088900000|  0%| F|  |TAMS 0x0000000088800000, 0x0000000088800000| Untracked 
|  73|0x0000000088900000, 0x0000000088900000, 0x0000000088a00000|  0%| F|  |TAMS 0x0000000088900000, 0x0000000088900000| Untracked 
|  74|0x0000000088a00000, 0x0000000088a00000, 0x0000000088b00000|  0%| F|  |TAMS 0x0000000088a00000, 0x0000000088a00000| Untracked 
|  75|0x0000000088b00000, 0x0000000088b00000, 0x0000000088c00000|  0%| F|  |TAMS 0x0000000088b00000, 0x0000000088b00000| Untracked 
|  76|0x0000000088c00000, 0x0000000088c00000, 0x0000000088d00000|  0%| F|  |TAMS 0x0000000088c00000, 0x0000000088c00000| Untracked 
|  77|0x0000000088d00000, 0x0000000088d00000, 0x0000000088e00000|  0%| F|  |TAMS 0x0000000088d00000, 0x0000000088d00000| Untracked 
|  78|0x0000000088e00000, 0x0000000088e00000, 0x0000000088f00000|  0%| F|  |TAMS 0x0000000088e00000, 0x0000000088e00000| Untracked 
|  79|0x0000000088f00000, 0x0000000088f00000, 0x0000000089000000|  0%| F|  |TAMS 0x0000000088f00000, 0x0000000088f00000| Untracked 
|  80|0x0000000089000000, 0x0000000089000000, 0x0000000089100000|  0%| F|  |TAMS 0x0000000089000000, 0x0000000089000000| Untracked 
|  81|0x0000000089100000, 0x0000000089100000, 0x0000000089200000|  0%| F|  |TAMS 0x0000000089100000, 0x0000000089100000| Untracked 
|  82|0x0000000089200000, 0x0000000089200000, 0x0000000089300000|  0%| F|  |TAMS 0x0000000089200000, 0x0000000089200000| Untracked 
|  83|0x0000000089300000, 0x0000000089300000, 0x0000000089400000|  0%| F|  |TAMS 0x0000000089300000, 0x0000000089300000| Untracked 
|  84|0x0000000089400000, 0x0000000089400000, 0x0000000089500000|  0%| F|  |TAMS 0x0000000089400000, 0x0000000089400000| Untracked 
|  85|0x0000000089500000, 0x0000000089500000, 0x0000000089600000|  0%| F|  |TAMS 0x0000000089500000, 0x0000000089500000| Untracked 
|  86|0x0000000089600000, 0x0000000089600000, 0x0000000089700000|  0%| F|  |TAMS 0x0000000089600000, 0x0000000089600000| Untracked 
|  87|0x0000000089700000, 0x0000000089700000, 0x0000000089800000|  0%| F|  |TAMS 0x0000000089700000, 0x0000000089700000| Untracked 
|  88|0x0000000089800000, 0x0000000089800000, 0x0000000089900000|  0%| F|  |TAMS 0x0000000089800000, 0x0000000089800000| Untracked 
|  89|0x0000000089900000, 0x0000000089900000, 0x0000000089a00000|  0%| F|  |TAMS 0x0000000089900000, 0x0000000089900000| Untracked 
|  90|0x0000000089a00000, 0x0000000089a00000, 0x0000000089b00000|  0%| F|  |TAMS 0x0000000089a00000, 0x0000000089a00000| Untracked 
|  91|0x0000000089b00000, 0x0000000089b00000, 0x0000000089c00000|  0%| F|  |TAMS 0x0000000089b00000, 0x0000000089b00000| Untracked 
|  92|0x0000000089c00000, 0x0000000089c00000, 0x0000000089d00000|  0%| F|  |TAMS 0x0000000089c00000, 0x0000000089c00000| Untracked 
|  93|0x0000000089d00000, 0x0000000089d00000, 0x0000000089e00000|  0%| F|  |TAMS 0x0000000089d00000, 0x0000000089d00000| Untracked 
|  94|0x0000000089e00000, 0x0000000089e00000, 0x0000000089f00000|  0%| F|  |TAMS 0x0000000089e00000, 0x0000000089e00000| Untracked 
|  95|0x0000000089f00000, 0x0000000089f00000, 0x000000008a000000|  0%| F|  |TAMS 0x0000000089f00000, 0x0000000089f00000| Untracked 
|  96|0x000000008a000000, 0x000000008a000000, 0x000000008a100000|  0%| F|  |TAMS 0x000000008a000000, 0x000000008a000000| Untracked 
|  97|0x000000008a100000, 0x000000008a100000, 0x000000008a200000|  0%| F|  |TAMS 0x000000008a100000, 0x000000008a100000| Untracked 
|  98|0x000000008a200000, 0x000000008a200000, 0x000000008a300000|  0%| F|  |TAMS 0x000000008a200000, 0x000000008a200000| Untracked 
|  99|0x000000008a300000, 0x000000008a300000, 0x000000008a400000|  0%| F|  |TAMS 0x000000008a300000, 0x000000008a300000| Untracked 
| 100|0x000000008a400000, 0x000000008a400000, 0x000000008a500000|  0%| F|  |TAMS 0x000000008a400000, 0x000000008a400000| Untracked 
| 101|0x000000008a500000, 0x000000008a500000, 0x000000008a600000|  0%| F|  |TAMS 0x000000008a500000, 0x000000008a500000| Untracked 
| 102|0x000000008a600000, 0x000000008a600000, 0x000000008a700000|  0%| F|  |TAMS 0x000000008a600000, 0x000000008a600000| Untracked 
| 103|0x000000008a700000, 0x000000008a700000, 0x000000008a800000|  0%| F|  |TAMS 0x000000008a700000, 0x000000008a700000| Untracked 
| 104|0x000000008a800000, 0x000000008a800000, 0x000000008a900000|  0%| F|  |TAMS 0x000000008a800000, 0x000000008a800000| Untracked 
| 105|0x000000008a900000, 0x000000008a900000, 0x000000008aa00000|  0%| F|  |TAMS 0x000000008a900000, 0x000000008a900000| Untracked 
| 106|0x000000008aa00000, 0x000000008aa00000, 0x000000008ab00000|  0%| F|  |TAMS 0x000000008aa00000, 0x000000008aa00000| Untracked 
| 107|0x000000008ab00000, 0x000000008ac00000, 0x000000008ac00000|100%| E|  |TAMS 0x000000008ab00000, 0x000000008ab00000| Complete 
| 108|0x000000008ac00000, 0x000000008ad00000, 0x000000008ad00000|100%| E|CS|TAMS 0x000000008ac00000, 0x000000008ac00000| Complete 
| 109|0x000000008ad00000, 0x000000008ae00000, 0x000000008ae00000|100%| E|CS|TAMS 0x000000008ad00000, 0x000000008ad00000| Complete 
| 110|0x000000008ae00000, 0x000000008af00000, 0x000000008af00000|100%| E|CS|TAMS 0x000000008ae00000, 0x000000008ae00000| Complete 
| 111|0x000000008af00000, 0x000000008b000000, 0x000000008b000000|100%| E|CS|TAMS 0x000000008af00000, 0x000000008af00000| Complete 
| 112|0x000000008b000000, 0x000000008b100000, 0x000000008b100000|100%| E|CS|TAMS 0x000000008b000000, 0x000000008b000000| Complete 
| 113|0x000000008b100000, 0x000000008b200000, 0x000000008b200000|100%| E|CS|TAMS 0x000000008b100000, 0x000000008b100000| Complete 
| 114|0x000000008b200000, 0x000000008b300000, 0x000000008b300000|100%| E|CS|TAMS 0x000000008b200000, 0x000000008b200000| Complete 
| 115|0x000000008b300000, 0x000000008b400000, 0x000000008b400000|100%| E|CS|TAMS 0x000000008b300000, 0x000000008b300000| Complete 
| 116|0x000000008b400000, 0x000000008b500000, 0x000000008b500000|100%| E|CS|TAMS 0x000000008b400000, 0x000000008b400000| Complete 
| 117|0x000000008b500000, 0x000000008b600000, 0x000000008b600000|100%| E|CS|TAMS 0x000000008b500000, 0x000000008b500000| Complete 
| 118|0x000000008b600000, 0x000000008b700000, 0x000000008b700000|100%| E|CS|TAMS 0x000000008b600000, 0x000000008b600000| Complete 
| 119|0x000000008b700000, 0x000000008b800000, 0x000000008b800000|100%| E|CS|TAMS 0x000000008b700000, 0x000000008b700000| Complete 
| 120|0x000000008b800000, 0x000000008b900000, 0x000000008b900000|100%| E|CS|TAMS 0x000000008b800000, 0x000000008b800000| Complete 
| 121|0x000000008b900000, 0x000000008ba00000, 0x000000008ba00000|100%| E|CS|TAMS 0x000000008b900000, 0x000000008b900000| Complete 
| 122|0x000000008ba00000, 0x000000008bb00000, 0x000000008bb00000|100%| E|CS|TAMS 0x000000008ba00000, 0x000000008ba00000| Complete 
| 123|0x000000008bb00000, 0x000000008bc00000, 0x000000008bc00000|100%| E|CS|TAMS 0x000000008bb00000, 0x000000008bb00000| Complete 

Card table byte_map: [0x000001ab73760000,0x000001ab73b40000] _byte_map_base: 0x000001ab73340000

Marking Bits (Prev, Next): (CMBitMap*) 0x000001ab5c147560, (CMBitMap*) 0x000001ab5c1475a0
 Prev Bits: [0x000001ab73f20000, 0x000001ab75e20000)
 Next Bits: [0x000001ab75e20000, 0x000001ab77d20000)

Polling page: 0x000001ab5a050000

Metaspace:

Usage:
  Non-class:      6.99 MB used.
      Class:    886.55 KB used.
       Both:      7.85 MB used.

Virtual space:
  Non-class space:       64.00 MB reserved,       7.06 MB ( 11%) committed,  1 nodes.
      Class space:        1.00 GB reserved,       1.00 MB ( <1%) committed,  1 nodes.
             Both:        1.06 GB reserved,       8.06 MB ( <1%) committed. 

Chunk freelists:
   Non-Class:  0 bytes
       Class:  3.04 MB
        Both:  3.04 MB

MaxMetaspaceSize: unlimited
CompressedClassSpaceSize: 1.00 GB
Initial GC threshold: 21.00 MB
Current GC threshold: 21.00 MB
CDS: on
MetaspaceReclaimPolicy: balanced
 - commit_granule_bytes: 65536.
 - commit_granule_words: 8192.
 - virtual_space_node_default_size: 8388608.
 - enlarge_chunks_in_place: 1.
 - new_chunks_are_fully_committed: 0.
 - uncommit_free_chunks: 1.
 - use_allocation_guard: 0.


Internal statistics:

num_allocs_failed_limit: 0.
num_arena_births: 152.
num_arena_deaths: 0.
num_vsnodes_births: 2.
num_vsnodes_deaths: 0.
num_space_committed: 129.
num_space_uncommitted: 0.
num_chunks_returned_to_freelist: 0.
num_chunks_taken_from_freelist: 169.
num_chunk_merges: 0.
num_chunk_splits: 114.
num_chunks_enlarged: 74.
num_inconsistent_stats: 0.

CodeHeap 'non-profiled nmethods': size=120000Kb used=308Kb max_used=308Kb free=119691Kb
 bounds [0x000001ab6bb20000, 0x000001ab6bd90000, 0x000001ab73050000]
CodeHeap 'profiled nmethods': size=120000Kb used=1656Kb max_used=1656Kb free=118343Kb
 bounds [0x000001ab64050000, 0x000001ab642c0000, 0x000001ab6b580000]
CodeHeap 'non-nmethods': size=5760Kb used=1382Kb max_used=1399Kb free=4377Kb
 bounds [0x000001ab6b580000, 0x000001ab6b7f0000, 0x000001ab6bb20000]
 total_blobs=1689 nmethods=1075 adapters=525
 compilation: enabled
              stopped_count=0, restarted_count=0
 full_count=0

Compilation events (20 events):
Event: 0.420 Thread 0x000001ab7a767bc0 1048       4       jdk.internal.misc.Unsafe::getCharUnaligned (12 bytes)
Event: 0.420 Thread 0x000001ab7a767bc0 nmethod 1048 0x000001ab6bb6b710 code [0x000001ab6bb6b8a0, 0x000001ab6bb6b958]
Event: 0.421 Thread 0x000001ab7a76e240 1049       3       java.util.concurrent.locks.ReentrantLock::unlock (10 bytes)
Event: 0.421 Thread 0x000001ab7a76e240 nmethod 1049 0x000001ab641e2a10 code [0x000001ab641e2be0, 0x000001ab641e2eb8]
Event: 0.425 Thread 0x000001ab7a76e240 1051       3       sun.awt.AWTAccessor::getComponentAccessor (15 bytes)
Event: 0.425 Thread 0x000001ab7a76e240 nmethod 1051 0x000001ab641e3010 code [0x000001ab641e3220, 0x000001ab641e3698]
Event: 0.425 Thread 0x000001ab7a76e240 1052       3       java.lang.Math::ceil (5 bytes)
Event: 0.426 Thread 0x000001ab7a76e240 nmethod 1052 0x000001ab641e3910 code [0x000001ab641e3ac0, 0x000001ab641e3bc8]
Event: 0.426 Thread 0x000001ab7a76e240 1053       3       java.lang.StrictMath::ceil (10 bytes)
Event: 0.426 Thread 0x000001ab7a76e240 nmethod 1053 0x000001ab641e3c90 code [0x000001ab641e3e60, 0x000001ab641e3f88]
Event: 0.426 Thread 0x000001ab7a76e240 1054       1       java.util.EventObject::getSource (5 bytes)
Event: 0.426 Thread 0x000001ab7a76e240 nmethod 1054 0x000001ab6bb6bd10 code [0x000001ab6bb6bea0, 0x000001ab6bb6bf58]
Event: 0.426 Thread 0x000001ab7a76e240 1055       1       java.awt.AWTEvent::getID (5 bytes)
Event: 0.426 Thread 0x000001ab7a76e240 nmethod 1055 0x000001ab6bb6c010 code [0x000001ab6bb6c1a0, 0x000001ab6bb6c258]
Event: 0.426 Thread 0x000001ab7a76e240 1056       3       java.lang.Double::isNaN (12 bytes)
Event: 0.426 Thread 0x000001ab7a76e240 nmethod 1056 0x000001ab641e4010 code [0x000001ab641e41a0, 0x000001ab641e4318]
Event: 0.426 Thread 0x000001ab7a76e240 1057       1       javax.swing.text.GapVector::getGapStart (5 bytes)
Event: 0.426 Thread 0x000001ab7a76e240 nmethod 1057 0x000001ab6bb6c310 code [0x000001ab6bb6c4a0, 0x000001ab6bb6c558]
Event: 0.426 Thread 0x000001ab7a76e240 1058       1       javax.swing.text.GapVector::getGapEnd (5 bytes)
Event: 0.426 Thread 0x000001ab7a76e240 nmethod 1058 0x000001ab6bb6c610 code [0x000001ab6bb6c7a0, 0x000001ab6bb6c858]

GC Heap History (0 events):
No events

Dll operation events (10 events):
Event: 0.005 Loaded shared library D:\New Backup\bin\java.dll
Event: 0.013 Loaded shared library D:\New Backup\bin\jsvml.dll
Event: 0.044 Loaded shared library D:\New Backup\bin\net.dll
Event: 0.045 Loaded shared library D:\New Backup\bin\nio.dll
Event: 0.060 Loaded shared library D:\New Backup\bin\zip.dll
Event: 0.069 Loaded shared library D:\New Backup\bin\jimage.dll
Event: 0.079 Loaded shared library D:\New Backup\bin\awt.dll
Event: 0.181 Loaded shared library D:\New Backup\bin\javajpeg.dll
Event: 0.220 Loaded shared library D:\New Backup\bin\freetype.dll
Event: 0.220 Loaded shared library D:\New Backup\bin\fontmanager.dll

Deoptimization events (20 events):
Event: 0.139 Thread 0x000001ab5c0e8490 Uncommon trap: trap_request=0xffffff45 fr.pc=0x000001ab6bb2fa40 relative=0x0000000000000a20
Event: 0.139 Thread 0x000001ab5c0e8490 Uncommon trap: reason=unstable_if action=reinterpret pc=0x000001ab6bb2fa40 method=java.util.HashMap.putVal(ILjava/lang/Object;Ljava/lang/Object;ZZ)Ljava/lang/Object; @ 236 c2
Event: 0.139 Thread 0x000001ab5c0e8490 DEOPT PACKING pc=0x000001ab6bb2fa40 sp=0x000000248f1fdd70
Event: 0.139 Thread 0x000001ab5c0e8490 DEOPT UNPACKING pc=0x000001ab6b5ea5a3 sp=0x000000248f1fdd28 mode 2
Event: 0.307 Thread 0x000001ab7f7a2aa0 Uncommon trap: trap_request=0xffffff45 fr.pc=0x000001ab6bb5913c relative=0x000000000000047c
Event: 0.307 Thread 0x000001ab7f7a2aa0 Uncommon trap: reason=unstable_if action=reinterpret pc=0x000001ab6bb5913c method=java.lang.StringLatin1.toLowerCase(Ljava/lang/String;[BLjava/util/Locale;)Ljava/lang/String; @ 43 c2
Event: 0.307 Thread 0x000001ab7f7a2aa0 DEOPT PACKING pc=0x000001ab6bb5913c sp=0x00000024909fcff0
Event: 0.307 Thread 0x000001ab7f7a2aa0 DEOPT UNPACKING pc=0x000001ab6b5ea5a3 sp=0x00000024909fcf60 mode 2
Event: 0.355 Thread 0x000001ab7f7a2aa0 DEOPT PACKING pc=0x000001ab64068be7 sp=0x00000024909fc850
Event: 0.355 Thread 0x000001ab7f7a2aa0 DEOPT UNPACKING pc=0x000001ab6b5eb0e3 sp=0x00000024909fbc70 mode 0
Event: 0.382 Thread 0x000001ab7f7a2aa0 Uncommon trap: trap_request=0xffffff45 fr.pc=0x000001ab6bb2a6b4 relative=0x0000000000000094
Event: 0.382 Thread 0x000001ab7f7a2aa0 Uncommon trap: reason=unstable_if action=reinterpret pc=0x000001ab6bb2a6b4 method=java.lang.String.isLatin1()Z @ 10 c2
Event: 0.383 Thread 0x000001ab7f7a2aa0 DEOPT PACKING pc=0x000001ab6bb2a6b4 sp=0x00000024909fd030
Event: 0.383 Thread 0x000001ab7f7a2aa0 DEOPT UNPACKING pc=0x000001ab6b5ea5a3 sp=0x00000024909fcf60 mode 2
Event: 0.383 Thread 0x000001ab7f7a2aa0 DEOPT PACKING pc=0x000001ab6405e7d1 sp=0x00000024909fcad0
Event: 0.383 Thread 0x000001ab7f7a2aa0 DEOPT UNPACKING pc=0x000001ab6b5eb0e3 sp=0x00000024909fbf48 mode 0
Event: 0.398 Thread 0x000001ab7f7a2aa0 Uncommon trap: trap_request=0xffffff45 fr.pc=0x000001ab6bb67418 relative=0x00000000000003d8
Event: 0.398 Thread 0x000001ab7f7a2aa0 Uncommon trap: reason=unstable_if action=reinterpret pc=0x000001ab6bb67418 method=java.lang.Character.isSurrogate(C)Z @ 3 c2
Event: 0.398 Thread 0x000001ab7f7a2aa0 DEOPT PACKING pc=0x000001ab6bb67418 sp=0x00000024909fcd00
Event: 0.398 Thread 0x000001ab7f7a2aa0 DEOPT UNPACKING pc=0x000001ab6b5ea5a3 sp=0x00000024909fcc18 mode 2

Classes loaded (20 events):
Event: 0.420 Loading class java/awt/PrintGraphics
Event: 0.420 Loading class java/awt/PrintGraphics done
Event: 0.420 Loading class sun/java2d/loops/FontInfo
Event: 0.421 Loading class sun/java2d/loops/FontInfo done
Event: 0.421 Loading class javax/swing/plaf/metal/MetalUtils
Event: 0.421 Loading class javax/swing/plaf/metal/MetalUtils done
Event: 0.421 Loading class javax/swing/JToolBar
Event: 0.421 Loading class javax/swing/JToolBar done
Event: 0.424 Loading class javax/swing/text/SegmentCache
Event: 0.424 Loading class javax/swing/text/SegmentCache done
Event: 0.424 Loading class javax/swing/text/SegmentCache$CachedSegment
Event: 0.424 Loading class javax/swing/text/Segment
Event: 0.424 Loading class java/text/CharacterIterator
Event: 0.424 Loading class java/text/CharacterIterator done
Event: 0.424 Loading class javax/swing/text/Segment done
Event: 0.424 Loading class javax/swing/text/SegmentCache$CachedSegment done
Event: 0.424 Loading class javax/swing/text/Utilities
Event: 0.425 Loading class javax/swing/text/Utilities done
Event: 0.425 Loading class javax/swing/event/ChangeEvent
Event: 0.425 Loading class javax/swing/event/ChangeEvent done

Classes unloaded (0 events):
No events

Classes redefined (0 events):
No events

Internal exceptions (18 events):
Event: 0.046 Thread 0x000001ab5c0e8490 Exception <a 'sun/nio/fs/WindowsException'{0x000000008ba45610}> (0x000000008ba45610) 
thrown [s\open\src\hotspot\share\prims\jni.cpp, line 517]
Event: 0.046 Thread 0x000001ab5c0e8490 Exception <a 'sun/nio/fs/WindowsException'{0x000000008ba45ba0}> (0x000000008ba45ba0) 
thrown [s\open\src\hotspot\share\prims\jni.cpp, line 517]
Event: 0.048 Thread 0x000001ab5c0e8490 Exception <a 'sun/nio/fs/WindowsException'{0x000000008ba49350}> (0x000000008ba49350) 
thrown [s\open\src\hotspot\share\prims\jni.cpp, line 517]
Event: 0.073 Thread 0x000001ab5c0e8490 Exception <a 'java/lang/ClassNotFoundException'{0x000000008b995f90}: sun/awt/resources/spi/awtProvider> (0x000000008b995f90) 
thrown [s\open\src\hotspot\share\classfile\systemDictionary.cpp, line 255]
Event: 0.089 Thread 0x000001ab5c0e8490 Exception <a 'java/io/FileNotFoundException'{0x000000008b9ed500}> (0x000000008b9ed500) 
thrown [s\open\src\hotspot\share\prims\jni.cpp, line 517]
Event: 0.093 Thread 0x000001ab5c0e8490 Exception <a 'java/io/FileNotFoundException'{0x000000008b81a158}> (0x000000008b81a158) 
thrown [s\open\src\hotspot\share\prims\jni.cpp, line 517]
Event: 0.118 Thread 0x000001ab5c0e8490 Exception <a 'java/lang/NoSuchMethodError'{0x000000008b85ea20}: 'java.lang.Object java.lang.invoke.DirectMethodHandle$Holder.invokeStaticInit(java.lang.Object)'> (0x000000008b85ea20) 
thrown [s\open\src\hotspot\share\interpreter\linkResolver.cpp, line 774]
Event: 0.141 Thread 0x000001ab5c0e8490 Exception <a 'java/lang/NoSuchMethodError'{0x000000008b73d0b0}: 'void java.lang.invoke.DirectMethodHandle$Holder.invokeSpecial(java.lang.Object, java.lang.Object, java.lang.Object)'> (0x000000008b73d0b0) 
thrown [s\open\src\hotspot\share\interpreter\linkResolver.cpp, line 774]
Event: 0.146 Thread 0x000001ab5c0e8490 Exception <a 'java/lang/NoSuchMethodError'{0x000000008b767bb0}: 'java.lang.Object java.lang.invoke.DirectMethodHandle$Holder.newInvokeSpecial(java.lang.Object, java.lang.Object, java.lang.Object, java.lang.Object, java.lang.Object)'> (0x000000008b767bb0) 
thrown [s\open\src\hotspot\share\interpreter\linkResolver.cpp, line 774]
Event: 0.152 Thread 0x000001ab5c0e8490 Exception <a 'java/lang/NoSuchMethodError'{0x000000008b7994f0}: 'java.lang.Object java.lang.invoke.DirectMethodHandle$Holder.invokeStatic(java.lang.Object, int, java.lang.Object)'> (0x000000008b7994f0) 
thrown [s\open\src\hotspot\share\interpreter\linkResolver.cpp, line 774]
Event: 0.168 Thread 0x000001ab5c0e8490 Exception <a 'java/lang/ClassNotFoundException'{0x000000008b654e60}: com/sun/swing/internal/plaf/metal/resources/spi/metalProvider> (0x000000008b654e60) 
thrown [s\open\src\hotspot\share\classfile\systemDictionary.cpp, line 255]
Event: 0.169 Thread 0x000001ab5c0e8490 Exception <a 'java/lang/ClassNotFoundException'{0x000000008b658d90}: com/sun/swing/internal/plaf/basic/resources/spi/basicProvider> (0x000000008b658d90) 
thrown [s\open\src\hotspot\share\classfile\systemDictionary.cpp, line 255]
Event: 0.174 Thread 0x000001ab5c0e8490 Exception <a 'java/lang/NoSuchMethodError'{0x000000008b678c20}: 'int java.lang.invoke.Invokers$Holder.invokeExact_MT(java.lang.Object, java.lang.Object)'> (0x000000008b678c20) 
thrown [s\open\src\hotspot\share\interpreter\linkResolver.cpp, line 774]
Event: 0.182 Thread 0x000001ab7a75b720 Exception <a 'java/lang/NoSuchMethodError'{0x000000008b6f7e48}: 'java.lang.Object java.lang.invoke.DirectMethodHandle$Holder.newInvokeSpecial(java.lang.Object, java.lang.Object, java.lang.Object, int, int, int, int, int)'> (0x000000008b6f7e48) 
thrown [s\open\src\hotspot\share\interpreter\linkResolver.cpp, line 774]
Event: 0.183 Thread 0x000001ab7a75b720 Exception <a 'sun/awt/image/ImageFormatException'{0x000000008b507d88}: Insufficient memory (case 4)> (0x000000008b507d88) 
thrown [s\open\src\hotspot\share\prims\jni.cpp, line 536]
Event: 0.186 Thread 0x000001ab7a75b720 Exception <a 'sun/awt/image/ImageFormatException'{0x000000008b513108}: Insufficient memory (case 4)> (0x000000008b513108) 
thrown [s\open\src\hotspot\share\prims\jni.cpp, line 536]
Event: 0.206 Thread 0x000001ab7a75bc70 Exception <a 'java/lang/NoSuchMethodError'{0x000000008b8fb8e8}: 'void java.lang.invoke.DirectMethodHandle$Holder.invokeVirtual(java.lang.Object, java.lang.Object)'> (0x000000008b8fb8e8) 
thrown [s\open\src\hotspot\share\interpreter\linkResolver.cpp, line 774]
Event: 0.217 Thread 0x000001ab5c0e8490 Exception <a 'java/lang/NoSuchMethodError'{0x000000008b6cf2d8}: 'void java.lang.invoke.DirectMethodHandle$Holder.invokeStaticInit(java.lang.Object)'> (0x000000008b6cf2d8) 
thrown [s\open\src\hotspot\share\interpreter\linkResolver.cpp, line 774]

VM Operations (6 events):
Event: 0.049 Executing VM operation: HandshakeAllThreads
Event: 0.049 Executing VM operation: HandshakeAllThreads done
Event: 0.098 Executing VM operation: HandshakeAllThreads
Event: 0.098 Executing VM operation: HandshakeAllThreads done
Event: 0.176 Executing VM operation: HandshakeAllThreads
Event: 0.176 Executing VM operation: HandshakeAllThreads done

Events (20 events):
Event: 0.013 Thread 0x000001ab5c0e8490 Thread added: 0x000001ab5c0e8490
Event: 0.022 Thread 0x000001ab7a751140 Thread added: 0x000001ab7a751140
Event: 0.022 Thread 0x000001ab7a7538a0 Thread added: 0x000001ab7a7538a0
Event: 0.022 Thread 0x000001ab7a75d1b0 Thread added: 0x000001ab7a75d1b0
Event: 0.022 Thread 0x000001ab7a75c710 Thread added: 0x000001ab7a75c710
Event: 0.022 Thread 0x000001ab7a75b1d0 Thread added: 0x000001ab7a75b1d0
Event: 0.022 Thread 0x000001ab7a75c1c0 Thread added: 0x000001ab7a75c1c0
Event: 0.022 Thread 0x000001ab7a767bc0 Thread added: 0x000001ab7a767bc0
Event: 0.022 Thread 0x000001ab7a76e240 Thread added: 0x000001ab7a76e240
Event: 0.022 Thread 0x000001ab7a75d700 Thread added: 0x000001ab7a75d700
Event: 0.037 Thread 0x000001ab7a75a1e0 Thread added: 0x000001ab7a75a1e0
Event: 0.057 Thread 0x000001ab7a75a730 Thread added: 0x000001ab7a75a730
Event: 0.061 Thread 0x000001ab7eaa4d80 Thread added: 0x000001ab7eaa4d80
Event: 0.118 Thread 0x000001ab7a75cc60 Thread added: 0x000001ab7a75cc60
Event: 0.119 Thread 0x000001ab7a75ac80 Thread added: 0x000001ab7a75ac80
Event: 0.120 Thread 0x000001ab7a75bc70 Thread added: 0x000001ab7a75bc70
Event: 0.180 Thread 0x000001ab7a75b720 Thread added: 0x000001ab7a75b720
Event: 0.207 Thread 0x000001ab7f7a2aa0 Thread added: 0x000001ab7f7a2aa0
Event: 0.268 Thread 0x000001ab5c0e8490 Thread exited: 0x000001ab5c0e8490
Event: 0.268 Thread 0x000001ab7f7a0ac0 Thread added: 0x000001ab7f7a0ac0


Dynamic libraries:
0x00007ff6446c0000 - 0x00007ff6446d0000 	D:\New Backup\bin\java.exe
0x00007ffdc4e10000 - 0x00007ffdc5024000 	C:\WINDOWS\SYSTEM32\ntdll.dll
0x00007ffdc3d20000 - 0x00007ffdc3de2000 	C:\WINDOWS\System32\KERNEL32.DLL
0x00007ffdc26d0000 - 0x00007ffdc2a6c000 	C:\WINDOWS\System32\KERNELBASE.dll
0x00007ffdc23a0000 - 0x00007ffdc24b1000 	C:\WINDOWS\System32\ucrtbase.dll
0x00007ffdbe570000 - 0x00007ffdbe58b000 	D:\New Backup\bin\VCRUNTIME140.dll
0x00007ffdba620000 - 0x00007ffdba638000 	D:\New Backup\bin\jli.dll
0x00007ffdc4d20000 - 0x00007ffdc4dce000 	C:\WINDOWS\System32\ADVAPI32.dll
0x00007ffdc3df0000 - 0x00007ffdc3e97000 	C:\WINDOWS\System32\msvcrt.dll
0x00007ffdc3ec0000 - 0x00007ffdc3f64000 	C:\WINDOWS\System32\sechost.dll
0x00007ffdc33f0000 - 0x00007ffdc3507000 	C:\WINDOWS\System32\RPCRT4.dll
0x00007ffdc44b0000 - 0x00007ffdc465b000 	C:\WINDOWS\System32\USER32.dll
0x00007ffdc2250000 - 0x00007ffdc2276000 	C:\WINDOWS\System32\win32u.dll
0x00007ffda1760000 - 0x00007ffda19ee000 	C:\WINDOWS\WinSxS\amd64_microsoft.windows.common-controls_6595b64144ccf1df_6.0.22621.608_none_a9444ca7c10bb01d\COMCTL32.dll
0x00007ffdc2e20000 - 0x00007ffdc2e49000 	C:\WINDOWS\System32\GDI32.dll
0x00007ffdc2280000 - 0x00007ffdc2393000 	C:\WINDOWS\System32\gdi32full.dll
0x00007ffdc2630000 - 0x00007ffdc26ca000 	C:\WINDOWS\System32\msvcp_win.dll
0x00007ffdb7d20000 - 0x00007ffdb7d2a000 	C:\WINDOWS\SYSTEM32\VERSION.dll
0x00007ffdc4310000 - 0x00007ffdc4341000 	C:\WINDOWS\System32\IMM32.DLL
0x00007ffdbe4f0000 - 0x00007ffdbe4fc000 	D:\New Backup\bin\vcruntime140_1.dll
0x00007ffd8b7c0000 - 0x00007ffd8b84e000 	D:\New Backup\bin\msvcp140.dll
0x00007ffd56470000 - 0x00007ffd57130000 	D:\New Backup\bin\server\jvm.dll
0x00007ffdad420000 - 0x00007ffdad454000 	C:\WINDOWS\SYSTEM32\WINMM.dll
0x00007ffdbe560000 - 0x00007ffdbe569000 	C:\WINDOWS\SYSTEM32\WSOCK32.dll
0x00007ffdc3110000 - 0x00007ffdc3181000 	C:\WINDOWS\System32\WS2_32.dll
0x00007ffdc12a0000 - 0x00007ffdc12b8000 	C:\WINDOWS\SYSTEM32\kernel.appcore.dll
0x00007ffdbe4e0000 - 0x00007ffdbe4ea000 	D:\New Backup\bin\jimage.dll
0x00007ffdbfd30000 - 0x00007ffdbff5e000 	C:\WINDOWS\SYSTEM32\DBGHELP.DLL
0x00007ffdc3f80000 - 0x00007ffdc4309000 	C:\WINDOWS\System32\combase.dll
0x00007ffdc3190000 - 0x00007ffdc3267000 	C:\WINDOWS\System32\OLEAUT32.dll
0x00007ffda4a80000 - 0x00007ffda4ab2000 	C:\WINDOWS\SYSTEM32\dbgcore.DLL
0x00007ffdc2a70000 - 0x00007ffdc2aeb000 	C:\WINDOWS\System32\bcryptPrimitives.dll
0x00007ffda5ce0000 - 0x00007ffda5d06000 	D:\New Backup\bin\java.dll
0x00007ffd7f660000 - 0x00007ffd7f737000 	D:\New Backup\bin\jsvml.dll
0x00007ffdc3530000 - 0x00007ffdc3d20000 	C:\WINDOWS\System32\SHELL32.dll
0x00007ffdc0260000 - 0x00007ffdc0b2d000 	C:\WINDOWS\SYSTEM32\windows.storage.dll
0x00007ffdc0120000 - 0x00007ffdc025e000 	C:\WINDOWS\SYSTEM32\wintypes.dll
0x00007ffdc2cb0000 - 0x00007ffdc2da1000 	C:\WINDOWS\System32\SHCORE.dll
0x00007ffdc2db0000 - 0x00007ffdc2e0e000 	C:\WINDOWS\System32\shlwapi.dll
0x00007ffdc2180000 - 0x00007ffdc21a1000 	C:\WINDOWS\SYSTEM32\profapi.dll
0x00007ffdba0d0000 - 0x00007ffdba0e3000 	D:\New Backup\bin\net.dll
0x00007ffdb9f30000 - 0x00007ffdba067000 	C:\WINDOWS\SYSTEM32\WINHTTP.dll
0x00007ffdc1710000 - 0x00007ffdc1779000 	C:\WINDOWS\system32\mswsock.dll
0x00007ffda5cc0000 - 0x00007ffda5cd6000 	D:\New Backup\bin\nio.dll
0x00007ffda5ca0000 - 0x00007ffda5cb8000 	D:\New Backup\bin\zip.dll
0x00007ffd7f4c0000 - 0x00007ffd7f651000 	D:\New Backup\bin\awt.dll
0x00007ffdbf310000 - 0x00007ffdbf3a6000 	C:\WINDOWS\SYSTEM32\apphelp.dll
0x00007ffdbf800000 - 0x00007ffdbf82b000 	C:\WINDOWS\system32\DWMAPI.DLL
0x00007ffdbf3f0000 - 0x00007ffdbf49b000 	C:\WINDOWS\system32\uxtheme.dll
0x00007ffd99360000 - 0x00007ffd99460000 	C:\WINDOWS\system32\opengl32.dll
0x00007ffd9a450000 - 0x00007ffd9a47d000 	C:\WINDOWS\SYSTEM32\GLU32.dll
0x00007ffdbf5c0000 - 0x00007ffdbf5f6000 	C:\WINDOWS\SYSTEM32\dxcore.dll
0x00007ffdc3270000 - 0x00007ffdc338e000 	C:\WINDOWS\System32\MSCTF.dll
0x00007ffdc4660000 - 0x00007ffdc47fc000 	C:\WINDOWS\System32\ole32.dll
0x00007ffda7f80000 - 0x00007ffda7fae000 	D:\New Backup\bin\javajpeg.dll
0x00007ffd7f430000 - 0x00007ffd7f4b6000 	D:\New Backup\bin\freetype.dll
0x00007ffd7ce90000 - 0x00007ffd7cf56000 	D:\New Backup\bin\fontmanager.dll
0x00007ffdc4400000 - 0x00007ffdc44b0000 	C:\WINDOWS\System32\clbcatq.dll
0x00007ffdbe590000 - 0x00007ffdbe740000 	C:\WINDOWS\SYSTEM32\WindowsCodecs.dll
0x00007ffd923e0000 - 0x00007ffd9243e000 	C:\WINDOWS\system32\dataexchange.dll
0x00007ffdb8040000 - 0x00007ffdb82aa000 	C:\WINDOWS\system32\twinapi.appcore.dll
0x00007ffda5f50000 - 0x00007ffda607e000 	C:\WINDOWS\SYSTEM32\textinputframework.dll
0x00007ffdbf190000 - 0x00007ffdbf2c3000 	C:\WINDOWS\SYSTEM32\CoreMessaging.dll
0x00007ffdb9760000 - 0x00007ffdb9acc000 	C:\WINDOWS\SYSTEM32\CoreUIComponents.dll
0x00007ffdc1970000 - 0x00007ffdc197c000 	C:\WINDOWS\SYSTEM32\CRYPTBASE.DLL

dbghelp: loaded successfully - version: 4.0.5 - missing functions: none
symbol engine: initialized successfully - sym options: 0x614 - pdb path: .;D:\New Backup\bin;C:\WINDOWS\SYSTEM32;C:\WINDOWS\WinSxS\amd64_microsoft.windows.common-controls_6595b64144ccf1df_6.0.22621.608_none_a9444ca7c10bb01d;D:\New Backup\bin\server

VM Arguments:
jvm_args: -Dfile.encoding=UTF-8 --module-path=C:\Users\hp\OneDrive\Documents\NetBeansProjects\FITNESS_CLUB_PROJECT\build\classes 
java_command: PRACTICE
java_class_path (initial): C:\Users\hp\Downloads\mysql-connector-j-8.0.33\mysql-connector-j-8.0.33\mysql-connector-j-8.0.33.jar;C:\Users\hp\OneDrive\Documents\NetBeansProjects\FITNESS_CLUB_PROJECT\build\classes
Launcher Type: SUN_STANDARD

[Global flags]
     intx CICompilerCount                          = 4                                         {product} {ergonomic}
     uint ConcGCThreads                            = 2                                         {product} {ergonomic}
     uint G1ConcRefinementThreads                  = 8                                         {product} {ergonomic}
   size_t G1HeapRegionSize                         = 1048576                                   {product} {ergonomic}
    uintx GCDrainStackTargetSize                   = 64                                        {product} {ergonomic}
   size_t InitialHeapSize                          = 130023424                                 {product} {ergonomic}
   size_t MarkStackSize                            = 4194304                                   {product} {ergonomic}
   size_t MaxHeapSize                              = 2080374784                                {product} {ergonomic}
   size_t MaxNewSize                               = 1247805440                                {product} {ergonomic}
   size_t MinHeapDeltaBytes                        = 1048576                                   {product} {ergonomic}
   size_t MinHeapSize                              = 8388608                                   {product} {ergonomic}
    uintx NonNMethodCodeHeapSize                   = 5839372                                {pd product} {ergonomic}
    uintx NonProfiledCodeHeapSize                  = 122909434                              {pd product} {ergonomic}
    uintx ProfiledCodeHeapSize                     = 122909434                              {pd product} {ergonomic}
    uintx ReservedCodeCacheSize                    = 251658240                              {pd product} {ergonomic}
     bool SegmentedCodeCache                       = true                                      {product} {ergonomic}
   size_t SoftMaxHeapSize                          = 2080374784                             {manageable} {ergonomic}
     bool UseCompressedClassPointers               = true                           {product lp64_product} {ergonomic}
     bool UseCompressedOops                        = true                           {product lp64_product} {ergonomic}
     bool UseG1GC                                  = true                                      {product} {ergonomic}
     bool UseLargePagesIndividualAllocation        = false                                  {pd product} {ergonomic}

Logging:
Log output configuration:
 #0: stdout all=warning uptime,level,tags foldmultilines=false
 #1: stderr all=off uptime,level,tags foldmultilines=false

Environment Variables:
PATH=C:\Program Files\Common Files\Oracle\Java\javapath;C:\WINDOWS\system32;C:\WINDOWS;C:\WINDOWS\System32\Wbem;C:\WINDOWS\System32\WindowsPowerShell\v1.0\;C:\WINDOWS\System32\OpenSSH\;C:\Program Files (x86)\Microsoft SQL Server\160\Tools\Binn\;C:\Program Files\Microsoft SQL Server\160\Tools\Binn\;C:\Program Files\Microsoft SQL Server\Client SDK\ODBC\170\Tools\Binn\;C:\Program Files\Microsoft SQL Server\160\DTS\Binn\;C:\Program Files\dotnet\;C:\Program Files\Microsoft SQL Server\150\Tools\Binn\;C:\Program Files\MySQL\MySQL Server 8.0\bin;C:\Program Files\MySQL\MySQL Shell 8.0\bin\;C:\Users\hp\AppData\Local\Microsoft\WindowsApps;D:\Microsoft VS Code\bin;C:\Users\hp\.dotnet\tools;C:\MinGW\bin;
USERNAME=hp
OS=Windows_NT
PROCESSOR_IDENTIFIER=Intel64 Family 6 Model 140 Stepping 1, GenuineIntel
TMP=C:\Users\hp\AppData\Local\Temp
TEMP=C:\Users\hp\AppData\Local\Temp



---------------  S Y S T E M  ---------------

OS:
 Windows 11 , 64 bit Build 22621 (10.0.22621.1485)
OS uptime: 13 days 7:32 hours

CPU: total 8 (initial active 8) (4 cores per cpu, 2 threads per core) family 6 model 140 stepping 1 microcode 0x86, cx8, cmov, fxsr, ht, mmx, 3dnowpref, sse, sse2, sse3, ssse3, sse4.1, sse4.2, popcnt, lzcnt, tsc, tscinvbit, avx, avx2, aes, erms, clmul, bmi1, bmi2, adx, avx512f, avx512dq, avx512cd, avx512bw, avx512vl, sha, fma, vzeroupper, avx512_vpopcntdq, avx512_vpclmulqdq, avx512_vaes, avx512_vnni, clflush, clflushopt, clwb, avx512_vbmi2, avx512_vbmi, rdtscp, rdpid, fsrm, gfni, avx512_bitalg

Memory: 4k page, system-wide physical 7932M (568M free)
TotalPageFile size 23090M (AvailPageFile size 3M)
current process WorkingSet (physical memory assigned to process): 89M, peak: 89M
current process commit charge ("private bytes"): 234M, peak: 260M

vm_info: Java HotSpot(TM) 64-Bit Server VM (19.0.2+7-44) for windows-amd64 JRE (19.0.2+7-44), built on 2022-11-30T18:02:09Z by "mach5one" with MS VC++ 17.1 (VS2022)

END.
