#
# There is insufficient memory for the Java Runtime Environment to continue.
# Native memory allocation (malloc) failed to allocate 78512 bytes for Chunk::new
# Possible reasons:
#   The system is out of physical RAM or swap space
#   The process is running with CompressedOops enabled, and the Java Heap may be blocking the growth of the native heap
# Possible solutions:
#   Reduce memory load on the system
#   Increase physical memory or swap space
#   Check if swap backing store is full
#   Decrease Java heap size (-Xmx/-Xms)
#   Decrease number of Java threads
#   Decrease Java thread stack sizes (-Xss)
#   Set larger code cache with -XX:ReservedCodeCacheSize=
#   JVM is running with Unscaled Compressed Oops mode in which the Java heap is
#     placed in the first 4GB address space. The Java Heap base address is the
#     maximum limit for the native heap growth. Please use -XX:HeapBaseMinAddress
#     to set the Java Heap base and to place the Java Heap above 4GB virtual address.
# This output file may be truncated or incomplete.
#
#  Out of Memory Error (arena.cpp:184), pid=31220, tid=1332
#
# JRE version: Java(TM) SE Runtime Environment (19.0.2+7) (build 19.0.2+7-44)
# Java VM: Java HotSpot(TM) 64-Bit Server VM (19.0.2+7-44, mixed mode, sharing, tiered, compressed oops, compressed class ptrs, g1 gc, windows-amd64)
# No core dump will be written. Minidumps are not enabled by default on client versions of Windows
#

---------------  S U M M A R Y ------------

Command Line: -Dfile.encoding=UTF-8 --module-path=C:\Users\hp\OneDrive\Documents\NetBeansProjects\FITNESS_CLUB_PROJECT\build\classes PRACTICE

Host: 11th Gen Intel(R) Core(TM) i5-1135G7 @ 2.40GHz, 8 cores, 7G,  Windows 11 , 64 bit Build 22621 (10.0.22621.1485)
Time: Mon May  8 22:20:35 2023 Bangladesh Standard Time elapsed time: 0.448030 seconds (0d 0h 0m 0s)

---------------  T H R E A D  ---------------

Current thread (0x000001a224c6f0e0):  JavaThread "C2 CompilerThread0" daemon [_thread_in_native, id=1332, stack(0x0000005837a00000,0x0000005837b00000)]


Current CompileTask:
C2:    448  976       4       java.nio.channels.spi.AbstractInterruptibleChannel::begin (48 bytes)

Stack: [0x0000005837a00000,0x0000005837b00000]
Native frames: (J=compiled Java code, j=interpreted, Vv=VM code, C=native code)
V  [jvm.dll+0x6ee21a]
V  [jvm.dll+0x85765e]
V  [jvm.dll+0x85904e]
V  [jvm.dll+0x859703]
V  [jvm.dll+0x28298f]
V  [jvm.dll+0xc9adf]
V  [jvm.dll+0xc9e65]
V  [jvm.dll+0x3bca4c]
V  [jvm.dll+0x3860e1]
V  [jvm.dll+0x38555a]
V  [jvm.dll+0x24c3d9]
V  [jvm.dll+0x24b781]
V  [jvm.dll+0x1d6ce1]
V  [jvm.dll+0x25b25a]
V  [jvm.dll+0x2596e8]
V  [jvm.dll+0x807588]
V  [jvm.dll+0x80125a]
V  [jvm.dll+0x6ecf0b]
C  [ucrtbase.dll+0x29363]
C  [KERNEL32.DLL+0x1269d]
C  [ntdll.dll+0x5a9f8]


---------------  P R O C E S S  ---------------

Threads class SMR info:
_java_thread_list=0x000001a229cbcaa0, length=18, elements={
0x000001a224c57a00, 0x000001a224c5a830, 0x000001a224c5d5c0, 0x000001a224c5dfe0,
0x000001a224c5ea00, 0x000001a224c5f420, 0x000001a224c6f0e0, 0x000001a224c72fa0,
0x000001a224c77350, 0x000001a224c2bfc0, 0x000001a229130d00, 0x000001a22927b7d0,
0x000001a22932f5b0, 0x000001a229336dd0, 0x000001a2293e2ea0, 0x000001a2293c8fb0,
0x000001a2065d7c70, 0x000001a224c73530
}

Java Threads: ( => current thread )
  0x000001a224c57a00 JavaThread "Reference Handler" daemon [_thread_blocked, id=28392, stack(0x0000005837400000,0x0000005837500000)]
  0x000001a224c5a830 JavaThread "Finalizer" daemon [_thread_blocked, id=31020, stack(0x0000005837500000,0x0000005837600000)]
  0x000001a224c5d5c0 JavaThread "Signal Dispatcher" daemon [_thread_blocked, id=31024, stack(0x0000005837600000,0x0000005837700000)]
  0x000001a224c5dfe0 JavaThread "Attach Listener" daemon [_thread_blocked, id=31028, stack(0x0000005837700000,0x0000005837800000)]
  0x000001a224c5ea00 JavaThread "Service Thread" daemon [_thread_blocked, id=31000, stack(0x0000005837800000,0x0000005837900000)]
  0x000001a224c5f420 JavaThread "Monitor Deflation Thread" daemon [_thread_blocked, id=30996, stack(0x0000005837900000,0x0000005837a00000)]
=>0x000001a224c6f0e0 JavaThread "C2 CompilerThread0" daemon [_thread_in_native, id=1332, stack(0x0000005837a00000,0x0000005837b00000)]
  0x000001a224c72fa0 JavaThread "C1 CompilerThread0" daemon [_thread_blocked, id=11816, stack(0x0000005837b00000,0x0000005837c00000)]
  0x000001a224c77350 JavaThread "Sweeper thread" daemon [_thread_blocked, id=30972, stack(0x0000005837c00000,0x0000005837d00000)]
  0x000001a224c2bfc0 JavaThread "Common-Cleaner" daemon [_thread_blocked, id=31172, stack(0x0000005837d00000,0x0000005837e00000)]
  0x000001a229130d00 JavaThread "Notification Thread" daemon [_thread_blocked, id=29604, stack(0x0000005837e00000,0x0000005837f00000)]
  0x000001a22927b7d0 JavaThread "Java2D Disposer" daemon [_thread_blocked, id=27004, stack(0x0000005838000000,0x0000005838100000)]
  0x000001a22932f5b0 JavaThread "AWT-Shutdown" [_thread_blocked, id=30812, stack(0x0000005838100000,0x0000005838200000)]
  0x000001a229336dd0 JavaThread "AWT-Windows" daemon [_thread_in_native, id=31460, stack(0x0000005838200000,0x0000005838300000)]
  0x000001a2293e2ea0 JavaThread "Image Fetcher 0" daemon [_thread_blocked, id=31204, stack(0x0000005838300000,0x0000005838400000)]
  0x000001a2293c8fb0 JavaThread "AWT-EventQueue-0" [_thread_in_native, id=31440, stack(0x0000005838400000,0x0000005838500000)]
  0x000001a2065d7c70 JavaThread "DestroyJavaVM" [_thread_blocked, id=30792, stack(0x0000005836d00000,0x0000005836e00000)]
  0x000001a224c73530 JavaThread "C2 CompilerThread1" daemon [_thread_in_native, id=30740, stack(0x0000005838800000,0x0000005838900000)]

Other Threads:
  0x000001a224c3c890 VMThread "VM Thread" [stack: 0x0000005837300000,0x0000005837400000] [id=31016]
  0x000001a229143340 WatcherThread "VM Periodic Task Thread" [stack: 0x0000005837f00000,0x0000005838000000] [id=14840]
  0x000001a206636750 WorkerThread "GC Thread#0" [stack: 0x0000005836e00000,0x0000005836f00000] [id=8412]
  0x000001a206646eb0 ConcurrentGCThread "G1 Main Marker" [stack: 0x0000005836f00000,0x0000005837000000] [id=31088]
  0x000001a206647be0 WorkerThread "G1 Conc#0" [stack: 0x0000005837000000,0x0000005837100000] [id=30976]
  0x000001a224af66f0 ConcurrentGCThread "G1 Refine#0" [stack: 0x0000005837100000,0x0000005837200000] [id=31040]
  0x000001a224af80e0 ConcurrentGCThread "G1 Service" [stack: 0x0000005837200000,0x0000005837300000] [id=31036]

Threads with active compile tasks:
C2 CompilerThread0      462  976       4       java.nio.channels.spi.AbstractInterruptibleChannel::begin (48 bytes)
C2 CompilerThread1      462  978       4       java.lang.String::startsWith (138 bytes)

VM state: not at safepoint (normal execution)

VM Mutex/Monitor currently owned by a thread: None

Heap address: 0x0000000084000000, size: 1984 MB, Compressed Oops mode: 32-bit

CDS archive(s) mapped at: [0x0000000800000000-0x0000000800c40000-0x0000000800c40000), size 12845056, SharedBaseAddress: 0x0000000800000000, ArchiveRelocationMode: 0.
Compressed class space mapped at: 0x0000000801000000-0x0000000841000000, reserved size: 1073741824
Narrow klass base: 0x0000000800000000, Narrow klass shift: 0, Narrow klass range: 0x100000000

GC Precious Log:
 CardTable entry size: 512
 Card Set container configuration: InlinePtr #cards 5 size 8 Array Of Cards #cards 12 size 40 Howl #buckets 4 coarsen threshold 1843 Howl Bitmap #cards 512 size 80 coarsen threshold 460 Card regions per heap region 1 cards per card region 2048
 CPUs: 8 total, 8 available
 Memory: 7932M
 Large Page Support: Disabled
 NUMA Support: Disabled
 Compressed Oops: Enabled (32-bit)
 Heap Region Size: 1M
 Heap Min Capacity: 8M
 Heap Initial Capacity: 124M
 Heap Max Capacity: 1984M
 Pre-touch: Disabled
 Parallel Workers: 8
 Concurrent Workers: 2
 Concurrent Refinement Workers: 8
 Periodic GC: Disabled

Heap:
 garbage-first heap   total 126976K, used 21504K [0x0000000084000000, 0x0000000100000000)
  region size 1024K, 14 young (14336K), 0 survivors (0K)
 Metaspace       used 7680K, committed 7872K, reserved 1114112K
  class space    used 847K, committed 960K, reserved 1048576K

Heap Regions: E=young(eden), S=young(survivor), O=old, HS=humongous(starts), HC=humongous(continues), CS=collection set, F=free, OA=open archive, CA=closed archive, TAMS=top-at-mark-start (previous, next)
|   0|0x0000000084000000, 0x0000000084100000, 0x0000000084100000|100%|HS|  |TAMS 0x0000000084000000, 0x0000000084000000| Complete 
|   1|0x0000000084100000, 0x0000000084200000, 0x0000000084200000|100%|HC|  |TAMS 0x0000000084100000, 0x0000000084100000| Complete 
|   2|0x0000000084200000, 0x0000000084300000, 0x0000000084300000|100%|HC|  |TAMS 0x0000000084200000, 0x0000000084200000| Complete 
|   3|0x0000000084300000, 0x0000000084400000, 0x0000000084400000|100%|HC|  |TAMS 0x0000000084300000, 0x0000000084300000| Complete 
|   4|0x0000000084400000, 0x0000000084500000, 0x0000000084500000|100%|HC|  |TAMS 0x0000000084400000, 0x0000000084400000| Complete 
|   5|0x0000000084500000, 0x0000000084600000, 0x0000000084600000|100%|HC|  |TAMS 0x0000000084500000, 0x0000000084500000| Complete 
|   6|0x0000000084600000, 0x0000000084700000, 0x0000000084700000|100%|HC|  |TAMS 0x0000000084600000, 0x0000000084600000| Complete 
|   7|0x0000000084700000, 0x0000000084800000, 0x0000000084800000|100%|HC|  |TAMS 0x0000000084700000, 0x0000000084700000| Complete 
|   8|0x0000000084800000, 0x0000000084800000, 0x0000000084900000|  0%| F|  |TAMS 0x0000000084800000, 0x0000000084800000| Untracked 
|   9|0x0000000084900000, 0x0000000084900000, 0x0000000084a00000|  0%| F|  |TAMS 0x0000000084900000, 0x0000000084900000| Untracked 
|  10|0x0000000084a00000, 0x0000000084a00000, 0x0000000084b00000|  0%| F|  |TAMS 0x0000000084a00000, 0x0000000084a00000| Untracked 
|  11|0x0000000084b00000, 0x0000000084b00000, 0x0000000084c00000|  0%| F|  |TAMS 0x0000000084b00000, 0x0000000084b00000| Untracked 
|  12|0x0000000084c00000, 0x0000000084c00000, 0x0000000084d00000|  0%| F|  |TAMS 0x0000000084c00000, 0x0000000084c00000| Untracked 
|  13|0x0000000084d00000, 0x0000000084d00000, 0x0000000084e00000|  0%| F|  |TAMS 0x0000000084d00000, 0x0000000084d00000| Untracked 
|  14|0x0000000084e00000, 0x0000000084e00000, 0x0000000084f00000|  0%| F|  |TAMS 0x0000000084e00000, 0x0000000084e00000| Untracked 
|  15|0x0000000084f00000, 0x0000000084f00000, 0x0000000085000000|  0%| F|  |TAMS 0x0000000084f00000, 0x0000000084f00000| Untracked 
|  16|0x0000000085000000, 0x0000000085000000, 0x0000000085100000|  0%| F|  |TAMS 0x0000000085000000, 0x0000000085000000| Untracked 
|  17|0x0000000085100000, 0x0000000085100000, 0x0000000085200000|  0%| F|  |TAMS 0x0000000085100000, 0x0000000085100000| Untracked 
|  18|0x0000000085200000, 0x0000000085200000, 0x0000000085300000|  0%| F|  |TAMS 0x0000000085200000, 0x0000000085200000| Untracked 
|  19|0x0000000085300000, 0x0000000085300000, 0x0000000085400000|  0%| F|  |TAMS 0x0000000085300000, 0x0000000085300000| Untracked 
|  20|0x0000000085400000, 0x0000000085400000, 0x0000000085500000|  0%| F|  |TAMS 0x0000000085400000, 0x0000000085400000| Untracked 
|  21|0x0000000085500000, 0x0000000085500000, 0x0000000085600000|  0%| F|  |TAMS 0x0000000085500000, 0x0000000085500000| Untracked 
|  22|0x0000000085600000, 0x0000000085600000, 0x0000000085700000|  0%| F|  |TAMS 0x0000000085600000, 0x0000000085600000| Untracked 
|  23|0x0000000085700000, 0x0000000085700000, 0x0000000085800000|  0%| F|  |TAMS 0x0000000085700000, 0x0000000085700000| Untracked 
|  24|0x0000000085800000, 0x0000000085800000, 0x0000000085900000|  0%| F|  |TAMS 0x0000000085800000, 0x0000000085800000| Untracked 
|  25|0x0000000085900000, 0x0000000085900000, 0x0000000085a00000|  0%| F|  |TAMS 0x0000000085900000, 0x0000000085900000| Untracked 
|  26|0x0000000085a00000, 0x0000000085a00000, 0x0000000085b00000|  0%| F|  |TAMS 0x0000000085a00000, 0x0000000085a00000| Untracked 
|  27|0x0000000085b00000, 0x0000000085b00000, 0x0000000085c00000|  0%| F|  |TAMS 0x0000000085b00000, 0x0000000085b00000| Untracked 
|  28|0x0000000085c00000, 0x0000000085c00000, 0x0000000085d00000|  0%| F|  |TAMS 0x0000000085c00000, 0x0000000085c00000| Untracked 
|  29|0x0000000085d00000, 0x0000000085d00000, 0x0000000085e00000|  0%| F|  |TAMS 0x0000000085d00000, 0x0000000085d00000| Untracked 
|  30|0x0000000085e00000, 0x0000000085e00000, 0x0000000085f00000|  0%| F|  |TAMS 0x0000000085e00000, 0x0000000085e00000| Untracked 
|  31|0x0000000085f00000, 0x0000000085f00000, 0x0000000086000000|  0%| F|  |TAMS 0x0000000085f00000, 0x0000000085f00000| Untracked 
|  32|0x0000000086000000, 0x0000000086000000, 0x0000000086100000|  0%| F|  |TAMS 0x0000000086000000, 0x0000000086000000| Untracked 
|  33|0x0000000086100000, 0x0000000086100000, 0x0000000086200000|  0%| F|  |TAMS 0x0000000086100000, 0x0000000086100000| Untracked 
|  34|0x0000000086200000, 0x0000000086200000, 0x0000000086300000|  0%| F|  |TAMS 0x0000000086200000, 0x0000000086200000| Untracked 
|  35|0x0000000086300000, 0x0000000086300000, 0x0000000086400000|  0%| F|  |TAMS 0x0000000086300000, 0x0000000086300000| Untracked 
|  36|0x0000000086400000, 0x0000000086400000, 0x0000000086500000|  0%| F|  |TAMS 0x0000000086400000, 0x0000000086400000| Untracked 
|  37|0x0000000086500000, 0x0000000086500000, 0x0000000086600000|  0%| F|  |TAMS 0x0000000086500000, 0x0000000086500000| Untracked 
|  38|0x0000000086600000, 0x0000000086600000, 0x0000000086700000|  0%| F|  |TAMS 0x0000000086600000, 0x0000000086600000| Untracked 
|  39|0x0000000086700000, 0x0000000086700000, 0x0000000086800000|  0%| F|  |TAMS 0x0000000086700000, 0x0000000086700000| Untracked 
|  40|0x0000000086800000, 0x0000000086800000, 0x0000000086900000|  0%| F|  |TAMS 0x0000000086800000, 0x0000000086800000| Untracked 
|  41|0x0000000086900000, 0x0000000086900000, 0x0000000086a00000|  0%| F|  |TAMS 0x0000000086900000, 0x0000000086900000| Untracked 
|  42|0x0000000086a00000, 0x0000000086a00000, 0x0000000086b00000|  0%| F|  |TAMS 0x0000000086a00000, 0x0000000086a00000| Untracked 
|  43|0x0000000086b00000, 0x0000000086b00000, 0x0000000086c00000|  0%| F|  |TAMS 0x0000000086b00000, 0x0000000086b00000| Untracked 
|  44|0x0000000086c00000, 0x0000000086c00000, 0x0000000086d00000|  0%| F|  |TAMS 0x0000000086c00000, 0x0000000086c00000| Untracked 
|  45|0x0000000086d00000, 0x0000000086d00000, 0x0000000086e00000|  0%| F|  |TAMS 0x0000000086d00000, 0x0000000086d00000| Untracked 
|  46|0x0000000086e00000, 0x0000000086e00000, 0x0000000086f00000|  0%| F|  |TAMS 0x0000000086e00000, 0x0000000086e00000| Untracked 
|  47|0x0000000086f00000, 0x0000000086f00000, 0x0000000087000000|  0%| F|  |TAMS 0x0000000086f00000, 0x0000000086f00000| Untracked 
|  48|0x0000000087000000, 0x0000000087000000, 0x0000000087100000|  0%| F|  |TAMS 0x0000000087000000, 0x0000000087000000| Untracked 
|  49|0x0000000087100000, 0x0000000087100000, 0x0000000087200000|  0%| F|  |TAMS 0x0000000087100000, 0x0000000087100000| Untracked 
|  50|0x0000000087200000, 0x0000000087200000, 0x0000000087300000|  0%| F|  |TAMS 0x0000000087200000, 0x0000000087200000| Untracked 
|  51|0x0000000087300000, 0x0000000087300000, 0x0000000087400000|  0%| F|  |TAMS 0x0000000087300000, 0x0000000087300000| Untracked 
|  52|0x0000000087400000, 0x0000000087400000, 0x0000000087500000|  0%| F|  |TAMS 0x0000000087400000, 0x0000000087400000| Untracked 
|  53|0x0000000087500000, 0x0000000087500000, 0x0000000087600000|  0%| F|  |TAMS 0x0000000087500000, 0x0000000087500000| Untracked 
|  54|0x0000000087600000, 0x0000000087600000, 0x0000000087700000|  0%| F|  |TAMS 0x0000000087600000, 0x0000000087600000| Untracked 
|  55|0x0000000087700000, 0x0000000087700000, 0x0000000087800000|  0%| F|  |TAMS 0x0000000087700000, 0x0000000087700000| Untracked 
|  56|0x0000000087800000, 0x0000000087800000, 0x0000000087900000|  0%| F|  |TAMS 0x0000000087800000, 0x0000000087800000| Untracked 
|  57|0x0000000087900000, 0x0000000087900000, 0x0000000087a00000|  0%| F|  |TAMS 0x0000000087900000, 0x0000000087900000| Untracked 
|  58|0x0000000087a00000, 0x0000000087a00000, 0x0000000087b00000|  0%| F|  |TAMS 0x0000000087a00000, 0x0000000087a00000| Untracked 
|  59|0x0000000087b00000, 0x0000000087b00000, 0x0000000087c00000|  0%| F|  |TAMS 0x0000000087b00000, 0x0000000087b00000| Untracked 
|  60|0x0000000087c00000, 0x0000000087c00000, 0x0000000087d00000|  0%| F|  |TAMS 0x0000000087c00000, 0x0000000087c00000| Untracked 
|  61|0x0000000087d00000, 0x0000000087d00000, 0x0000000087e00000|  0%| F|  |TAMS 0x0000000087d00000, 0x0000000087d00000| Untracked 
|  62|0x0000000087e00000, 0x0000000087e00000, 0x0000000087f00000|  0%| F|  |TAMS 0x0000000087e00000, 0x0000000087e00000| Untracked 
|  63|0x0000000087f00000, 0x0000000087f00000, 0x0000000088000000|  0%| F|  |TAMS 0x0000000087f00000, 0x0000000087f00000| Untracked 
|  64|0x0000000088000000, 0x0000000088000000, 0x0000000088100000|  0%| F|  |TAMS 0x0000000088000000, 0x0000000088000000| Untracked 
|  65|0x0000000088100000, 0x0000000088100000, 0x0000000088200000|  0%| F|  |TAMS 0x0000000088100000, 0x0000000088100000| Untracked 
|  66|0x0000000088200000, 0x0000000088200000, 0x0000000088300000|  0%| F|  |TAMS 0x0000000088200000, 0x0000000088200000| Untracked 
|  67|0x0000000088300000, 0x0000000088300000, 0x0000000088400000|  0%| F|  |TAMS 0x0000000088300000, 0x0000000088300000| Untracked 
|  68|0x0000000088400000, 0x0000000088400000, 0x0000000088500000|  0%| F|  |TAMS 0x0000000088400000, 0x0000000088400000| Untracked 
|  69|0x0000000088500000, 0x0000000088500000, 0x0000000088600000|  0%| F|  |TAMS 0x0000000088500000, 0x0000000088500000| Untracked 
|  70|0x0000000088600000, 0x0000000088600000, 0x0000000088700000|  0%| F|  |TAMS 0x0000000088600000, 0x0000000088600000| Untracked 
|  71|0x0000000088700000, 0x0000000088700000, 0x0000000088800000|  0%| F|  |TAMS 0x0000000088700000, 0x0000000088700000| Untracked 
|  72|0x0000000088800000, 0x0000000088800000, 0x0000000088900000|  0%| F|  |TAMS 0x0000000088800000, 0x0000000088800000| Untracked 
|  73|0x0000000088900000, 0x0000000088900000, 0x0000000088a00000|  0%| F|  |TAMS 0x0000000088900000, 0x0000000088900000| Untracked 
|  74|0x0000000088a00000, 0x0000000088a00000, 0x0000000088b00000|  0%| F|  |TAMS 0x0000000088a00000, 0x0000000088a00000| Untracked 
|  75|0x0000000088b00000, 0x0000000088b00000, 0x0000000088c00000|  0%| F|  |TAMS 0x0000000088b00000, 0x0000000088b00000| Untracked 
|  76|0x0000000088c00000, 0x0000000088c00000, 0x0000000088d00000|  0%| F|  |TAMS 0x0000000088c00000, 0x0000000088c00000| Untracked 
|  77|0x0000000088d00000, 0x0000000088d00000, 0x0000000088e00000|  0%| F|  |TAMS 0x0000000088d00000, 0x0000000088d00000| Untracked 
|  78|0x0000000088e00000, 0x0000000088e00000, 0x0000000088f00000|  0%| F|  |TAMS 0x0000000088e00000, 0x0000000088e00000| Untracked 
|  79|0x0000000088f00000, 0x0000000088f00000, 0x0000000089000000|  0%| F|  |TAMS 0x0000000088f00000, 0x0000000088f00000| Untracked 
|  80|0x0000000089000000, 0x0000000089000000, 0x0000000089100000|  0%| F|  |TAMS 0x0000000089000000, 0x0000000089000000| Untracked 
|  81|0x0000000089100000, 0x0000000089100000, 0x0000000089200000|  0%| F|  |TAMS 0x0000000089100000, 0x0000000089100000| Untracked 
|  82|0x0000000089200000, 0x0000000089200000, 0x0000000089300000|  0%| F|  |TAMS 0x0000000089200000, 0x0000000089200000| Untracked 
|  83|0x0000000089300000, 0x0000000089300000, 0x0000000089400000|  0%| F|  |TAMS 0x0000000089300000, 0x0000000089300000| Untracked 
|  84|0x0000000089400000, 0x0000000089400000, 0x0000000089500000|  0%| F|  |TAMS 0x0000000089400000, 0x0000000089400000| Untracked 
|  85|0x0000000089500000, 0x0000000089500000, 0x0000000089600000|  0%| F|  |TAMS 0x0000000089500000, 0x0000000089500000| Untracked 
|  86|0x0000000089600000, 0x0000000089600000, 0x0000000089700000|  0%| F|  |TAMS 0x0000000089600000, 0x0000000089600000| Untracked 
|  87|0x0000000089700000, 0x0000000089700000, 0x0000000089800000|  0%| F|  |TAMS 0x0000000089700000, 0x0000000089700000| Untracked 
|  88|0x0000000089800000, 0x0000000089800000, 0x0000000089900000|  0%| F|  |TAMS 0x0000000089800000, 0x0000000089800000| Untracked 
|  89|0x0000000089900000, 0x0000000089900000, 0x0000000089a00000|  0%| F|  |TAMS 0x0000000089900000, 0x0000000089900000| Untracked 
|  90|0x0000000089a00000, 0x0000000089a00000, 0x0000000089b00000|  0%| F|  |TAMS 0x0000000089a00000, 0x0000000089a00000| Untracked 
|  91|0x0000000089b00000, 0x0000000089b00000, 0x0000000089c00000|  0%| F|  |TAMS 0x0000000089b00000, 0x0000000089b00000| Untracked 
|  92|0x0000000089c00000, 0x0000000089c00000, 0x0000000089d00000|  0%| F|  |TAMS 0x0000000089c00000, 0x0000000089c00000| Untracked 
|  93|0x0000000089d00000, 0x0000000089d00000, 0x0000000089e00000|  0%| F|  |TAMS 0x0000000089d00000, 0x0000000089d00000| Untracked 
|  94|0x0000000089e00000, 0x0000000089e00000, 0x0000000089f00000|  0%| F|  |TAMS 0x0000000089e00000, 0x0000000089e00000| Untracked 
|  95|0x0000000089f00000, 0x0000000089f00000, 0x000000008a000000|  0%| F|  |TAMS 0x0000000089f00000, 0x0000000089f00000| Untracked 
|  96|0x000000008a000000, 0x000000008a000000, 0x000000008a100000|  0%| F|  |TAMS 0x000000008a000000, 0x000000008a000000| Untracked 
|  97|0x000000008a100000, 0x000000008a100000, 0x000000008a200000|  0%| F|  |TAMS 0x000000008a100000, 0x000000008a100000| Untracked 
|  98|0x000000008a200000, 0x000000008a200000, 0x000000008a300000|  0%| F|  |TAMS 0x000000008a200000, 0x000000008a200000| Untracked 
|  99|0x000000008a300000, 0x000000008a300000, 0x000000008a400000|  0%| F|  |TAMS 0x000000008a300000, 0x000000008a300000| Untracked 
| 100|0x000000008a400000, 0x000000008a400000, 0x000000008a500000|  0%| F|  |TAMS 0x000000008a400000, 0x000000008a400000| Untracked 
| 101|0x000000008a500000, 0x000000008a500000, 0x000000008a600000|  0%| F|  |TAMS 0x000000008a500000, 0x000000008a500000| Untracked 
| 102|0x000000008a600000, 0x000000008a600000, 0x000000008a700000|  0%| F|  |TAMS 0x000000008a600000, 0x000000008a600000| Untracked 
| 103|0x000000008a700000, 0x000000008a700000, 0x000000008a800000|  0%| F|  |TAMS 0x000000008a700000, 0x000000008a700000| Untracked 
| 104|0x000000008a800000, 0x000000008a800000, 0x000000008a900000|  0%| F|  |TAMS 0x000000008a800000, 0x000000008a800000| Untracked 
| 105|0x000000008a900000, 0x000000008a900000, 0x000000008aa00000|  0%| F|  |TAMS 0x000000008a900000, 0x000000008a900000| Untracked 
| 106|0x000000008aa00000, 0x000000008aa00000, 0x000000008ab00000|  0%| F|  |TAMS 0x000000008aa00000, 0x000000008aa00000| Untracked 
| 107|0x000000008ab00000, 0x000000008ab00000, 0x000000008ac00000|  0%| F|  |TAMS 0x000000008ab00000, 0x000000008ab00000| Untracked 
| 108|0x000000008ac00000, 0x000000008ac00000, 0x000000008ad00000|  0%| F|  |TAMS 0x000000008ac00000, 0x000000008ac00000| Untracked 
| 109|0x000000008ad00000, 0x000000008ad00000, 0x000000008ae00000|  0%| F|  |TAMS 0x000000008ad00000, 0x000000008ad00000| Untracked 
| 110|0x000000008ae00000, 0x000000008ae77f30, 0x000000008af00000| 46%| E|  |TAMS 0x000000008ae00000, 0x000000008ae00000| Complete 
| 111|0x000000008af00000, 0x000000008b000000, 0x000000008b000000|100%| E|CS|TAMS 0x000000008af00000, 0x000000008af00000| Complete 
| 112|0x000000008b000000, 0x000000008b100000, 0x000000008b100000|100%| E|CS|TAMS 0x000000008b000000, 0x000000008b000000| Complete 
| 113|0x000000008b100000, 0x000000008b200000, 0x000000008b200000|100%| E|CS|TAMS 0x000000008b100000, 0x000000008b100000| Complete 
| 114|0x000000008b200000, 0x000000008b300000, 0x000000008b300000|100%| E|CS|TAMS 0x000000008b200000, 0x000000008b200000| Complete 
| 115|0x000000008b300000, 0x000000008b400000, 0x000000008b400000|100%| E|CS|TAMS 0x000000008b300000, 0x000000008b300000| Complete 
| 116|0x000000008b400000, 0x000000008b500000, 0x000000008b500000|100%| E|CS|TAMS 0x000000008b400000, 0x000000008b400000| Complete 
| 117|0x000000008b500000, 0x000000008b600000, 0x000000008b600000|100%| E|CS|TAMS 0x000000008b500000, 0x000000008b500000| Complete 
| 118|0x000000008b600000, 0x000000008b700000, 0x000000008b700000|100%| E|CS|TAMS 0x000000008b600000, 0x000000008b600000| Complete 
| 119|0x000000008b700000, 0x000000008b800000, 0x000000008b800000|100%| E|CS|TAMS 0x000000008b700000, 0x000000008b700000| Complete 
| 120|0x000000008b800000, 0x000000008b900000, 0x000000008b900000|100%| E|CS|TAMS 0x000000008b800000, 0x000000008b800000| Complete 
| 121|0x000000008b900000, 0x000000008ba00000, 0x000000008ba00000|100%| E|CS|TAMS 0x000000008b900000, 0x000000008b900000| Complete 
| 122|0x000000008ba00000, 0x000000008bb00000, 0x000000008bb00000|100%| E|CS|TAMS 0x000000008ba00000, 0x000000008ba00000| Complete 
| 123|0x000000008bb00000, 0x000000008bc00000, 0x000000008bc00000|100%| E|CS|TAMS 0x000000008bb00000, 0x000000008bb00000| Complete 

Card table byte_map: [0x000001a21dc50000,0x000001a21e030000] _byte_map_base: 0x000001a21d830000

Marking Bits (Prev, Next): (CMBitMap*) 0x000001a206636d80, (CMBitMap*) 0x000001a206636dc0
 Prev Bits: [0x000001a21e410000, 0x000001a220310000)
 Next Bits: [0x000001a220310000, 0x000001a222210000)

Polling page: 0x000001a204590000

Metaspace:

Usage:
  Non-class:      6.70 MB used.
      Class:    848.74 KB used.
       Both:      7.53 MB used.

Virtual space:
  Non-class space:       64.00 MB reserved,       6.81 MB ( 11%) committed,  1 nodes.
      Class space:        1.00 GB reserved,     960.00 KB ( <1%) committed,  1 nodes.
             Both:        1.06 GB reserved,       7.75 MB ( <1%) committed. 

Chunk freelists:
   Non-Class:  1.00 MB
       Class:  3.11 MB
        Both:  4.11 MB

MaxMetaspaceSize: unlimited
CompressedClassSpaceSize: 1.00 GB
Initial GC threshold: 21.00 MB
Current GC threshold: 21.00 MB
CDS: on
MetaspaceReclaimPolicy: balanced
 - commit_granule_bytes: 65536.
 - commit_granule_words: 8192.
 - virtual_space_node_default_size: 8388608.
 - enlarge_chunks_in_place: 1.
 - new_chunks_are_fully_committed: 0.
 - uncommit_free_chunks: 1.
 - use_allocation_guard: 0.


Internal statistics:

num_allocs_failed_limit: 0.
num_arena_births: 152.
num_arena_deaths: 0.
num_vsnodes_births: 2.
num_vsnodes_deaths: 0.
num_space_committed: 124.
num_space_uncommitted: 0.
num_chunks_returned_to_freelist: 0.
num_chunks_taken_from_freelist: 168.
num_chunk_merges: 0.
num_chunk_splits: 114.
num_chunks_enlarged: 73.
num_inconsistent_stats: 0.

CodeHeap 'non-profiled nmethods': size=120000Kb used=269Kb max_used=269Kb free=119730Kb
 bounds [0x000001a216010000, 0x000001a216280000, 0x000001a21d540000]
CodeHeap 'profiled nmethods': size=120000Kb used=1626Kb max_used=1626Kb free=118373Kb
 bounds [0x000001a20e540000, 0x000001a20e7b0000, 0x000001a215a70000]
CodeHeap 'non-nmethods': size=5760Kb used=1371Kb max_used=1387Kb free=4388Kb
 bounds [0x000001a215a70000, 0x000001a215ce0000, 0x000001a216010000]
 total_blobs=1612 nmethods=1014 adapters=509
 compilation: enabled
              stopped_count=0, restarted_count=0
 full_count=0

Compilation events (20 events):
Event: 0.443 Thread 0x000001a224c72fa0  967   !   3       sun.font.TrueTypeFont::<init> (110 bytes)
Event: 0.443 Thread 0x000001a224c72fa0 nmethod 967 0x000001a20e6be810 code [0x000001a20e6beac0, 0x000001a20e6bf968]
Event: 0.443 Thread 0x000001a224c72fa0  968       3       sun.font.TrueTypeFont$1::run (17 bytes)
Event: 0.443 Thread 0x000001a224c72fa0 nmethod 968 0x000001a20e6bff10 code [0x000001a20e6c00e0, 0x000001a20e6c0478]
Event: 0.443 Thread 0x000001a224c72fa0  969       3       java.nio.HeapByteBuffer::asIntBuffer (67 bytes)
Event: 0.444 Thread 0x000001a224c72fa0 nmethod 969 0x000001a20e6c0610 code [0x000001a20e6c07e0, 0x000001a20e6c0b18]
Event: 0.444 Thread 0x000001a224c72fa0  971       3       jdk.internal.ref.PhantomCleanable::clear (12 bytes)
Event: 0.444 Thread 0x000001a224c72fa0 nmethod 971 0x000001a20e6c0c10 code [0x000001a20e6c0dc0, 0x000001a20e6c0fd8]
Event: 0.444 Thread 0x000001a224c72fa0  973       3       java.lang.StringLatin1::indexOf (25 bytes)
Event: 0.444 Thread 0x000001a224c72fa0 nmethod 973 0x000001a20e6c1090 code [0x000001a20e6c1240, 0x000001a20e6c1448]
Event: 0.444 Thread 0x000001a224c72fa0  974       3       sun.font.FontFamily::preferredWidth (146 bytes)
Event: 0.445 Thread 0x000001a224c6f0e0  976       4       java.nio.channels.spi.AbstractInterruptibleChannel::begin (48 bytes)
Event: 0.445 Thread 0x000001a224c72fa0 nmethod 974 0x000001a20e6c1510 code [0x000001a20e6c1860, 0x000001a20e6c2de8]
Event: 0.445 Thread 0x000001a224c72fa0  975       3       sun.font.FontFamily::closerWeight (142 bytes)
Event: 0.446 Thread 0x000001a224c72fa0 nmethod 975 0x000001a20e6c3410 code [0x000001a20e6c36e0, 0x000001a20e6c4798]
Event: 0.446 Thread 0x000001a224c72fa0  977       3       java.lang.String::indexOf (64 bytes)
Event: 0.446 Thread 0x000001a224c72fa0 nmethod 977 0x000001a20e6c4c10 code [0x000001a20e6c4e20, 0x000001a20e6c52e8]
Event: 0.446 Thread 0x000001a224c72fa0  979       3       sun.font.SunFontManager$T1Filter::accept (67 bytes)
Event: 0.447 Thread 0x000001a224c72fa0 nmethod 979 0x000001a20e6c5490 code [0x000001a20e6c56a0, 0x000001a20e6c5bb8]
Event: 0.447 Thread 0x000001a224c72fa0  980       3       java.lang.StringConcatHelper::newString (67 bytes)

GC Heap History (0 events):
No events

Dll operation events (10 events):
Event: 0.005 Loaded shared library D:\New Backup\bin\java.dll
Event: 0.011 Loaded shared library D:\New Backup\bin\jsvml.dll
Event: 0.044 Loaded shared library D:\New Backup\bin\net.dll
Event: 0.045 Loaded shared library D:\New Backup\bin\nio.dll
Event: 0.060 Loaded shared library D:\New Backup\bin\zip.dll
Event: 0.070 Loaded shared library D:\New Backup\bin\jimage.dll
Event: 0.080 Loaded shared library D:\New Backup\bin\awt.dll
Event: 0.209 Loaded shared library D:\New Backup\bin\javajpeg.dll
Event: 0.250 Loaded shared library D:\New Backup\bin\freetype.dll
Event: 0.251 Loaded shared library D:\New Backup\bin\fontmanager.dll

Deoptimization events (14 events):
Event: 0.158 Thread 0x000001a2065d7c70 Uncommon trap: trap_request=0xffffff45 fr.pc=0x000001a216020028 relative=0x0000000000000b88
Event: 0.158 Thread 0x000001a2065d7c70 Uncommon trap: reason=unstable_if action=reinterpret pc=0x000001a216020028 method=java.util.HashMap.putVal(ILjava/lang/Object;Ljava/lang/Object;ZZ)Ljava/lang/Object; @ 81 c2
Event: 0.158 Thread 0x000001a2065d7c70 DEOPT PACKING pc=0x000001a216020028 sp=0x0000005836dfe1a0
Event: 0.158 Thread 0x000001a2065d7c70 DEOPT UNPACKING pc=0x000001a215ada5a3 sp=0x0000005836dfe150 mode 2
Event: 0.214 Thread 0x000001a2065d7c70 Uncommon trap: trap_request=0xffffff45 fr.pc=0x000001a21603866c relative=0x00000000000004ac
Event: 0.214 Thread 0x000001a2065d7c70 Uncommon trap: reason=unstable_if action=reinterpret pc=0x000001a21603866c method=java.lang.StringLatin1.replace([BCC)Ljava/lang/String; @ 19 c2
Event: 0.214 Thread 0x000001a2065d7c70 DEOPT PACKING pc=0x000001a21603866c sp=0x0000005836dfe740
Event: 0.214 Thread 0x000001a2065d7c70 DEOPT UNPACKING pc=0x000001a215ada5a3 sp=0x0000005836dfe6c0 mode 2
Event: 0.332 Thread 0x000001a2293c8fb0 Uncommon trap: trap_request=0xffffff45 fr.pc=0x000001a2160484bc relative=0x000000000000047c
Event: 0.332 Thread 0x000001a2293c8fb0 Uncommon trap: reason=unstable_if action=reinterpret pc=0x000001a2160484bc method=java.lang.StringLatin1.toLowerCase(Ljava/lang/String;[BLjava/util/Locale;)Ljava/lang/String; @ 43 c2
Event: 0.332 Thread 0x000001a2293c8fb0 DEOPT PACKING pc=0x000001a2160484bc sp=0x00000058384fce70
Event: 0.332 Thread 0x000001a2293c8fb0 DEOPT UNPACKING pc=0x000001a215ada5a3 sp=0x00000058384fcde0 mode 2
Event: 0.396 Thread 0x000001a2293c8fb0 DEOPT PACKING pc=0x000001a20e56f8e7 sp=0x00000058384fc4a0
Event: 0.396 Thread 0x000001a2293c8fb0 DEOPT UNPACKING pc=0x000001a215adb0e3 sp=0x00000058384fb8c0 mode 0

Classes loaded (20 events):
Event: 0.315 Loading class sun/font/FontDesignMetrics$KeyReference
Event: 0.316 Loading class sun/font/FontDesignMetrics$KeyReference done
Event: 0.316 Loading class sun/font/SunFontManager$FamilyDescription
Event: 0.316 Loading class sun/font/SunFontManager$FamilyDescription done
Event: 0.321 Loading class java/awt/event/MouseEvent$1
Event: 0.321 Loading class sun/awt/AWTAccessor$MouseEventAccessor
Event: 0.321 Loading class sun/awt/AWTAccessor$MouseEventAccessor done
Event: 0.321 Loading class java/awt/event/MouseEvent$1 done
Event: 0.331 Loading class jdk/internal/foreign/MemorySessionImpl
Event: 0.331 Loading class java/lang/foreign/MemorySession
Event: 0.331 Loading class java/lang/foreign/SegmentAllocator
Event: 0.332 Loading class java/lang/foreign/SegmentAllocator done
Event: 0.332 Loading class java/lang/foreign/MemorySession done
Event: 0.332 Loading class jdk/internal/foreign/MemorySessionImpl done
Event: 0.332 Loading class sun/font/SunFontManager$3
Event: 0.333 Loading class sun/font/SunFontManager$3 done
Event: 0.344 Loading class sun/font/SunFontManager$8
Event: 0.344 Loading class sun/font/SunFontManager$8 done
Event: 0.344 Loading class sun/font/SunFontManager$9
Event: 0.345 Loading class sun/font/SunFontManager$9 done

Classes unloaded (0 events):
No events

Classes redefined (0 events):
No events

Internal exceptions (18 events):
Event: 0.045 Thread 0x000001a2065d7c70 Exception <a 'sun/nio/fs/WindowsException'{0x000000008ba45610}> (0x000000008ba45610) 
thrown [s\open\src\hotspot\share\prims\jni.cpp, line 517]
Event: 0.046 Thread 0x000001a2065d7c70 Exception <a 'sun/nio/fs/WindowsException'{0x000000008ba45ba0}> (0x000000008ba45ba0) 
thrown [s\open\src\hotspot\share\prims\jni.cpp, line 517]
Event: 0.047 Thread 0x000001a2065d7c70 Exception <a 'sun/nio/fs/WindowsException'{0x000000008ba49350}> (0x000000008ba49350) 
thrown [s\open\src\hotspot\share\prims\jni.cpp, line 517]
Event: 0.074 Thread 0x000001a2065d7c70 Exception <a 'java/lang/ClassNotFoundException'{0x000000008b995f90}: sun/awt/resources/spi/awtProvider> (0x000000008b995f90) 
thrown [s\open\src\hotspot\share\classfile\systemDictionary.cpp, line 255]
Event: 0.090 Thread 0x000001a2065d7c70 Exception <a 'java/io/FileNotFoundException'{0x000000008b9ed500}> (0x000000008b9ed500) 
thrown [s\open\src\hotspot\share\prims\jni.cpp, line 517]
Event: 0.098 Thread 0x000001a2065d7c70 Exception <a 'java/io/FileNotFoundException'{0x000000008b81a158}> (0x000000008b81a158) 
thrown [s\open\src\hotspot\share\prims\jni.cpp, line 517]
Event: 0.130 Thread 0x000001a2065d7c70 Exception <a 'java/lang/NoSuchMethodError'{0x000000008b85ea20}: 'java.lang.Object java.lang.invoke.DirectMethodHandle$Holder.invokeStaticInit(java.lang.Object)'> (0x000000008b85ea20) 
thrown [s\open\src\hotspot\share\interpreter\linkResolver.cpp, line 774]
Event: 0.160 Thread 0x000001a2065d7c70 Exception <a 'java/lang/NoSuchMethodError'{0x000000008b73d0b0}: 'void java.lang.invoke.DirectMethodHandle$Holder.invokeSpecial(java.lang.Object, java.lang.Object, java.lang.Object)'> (0x000000008b73d0b0) 
thrown [s\open\src\hotspot\share\interpreter\linkResolver.cpp, line 774]
Event: 0.166 Thread 0x000001a2065d7c70 Exception <a 'java/lang/NoSuchMethodError'{0x000000008b767bb0}: 'java.lang.Object java.lang.invoke.DirectMethodHandle$Holder.newInvokeSpecial(java.lang.Object, java.lang.Object, java.lang.Object, java.lang.Object, java.lang.Object)'> (0x000000008b767bb0) 
thrown [s\open\src\hotspot\share\interpreter\linkResolver.cpp, line 774]
Event: 0.171 Thread 0x000001a2065d7c70 Exception <a 'java/lang/NoSuchMethodError'{0x000000008b7994f0}: 'java.lang.Object java.lang.invoke.DirectMethodHandle$Holder.invokeStatic(java.lang.Object, int, java.lang.Object)'> (0x000000008b7994f0) 
thrown [s\open\src\hotspot\share\interpreter\linkResolver.cpp, line 774]
Event: 0.190 Thread 0x000001a2065d7c70 Exception <a 'java/lang/ClassNotFoundException'{0x000000008b654e98}: com/sun/swing/internal/plaf/metal/resources/spi/metalProvider> (0x000000008b654e98) 
thrown [s\open\src\hotspot\share\classfile\systemDictionary.cpp, line 255]
Event: 0.191 Thread 0x000001a2065d7c70 Exception <a 'java/lang/ClassNotFoundException'{0x000000008b658dc8}: com/sun/swing/internal/plaf/basic/resources/spi/basicProvider> (0x000000008b658dc8) 
thrown [s\open\src\hotspot\share\classfile\systemDictionary.cpp, line 255]
Event: 0.197 Thread 0x000001a2065d7c70 Exception <a 'java/lang/NoSuchMethodError'{0x000000008b678c80}: 'int java.lang.invoke.Invokers$Holder.invokeExact_MT(java.lang.Object, java.lang.Object)'> (0x000000008b678c80) 
thrown [s\open\src\hotspot\share\interpreter\linkResolver.cpp, line 774]
Event: 0.210 Thread 0x000001a2293e2ea0 Exception <a 'java/lang/NoSuchMethodError'{0x000000008b6f7e70}: 'java.lang.Object java.lang.invoke.DirectMethodHandle$Holder.newInvokeSpecial(java.lang.Object, java.lang.Object, java.lang.Object, int, int, int, int, int)'> (0x000000008b6f7e70) 
thrown [s\open\src\hotspot\share\interpreter\linkResolver.cpp, line 774]
Event: 0.211 Thread 0x000001a2293e2ea0 Exception <a 'sun/awt/image/ImageFormatException'{0x000000008b507da0}: Insufficient memory (case 4)> (0x000000008b507da0) 
thrown [s\open\src\hotspot\share\prims\jni.cpp, line 536]
Event: 0.213 Thread 0x000001a2293e2ea0 Exception <a 'sun/awt/image/ImageFormatException'{0x000000008b513120}: Insufficient memory (case 4)> (0x000000008b513120) 
thrown [s\open\src\hotspot\share\prims\jni.cpp, line 536]
Event: 0.239 Thread 0x000001a229336dd0 Exception <a 'java/lang/NoSuchMethodError'{0x000000008b8fb8e8}: 'void java.lang.invoke.DirectMethodHandle$Holder.invokeVirtual(java.lang.Object, java.lang.Object)'> (0x000000008b8fb8e8) 
thrown [s\open\src\hotspot\share\interpreter\linkResolver.cpp, line 774]
Event: 0.248 Thread 0x000001a2065d7c70 Exception <a 'java/lang/NoSuchMethodError'{0x000000008b6cf338}: 'void java.lang.invoke.DirectMethodHandle$Holder.invokeStaticInit(java.lang.Object)'> (0x000000008b6cf338) 
thrown [s\open\src\hotspot\share\interpreter\linkResolver.cpp, line 774]

VM Operations (6 events):
Event: 0.048 Executing VM operation: HandshakeAllThreads
Event: 0.048 Executing VM operation: HandshakeAllThreads done
Event: 0.103 Executing VM operation: HandshakeAllThreads
Event: 0.103 Executing VM operation: HandshakeAllThreads done
Event: 0.199 Executing VM operation: HandshakeAllThreads
Event: 0.199 Executing VM operation: HandshakeAllThreads done

Events (19 events):
Event: 0.011 Thread 0x000001a2065d7c70 Thread added: 0x000001a2065d7c70
Event: 0.019 Thread 0x000001a224c57a00 Thread added: 0x000001a224c57a00
Event: 0.019 Thread 0x000001a224c5a830 Thread added: 0x000001a224c5a830
Event: 0.020 Thread 0x000001a224c5d5c0 Thread added: 0x000001a224c5d5c0
Event: 0.020 Thread 0x000001a224c5dfe0 Thread added: 0x000001a224c5dfe0
Event: 0.020 Thread 0x000001a224c5ea00 Thread added: 0x000001a224c5ea00
Event: 0.020 Thread 0x000001a224c5f420 Thread added: 0x000001a224c5f420
Event: 0.020 Thread 0x000001a224c6f0e0 Thread added: 0x000001a224c6f0e0
Event: 0.020 Thread 0x000001a224c72fa0 Thread added: 0x000001a224c72fa0
Event: 0.020 Thread 0x000001a224c77350 Thread added: 0x000001a224c77350
Event: 0.036 Thread 0x000001a224c2bfc0 Thread added: 0x000001a224c2bfc0
Event: 0.056 Thread 0x000001a229130d00 Thread added: 0x000001a229130d00
Event: 0.131 Thread 0x000001a22927b7d0 Thread added: 0x000001a22927b7d0
Event: 0.131 Thread 0x000001a22932f5b0 Thread added: 0x000001a22932f5b0
Event: 0.134 Thread 0x000001a229336dd0 Thread added: 0x000001a229336dd0
Event: 0.208 Thread 0x000001a2293e2ea0 Thread added: 0x000001a2293e2ea0
Event: 0.240 Thread 0x000001a2293c8fb0 Thread added: 0x000001a2293c8fb0
Event: 0.288 Thread 0x000001a2065d7c70 Thread exited: 0x000001a2065d7c70
Event: 0.288 Thread 0x000001a2065d7c70 Thread added: 0x000001a2065d7c70


Dynamic libraries:
0x00007ff6446c0000 - 0x00007ff6446d0000 	D:\New Backup\bin\java.exe
0x00007ffdc4e10000 - 0x00007ffdc5024000 	C:\WINDOWS\SYSTEM32\ntdll.dll
0x00007ffdc3d20000 - 0x00007ffdc3de2000 	C:\WINDOWS\System32\KERNEL32.DLL
0x00007ffdc26d0000 - 0x00007ffdc2a6c000 	C:\WINDOWS\System32\KERNELBASE.dll
0x00007ffdc23a0000 - 0x00007ffdc24b1000 	C:\WINDOWS\System32\ucrtbase.dll
0x00007ffdba620000 - 0x00007ffdba638000 	D:\New Backup\bin\jli.dll
0x00007ffdbe570000 - 0x00007ffdbe58b000 	D:\New Backup\bin\VCRUNTIME140.dll
0x00007ffdc4d20000 - 0x00007ffdc4dce000 	C:\WINDOWS\System32\ADVAPI32.dll
0x00007ffdc3df0000 - 0x00007ffdc3e97000 	C:\WINDOWS\System32\msvcrt.dll
0x00007ffdc3ec0000 - 0x00007ffdc3f64000 	C:\WINDOWS\System32\sechost.dll
0x00007ffdc33f0000 - 0x00007ffdc3507000 	C:\WINDOWS\System32\RPCRT4.dll
0x00007ffdc44b0000 - 0x00007ffdc465b000 	C:\WINDOWS\System32\USER32.dll
0x00007ffdc2250000 - 0x00007ffdc2276000 	C:\WINDOWS\System32\win32u.dll
0x00007ffda1760000 - 0x00007ffda19ee000 	C:\WINDOWS\WinSxS\amd64_microsoft.windows.common-controls_6595b64144ccf1df_6.0.22621.608_none_a9444ca7c10bb01d\COMCTL32.dll
0x00007ffdc2e20000 - 0x00007ffdc2e49000 	C:\WINDOWS\System32\GDI32.dll
0x00007ffdc2280000 - 0x00007ffdc2393000 	C:\WINDOWS\System32\gdi32full.dll
0x00007ffdc2630000 - 0x00007ffdc26ca000 	C:\WINDOWS\System32\msvcp_win.dll
0x00007ffdb7d20000 - 0x00007ffdb7d2a000 	C:\WINDOWS\SYSTEM32\VERSION.dll
0x00007ffdc4310000 - 0x00007ffdc4341000 	C:\WINDOWS\System32\IMM32.DLL
0x00007ffdbe4f0000 - 0x00007ffdbe4fc000 	D:\New Backup\bin\vcruntime140_1.dll
0x00007ffd8b7c0000 - 0x00007ffd8b84e000 	D:\New Backup\bin\msvcp140.dll
0x00007ffd56470000 - 0x00007ffd57130000 	D:\New Backup\bin\server\jvm.dll
0x00007ffdbe560000 - 0x00007ffdbe569000 	C:\WINDOWS\SYSTEM32\WSOCK32.dll
0x00007ffdad420000 - 0x00007ffdad454000 	C:\WINDOWS\SYSTEM32\WINMM.dll
0x00007ffdc3110000 - 0x00007ffdc3181000 	C:\WINDOWS\System32\WS2_32.dll
0x00007ffdc12a0000 - 0x00007ffdc12b8000 	C:\WINDOWS\SYSTEM32\kernel.appcore.dll
0x00007ffdbe4e0000 - 0x00007ffdbe4ea000 	D:\New Backup\bin\jimage.dll
0x00007ffdbfd30000 - 0x00007ffdbff5e000 	C:\WINDOWS\SYSTEM32\DBGHELP.DLL
0x00007ffdc3f80000 - 0x00007ffdc4309000 	C:\WINDOWS\System32\combase.dll
0x00007ffdc3190000 - 0x00007ffdc3267000 	C:\WINDOWS\System32\OLEAUT32.dll
0x00007ffda4a80000 - 0x00007ffda4ab2000 	C:\WINDOWS\SYSTEM32\dbgcore.DLL
0x00007ffdc2a70000 - 0x00007ffdc2aeb000 	C:\WINDOWS\System32\bcryptPrimitives.dll
0x00007ffda5ce0000 - 0x00007ffda5d06000 	D:\New Backup\bin\java.dll
0x00007ffd7f660000 - 0x00007ffd7f737000 	D:\New Backup\bin\jsvml.dll
0x00007ffdc3530000 - 0x00007ffdc3d20000 	C:\WINDOWS\System32\SHELL32.dll
0x00007ffdc0260000 - 0x00007ffdc0b2d000 	C:\WINDOWS\SYSTEM32\windows.storage.dll
0x00007ffdc0120000 - 0x00007ffdc025e000 	C:\WINDOWS\SYSTEM32\wintypes.dll
0x00007ffdc2cb0000 - 0x00007ffdc2da1000 	C:\WINDOWS\System32\SHCORE.dll
0x00007ffdc2db0000 - 0x00007ffdc2e0e000 	C:\WINDOWS\System32\shlwapi.dll
0x00007ffdc2180000 - 0x00007ffdc21a1000 	C:\WINDOWS\SYSTEM32\profapi.dll
0x00007ffdba0d0000 - 0x00007ffdba0e3000 	D:\New Backup\bin\net.dll
0x00007ffdb9f30000 - 0x00007ffdba067000 	C:\WINDOWS\SYSTEM32\WINHTTP.dll
0x00007ffdc1710000 - 0x00007ffdc1779000 	C:\WINDOWS\system32\mswsock.dll
0x00007ffda5cc0000 - 0x00007ffda5cd6000 	D:\New Backup\bin\nio.dll
0x00007ffda5ca0000 - 0x00007ffda5cb8000 	D:\New Backup\bin\zip.dll
0x00007ffd7f4c0000 - 0x00007ffd7f651000 	D:\New Backup\bin\awt.dll
0x00007ffdbf310000 - 0x00007ffdbf3a6000 	C:\WINDOWS\SYSTEM32\apphelp.dll
0x00007ffdbf800000 - 0x00007ffdbf82b000 	C:\WINDOWS\system32\DWMAPI.DLL
0x00007ffdbf3f0000 - 0x00007ffdbf49b000 	C:\WINDOWS\system32\uxtheme.dll
0x00007ffd99360000 - 0x00007ffd99460000 	C:\WINDOWS\system32\opengl32.dll
0x00007ffd9a450000 - 0x00007ffd9a47d000 	C:\WINDOWS\SYSTEM32\GLU32.dll
0x00007ffdbf5c0000 - 0x00007ffdbf5f6000 	C:\WINDOWS\SYSTEM32\dxcore.dll
0x00007ffdc3270000 - 0x00007ffdc338e000 	C:\WINDOWS\System32\MSCTF.dll
0x00007ffdc4660000 - 0x00007ffdc47fc000 	C:\WINDOWS\System32\ole32.dll
0x00007ffda7f80000 - 0x00007ffda7fae000 	D:\New Backup\bin\javajpeg.dll
0x00007ffd7f430000 - 0x00007ffd7f4b6000 	D:\New Backup\bin\freetype.dll
0x00007ffd7ce90000 - 0x00007ffd7cf56000 	D:\New Backup\bin\fontmanager.dll
0x00007ffdc4400000 - 0x00007ffdc44b0000 	C:\WINDOWS\System32\clbcatq.dll
0x00007ffdbe590000 - 0x00007ffdbe740000 	C:\WINDOWS\SYSTEM32\WindowsCodecs.dll
0x00007ffd923e0000 - 0x00007ffd9243e000 	C:\WINDOWS\system32\dataexchange.dll
0x00007ffdb8040000 - 0x00007ffdb82aa000 	C:\WINDOWS\system32\twinapi.appcore.dll
0x00007ffda5f50000 - 0x00007ffda607e000 	C:\WINDOWS\SYSTEM32\textinputframework.dll

dbghelp: loaded successfully - version: 4.0.5 - missing functions: none
symbol engine: initialized successfully - sym options: 0x614 - pdb path: .;D:\New Backup\bin;C:\WINDOWS\SYSTEM32;C:\WINDOWS\WinSxS\amd64_microsoft.windows.common-controls_6595b64144ccf1df_6.0.22621.608_none_a9444ca7c10bb01d;D:\New Backup\bin\server

VM Arguments:
jvm_args: -Dfile.encoding=UTF-8 --module-path=C:\Users\hp\OneDrive\Documents\NetBeansProjects\FITNESS_CLUB_PROJECT\build\classes 
java_command: PRACTICE
java_class_path (initial): C:\Users\hp\Downloads\mysql-connector-j-8.0.33\mysql-connector-j-8.0.33\mysql-connector-j-8.0.33.jar;C:\Users\hp\OneDrive\Documents\NetBeansProjects\FITNESS_CLUB_PROJECT\build\classes
Launcher Type: SUN_STANDARD

[Global flags]
     intx CICompilerCount                          = 4                                         {product} {ergonomic}
     uint ConcGCThreads                            = 2                                         {product} {ergonomic}
     uint G1ConcRefinementThreads                  = 8                                         {product} {ergonomic}
   size_t G1HeapRegionSize                         = 1048576                                   {product} {ergonomic}
    uintx GCDrainStackTargetSize                   = 64                                        {product} {ergonomic}
   size_t InitialHeapSize                          = 130023424                                 {product} {ergonomic}
   size_t MarkStackSize                            = 4194304                                   {product} {ergonomic}
   size_t MaxHeapSize                              = 2080374784                                {product} {ergonomic}
   size_t MaxNewSize                               = 1247805440                                {product} {ergonomic}
   size_t MinHeapDeltaBytes                        = 1048576                                   {product} {ergonomic}
   size_t MinHeapSize                              = 8388608                                   {product} {ergonomic}
    uintx NonNMethodCodeHeapSize                   = 5839372                                {pd product} {ergonomic}
    uintx NonProfiledCodeHeapSize                  = 122909434                              {pd product} {ergonomic}
    uintx ProfiledCodeHeapSize                     = 122909434                              {pd product} {ergonomic}
    uintx ReservedCodeCacheSize                    = 251658240                              {pd product} {ergonomic}
     bool SegmentedCodeCache                       = true                                      {product} {ergonomic}
   size_t SoftMaxHeapSize                          = 2080374784                             {manageable} {ergonomic}
     bool UseCompressedClassPointers               = true                           {product lp64_product} {ergonomic}
     bool UseCompressedOops                        = true                           {product lp64_product} {ergonomic}
     bool UseG1GC                                  = true                                      {product} {ergonomic}
     bool UseLargePagesIndividualAllocation        = false                                  {pd product} {ergonomic}

Logging:
Log output configuration:
 #0: stdout all=warning uptime,level,tags foldmultilines=false
 #1: stderr all=off uptime,level,tags foldmultilines=false

Environment Variables:
PATH=C:\Program Files\Common Files\Oracle\Java\javapath;C:\WINDOWS\system32;C:\WINDOWS;C:\WINDOWS\System32\Wbem;C:\WINDOWS\System32\WindowsPowerShell\v1.0\;C:\WINDOWS\System32\OpenSSH\;C:\Program Files (x86)\Microsoft SQL Server\160\Tools\Binn\;C:\Program Files\Microsoft SQL Server\160\Tools\Binn\;C:\Program Files\Microsoft SQL Server\Client SDK\ODBC\170\Tools\Binn\;C:\Program Files\Microsoft SQL Server\160\DTS\Binn\;C:\Program Files\dotnet\;C:\Program Files\Microsoft SQL Server\150\Tools\Binn\;C:\Program Files\MySQL\MySQL Server 8.0\bin;C:\Program Files\MySQL\MySQL Shell 8.0\bin\;C:\Users\hp\AppData\Local\Microsoft\WindowsApps;D:\Microsoft VS Code\bin;C:\Users\hp\.dotnet\tools;C:\MinGW\bin;
USERNAME=hp
OS=Windows_NT
PROCESSOR_IDENTIFIER=Intel64 Family 6 Model 140 Stepping 1, GenuineIntel
TMP=C:\Users\hp\AppData\Local\Temp
TEMP=C:\Users\hp\AppData\Local\Temp



---------------  S Y S T E M  ---------------

OS:
 Windows 11 , 64 bit Build 22621 (10.0.22621.1485)
OS uptime: 13 days 7:32 hours

CPU: total 8 (initial active 8) (4 cores per cpu, 2 threads per core) family 6 model 140 stepping 1 microcode 0x86, cx8, cmov, fxsr, ht, mmx, 3dnowpref, sse, sse2, sse3, ssse3, sse4.1, sse4.2, popcnt, lzcnt, tsc, tscinvbit, avx, avx2, aes, erms, clmul, bmi1, bmi2, adx, avx512f, avx512dq, avx512cd, avx512bw, avx512vl, sha, fma, vzeroupper, avx512_vpopcntdq, avx512_vpclmulqdq, avx512_vaes, avx512_vnni, clflush, clflushopt, clwb, avx512_vbmi2, avx512_vbmi, rdtscp, rdpid, fsrm, gfni, avx512_bitalg

Memory: 4k page, system-wide physical 7932M (418M free)
TotalPageFile size 23090M (AvailPageFile size 4M)
current process WorkingSet (physical memory assigned to process): 72M, peak: 72M
current process commit charge ("private bytes"): 221M, peak: 260M

vm_info: Java HotSpot(TM) 64-Bit Server VM (19.0.2+7-44) for windows-amd64 JRE (19.0.2+7-44), built on 2022-11-30T18:02:09Z by "mach5one" with MS VC++ 17.1 (VS2022)

END.
