#
# There is insufficient memory for the Java Runtime Environment to continue.
# Native memory allocation (mmap) failed to map 65536 bytes for Failed to commit metaspace.
# Possible reasons:
#   The system is out of physical RAM or swap space
#   The process is running with CompressedOops enabled, and the Java Heap may be blocking the growth of the native heap
# Possible solutions:
#   Reduce memory load on the system
#   Increase physical memory or swap space
#   Check if swap backing store is full
#   Decrease Java heap size (-Xmx/-Xms)
#   Decrease number of Java threads
#   Decrease Java thread stack sizes (-Xss)
#   Set larger code cache with -XX:ReservedCodeCacheSize=
#   JVM is running with Unscaled Compressed Oops mode in which the Java heap is
#     placed in the first 4GB address space. The Java Heap base address is the
#     maximum limit for the native heap growth. Please use -XX:HeapBaseMinAddress
#     to set the Java Heap base and to place the Java Heap above 4GB virtual address.
# This output file may be truncated or incomplete.
#
#  Out of Memory Error (virtualSpaceNode.cpp:110), pid=14148, tid=11156
#
# JRE version: Java(TM) SE Runtime Environment (19.0.2+7) (build 19.0.2+7-44)
# Java VM: Java HotSpot(TM) 64-Bit Server VM (19.0.2+7-44, mixed mode, sharing, tiered, compressed oops, compressed class ptrs, g1 gc, windows-amd64)
# No core dump will be written. Minidumps are not enabled by default on client versions of Windows
#

---------------  S U M M A R Y ------------

Command Line: -Dfile.encoding=UTF-8 --module-path=C:\Users\hp\OneDrive\Documents\NetBeansProjects\FITNESS_CLUB_PROJECT\build\classes PRACTICE

Host: 11th Gen Intel(R) Core(TM) i5-1135G7 @ 2.40GHz, 8 cores, 7G,  Windows 11 , 64 bit Build 22621 (10.0.22621.1485)
Time: Tue May  9 00:13:35 2023 Bangladesh Standard Time elapsed time: 7146.237433 seconds (0d 1h 59m 6s)

---------------  T H R E A D  ---------------

Current thread (0x000002e2b32be770):  JavaThread "C1 CompilerThread0" daemon [_thread_in_vm, id=11156, stack(0x000000eeeab00000,0x000000eeeac00000)]


Current CompileTask:
C1:7146237 1407       3       java.util.HashMap::tableSizeFor (32 bytes)

Stack: [0x000000eeeab00000,0x000000eeeac00000]
Native frames: (J=compiled Java code, j=interpreted, Vv=VM code, C=native code)
V  [jvm.dll+0x6ee21a]
V  [jvm.dll+0x85765e]
V  [jvm.dll+0x85904e]
V  [jvm.dll+0x859703]
V  [jvm.dll+0x28298f]
V  [jvm.dll+0x8532db]
V  [jvm.dll+0x692cb6]
V  [jvm.dll+0x692d1a]
V  [jvm.dll+0x695613]
V  [jvm.dll+0x6954de]
V  [jvm.dll+0x6936de]
V  [jvm.dll+0x6a4f0a]
V  [jvm.dll+0x69df0a]
V  [jvm.dll+0x2002b0]
V  [jvm.dll+0x200498]
V  [jvm.dll+0x160eae]
V  [jvm.dll+0x161208]
V  [jvm.dll+0x160666]
V  [jvm.dll+0x16235d]
V  [jvm.dll+0x25b25a]
V  [jvm.dll+0x2596e8]
V  [jvm.dll+0x807588]
V  [jvm.dll+0x80125a]
V  [jvm.dll+0x6ecf0b]
C  [ucrtbase.dll+0x29363]
C  [KERNEL32.DLL+0x1269d]
C  [ntdll.dll+0x5a9f8]


---------------  P R O C E S S  ---------------

Threads class SMR info:
_java_thread_list=0x000002e2b77df180, length=17, elements={
0x000002e2b32abf70, 0x000002e2b32ae8b0, 0x000002e2b32af7f0, 0x000002e2b32b2490,
0x000002e2b32b2dc0, 0x000002e2b32b36f0, 0x000002e2b32b6360, 0x000002e2b32be770,
0x000002e2b32c2bc0, 0x000002e2b75da240, 0x000002e2b768ec50, 0x000002e2b77d9220,
0x000002e2b77e0e50, 0x000002e2b84b42b0, 0x000002e2b77df650, 0x000002e294d282b0,
0x000002e2b875cf20
}

Java Threads: ( => current thread )
  0x000002e2b32abf70 JavaThread "Reference Handler" daemon [_thread_blocked, id=22628, stack(0x000000eeea400000,0x000000eeea500000)]
  0x000002e2b32ae8b0 JavaThread "Finalizer" daemon [_thread_blocked, id=14780, stack(0x000000eeea500000,0x000000eeea600000)]
  0x000002e2b32af7f0 JavaThread "Signal Dispatcher" daemon [_thread_blocked, id=12388, stack(0x000000eeea600000,0x000000eeea700000)]
  0x000002e2b32b2490 JavaThread "Attach Listener" daemon [_thread_blocked, id=6920, stack(0x000000eeea700000,0x000000eeea800000)]
  0x000002e2b32b2dc0 JavaThread "Service Thread" daemon [_thread_blocked, id=21508, stack(0x000000eeea800000,0x000000eeea900000)]
  0x000002e2b32b36f0 JavaThread "Monitor Deflation Thread" daemon [_thread_blocked, id=19932, stack(0x000000eeea900000,0x000000eeeaa00000)]
  0x000002e2b32b6360 JavaThread "C2 CompilerThread0" daemon [_thread_blocked, id=29964, stack(0x000000eeeaa00000,0x000000eeeab00000)]
=>0x000002e2b32be770 JavaThread "C1 CompilerThread0" daemon [_thread_in_vm, id=11156, stack(0x000000eeeab00000,0x000000eeeac00000)]
  0x000002e2b32c2bc0 JavaThread "Sweeper thread" daemon [_thread_blocked, id=16876, stack(0x000000eeeac00000,0x000000eeead00000)]
  0x000002e2b75da240 JavaThread "Common-Cleaner" daemon [_thread_blocked, id=28656, stack(0x000000eeead00000,0x000000eeeae00000)]
  0x000002e2b768ec50 JavaThread "Notification Thread" daemon [_thread_blocked, id=23896, stack(0x000000eeeae00000,0x000000eeeaf00000)]
  0x000002e2b77d9220 JavaThread "Java2D Disposer" daemon [_thread_blocked, id=30060, stack(0x000000eeeb100000,0x000000eeeb200000)]
  0x000002e2b77e0e50 JavaThread "AWT-Windows" daemon [_thread_in_native, id=736, stack(0x000000eeeb300000,0x000000eeeb400000)]
  0x000002e2b84b42b0 JavaThread "AWT-Shutdown" [_thread_blocked, id=4648, stack(0x000000eeeb200000,0x000000eeeb300000)]
  0x000002e2b77df650 JavaThread "AWT-EventQueue-0" [_thread_in_vm, id=13192, stack(0x000000eeeba00000,0x000000eeebb00000)]
  0x000002e294d282b0 JavaThread "DestroyJavaVM" [_thread_blocked, id=11296, stack(0x000000eee9d00000,0x000000eee9e00000)]
  0x000002e2b875cf20 JavaThread "TimerQueue" daemon [_thread_blocked, id=17164, stack(0x000000eeec000000,0x000000eeec100000)]

Other Threads:
  0x000002e2b3295610 VMThread "VM Thread" [stack: 0x000000eeea300000,0x000000eeea400000] [id=3396]
  0x000002e2b76a7160 WatcherThread "VM Periodic Task Thread" [stack: 0x000000eeeaf00000,0x000000eeeb000000] [id=16232]
  0x000002e294d87c70 WorkerThread "GC Thread#0" [stack: 0x000000eee9e00000,0x000000eee9f00000] [id=25028]
  0x000002e2b78cb3f0 WorkerThread "GC Thread#1" [stack: 0x000000eeeb500000,0x000000eeeb600000] [id=2192]
  0x000002e2b78b29a0 WorkerThread "GC Thread#2" [stack: 0x000000eeeb600000,0x000000eeeb700000] [id=10656]
  0x000002e2b8396e30 WorkerThread "GC Thread#3" [stack: 0x000000eeeb700000,0x000000eeeb800000] [id=23320]
  0x000002e2b83e7ca0 WorkerThread "GC Thread#4" [stack: 0x000000eeeb800000,0x000000eeeb900000] [id=16524]
  0x000002e2b78f94d0 WorkerThread "GC Thread#5" [stack: 0x000000eeeb900000,0x000000eeeba00000] [id=29056]
  0x000002e2b83e6410 WorkerThread "GC Thread#6" [stack: 0x000000eeebb00000,0x000000eeebc00000] [id=18512]
  0x000002e294d985e0 ConcurrentGCThread "G1 Main Marker" [stack: 0x000000eee9f00000,0x000000eeea000000] [id=5768]
  0x000002e294d98f20 WorkerThread "G1 Conc#0" [stack: 0x000000eeea000000,0x000000eeea100000] [id=29308]
  0x000002e2b83e66e0 WorkerThread "G1 Conc#1" [stack: 0x000000eeeb000000,0x000000eeeb100000] [id=9040]
  0x000002e294dee8f0 ConcurrentGCThread "G1 Refine#0" [stack: 0x000000eeea100000,0x000000eeea200000] [id=18416]
  0x000002e2b314c3d0 ConcurrentGCThread "G1 Service" [stack: 0x000000eeea200000,0x000000eeea300000] [id=21136]

Threads with active compile tasks:
C1 CompilerThread0  7146429 1407       3       java.util.HashMap::tableSizeFor (32 bytes)

VM state: not at safepoint (normal execution)

VM Mutex/Monitor currently owned by a thread:  ([mutex/lock_event])
[0x000002e294d21e30] Metaspace_lock - owner thread: 0x000002e2b32be770
[0x000002e294d22f60] MethodData_lock - owner thread: 0x000002e2b32be770

Heap address: 0x0000000084000000, size: 1984 MB, Compressed Oops mode: 32-bit

CDS archive(s) mapped at: [0x0000000800000000-0x0000000800c40000-0x0000000800c40000), size 12845056, SharedBaseAddress: 0x0000000800000000, ArchiveRelocationMode: 0.
Compressed class space mapped at: 0x0000000801000000-0x0000000841000000, reserved size: 1073741824
Narrow klass base: 0x0000000800000000, Narrow klass shift: 0, Narrow klass range: 0x100000000

GC Precious Log:
 CardTable entry size: 512
 Card Set container configuration: InlinePtr #cards 5 size 8 Array Of Cards #cards 12 size 40 Howl #buckets 4 coarsen threshold 1843 Howl Bitmap #cards 512 size 80 coarsen threshold 460 Card regions per heap region 1 cards per card region 2048
 CPUs: 8 total, 8 available
 Memory: 7932M
 Large Page Support: Disabled
 NUMA Support: Disabled
 Compressed Oops: Enabled (32-bit)
 Heap Region Size: 1M
 Heap Min Capacity: 8M
 Heap Initial Capacity: 124M
 Heap Max Capacity: 1984M
 Pre-touch: Disabled
 Parallel Workers: 8
 Concurrent Workers: 2
 Concurrent Refinement Workers: 8
 Periodic GC: Disabled

Heap:
 garbage-first heap   total 155648K, used 101484K [0x0000000084000000, 0x0000000100000000)
  region size 1024K, 16 young (16384K), 4 survivors (4096K)
 Metaspace       used 8281K, committed 8512K, reserved 1114112K
  class space    used 899K, committed 1024K, reserved 1048576K

Heap Regions: E=young(eden), S=young(survivor), O=old, HS=humongous(starts), HC=humongous(continues), CS=collection set, F=free, OA=open archive, CA=closed archive, TAMS=top-at-mark-start (previous, next)
|   0|0x0000000084000000, 0x0000000084100000, 0x0000000084100000|100%|HS|  |TAMS 0x0000000084100000, 0x0000000084000000| Complete 
|   1|0x0000000084100000, 0x0000000084200000, 0x0000000084200000|100%|HC|  |TAMS 0x0000000084200000, 0x0000000084100000| Complete 
|   2|0x0000000084200000, 0x0000000084300000, 0x0000000084300000|100%|HC|  |TAMS 0x0000000084300000, 0x0000000084200000| Complete 
|   3|0x0000000084300000, 0x0000000084400000, 0x0000000084400000|100%|HC|  |TAMS 0x0000000084400000, 0x0000000084300000| Complete 
|   4|0x0000000084400000, 0x0000000084500000, 0x0000000084500000|100%|HC|  |TAMS 0x0000000084500000, 0x0000000084400000| Complete 
|   5|0x0000000084500000, 0x0000000084600000, 0x0000000084600000|100%|HC|  |TAMS 0x0000000084600000, 0x0000000084500000| Complete 
|   6|0x0000000084600000, 0x0000000084700000, 0x0000000084700000|100%|HC|  |TAMS 0x0000000084700000, 0x0000000084600000| Complete 
|   7|0x0000000084700000, 0x0000000084800000, 0x0000000084800000|100%|HC|  |TAMS 0x0000000084800000, 0x0000000084700000| Complete 
|   8|0x0000000084800000, 0x0000000084900000, 0x0000000084900000|100%|HC|  |TAMS 0x0000000084900000, 0x0000000084800000| Complete 
|   9|0x0000000084900000, 0x0000000084a00000, 0x0000000084a00000|100%|HC|  |TAMS 0x0000000084a00000, 0x0000000084900000| Complete 
|  10|0x0000000084a00000, 0x0000000084b00000, 0x0000000084b00000|100%|HC|  |TAMS 0x0000000084b00000, 0x0000000084a00000| Complete 
|  11|0x0000000084b00000, 0x0000000084c00000, 0x0000000084c00000|100%|HC|  |TAMS 0x0000000084c00000, 0x0000000084b00000| Complete 
|  12|0x0000000084c00000, 0x0000000084d00000, 0x0000000084d00000|100%|HC|  |TAMS 0x0000000084d00000, 0x0000000084c00000| Complete 
|  13|0x0000000084d00000, 0x0000000084e00000, 0x0000000084e00000|100%|HC|  |TAMS 0x0000000084e00000, 0x0000000084d00000| Complete 
|  14|0x0000000084e00000, 0x0000000084f00000, 0x0000000084f00000|100%|HC|  |TAMS 0x0000000084f00000, 0x0000000084e00000| Complete 
|  15|0x0000000084f00000, 0x0000000085000000, 0x0000000085000000|100%|HC|  |TAMS 0x0000000085000000, 0x0000000084f00000| Complete 
|  16|0x0000000085000000, 0x0000000085100000, 0x0000000085100000|100%|HC|  |TAMS 0x0000000085100000, 0x0000000085000000| Complete 
|  17|0x0000000085100000, 0x0000000085200000, 0x0000000085200000|100%|HC|  |TAMS 0x0000000085200000, 0x0000000085100000| Complete 
|  18|0x0000000085200000, 0x0000000085300000, 0x0000000085300000|100%|HC|  |TAMS 0x0000000085300000, 0x0000000085200000| Complete 
|  19|0x0000000085300000, 0x0000000085400000, 0x0000000085400000|100%|HC|  |TAMS 0x0000000085400000, 0x0000000085300000| Complete 
|  20|0x0000000085400000, 0x0000000085500000, 0x0000000085500000|100%|HC|  |TAMS 0x0000000085500000, 0x0000000085400000| Complete 
|  21|0x0000000085500000, 0x0000000085600000, 0x0000000085600000|100%|HC|  |TAMS 0x0000000085600000, 0x0000000085500000| Complete 
|  22|0x0000000085600000, 0x0000000085700000, 0x0000000085700000|100%|HC|  |TAMS 0x0000000085700000, 0x0000000085600000| Complete 
|  23|0x0000000085700000, 0x0000000085800000, 0x0000000085800000|100%|HC|  |TAMS 0x0000000085800000, 0x0000000085700000| Complete 
|  24|0x0000000085800000, 0x0000000085900000, 0x0000000085900000|100%|HC|  |TAMS 0x0000000085900000, 0x0000000085800000| Complete 
|  25|0x0000000085900000, 0x0000000085a00000, 0x0000000085a00000|100%|HC|  |TAMS 0x0000000085a00000, 0x0000000085900000| Complete 
|  26|0x0000000085a00000, 0x0000000085b00000, 0x0000000085b00000|100%|HC|  |TAMS 0x0000000085b00000, 0x0000000085a00000| Complete 
|  27|0x0000000085b00000, 0x0000000085c00000, 0x0000000085c00000|100%|HC|  |TAMS 0x0000000085c00000, 0x0000000085b00000| Complete 
|  28|0x0000000085c00000, 0x0000000085d00000, 0x0000000085d00000|100%|HC|  |TAMS 0x0000000085d00000, 0x0000000085c00000| Complete 
|  29|0x0000000085d00000, 0x0000000085e00000, 0x0000000085e00000|100%|HC|  |TAMS 0x0000000085e00000, 0x0000000085d00000| Complete 
|  30|0x0000000085e00000, 0x0000000085f00000, 0x0000000085f00000|100%|HC|  |TAMS 0x0000000085f00000, 0x0000000085e00000| Complete 
|  31|0x0000000085f00000, 0x0000000086000000, 0x0000000086000000|100%|HC|  |TAMS 0x0000000086000000, 0x0000000085f00000| Complete 
|  32|0x0000000086000000, 0x0000000086100000, 0x0000000086100000|100%|HC|  |TAMS 0x0000000086100000, 0x0000000086000000| Complete 
|  33|0x0000000086100000, 0x0000000086200000, 0x0000000086200000|100%|HC|  |TAMS 0x0000000086200000, 0x0000000086100000| Complete 
|  34|0x0000000086200000, 0x0000000086300000, 0x0000000086300000|100%|HC|  |TAMS 0x0000000086300000, 0x0000000086200000| Complete 
|  35|0x0000000086300000, 0x0000000086400000, 0x0000000086400000|100%|HC|  |TAMS 0x0000000086400000, 0x0000000086300000| Complete 
|  36|0x0000000086400000, 0x0000000086500000, 0x0000000086500000|100%|HC|  |TAMS 0x0000000086500000, 0x0000000086400000| Complete 
|  37|0x0000000086500000, 0x0000000086600000, 0x0000000086600000|100%|HC|  |TAMS 0x0000000086600000, 0x0000000086500000| Complete 
|  38|0x0000000086600000, 0x0000000086700000, 0x0000000086700000|100%|HC|  |TAMS 0x0000000086700000, 0x0000000086600000| Complete 
|  39|0x0000000086700000, 0x0000000086800000, 0x0000000086800000|100%|HC|  |TAMS 0x0000000086800000, 0x0000000086700000| Complete 
|  40|0x0000000086800000, 0x0000000086900000, 0x0000000086900000|100%|HC|  |TAMS 0x0000000086900000, 0x0000000086800000| Complete 
|  41|0x0000000086900000, 0x0000000086a00000, 0x0000000086a00000|100%|HC|  |TAMS 0x0000000086a00000, 0x0000000086900000| Complete 
|  42|0x0000000086a00000, 0x0000000086b00000, 0x0000000086b00000|100%|HC|  |TAMS 0x0000000086b00000, 0x0000000086a00000| Complete 
|  43|0x0000000086b00000, 0x0000000086c00000, 0x0000000086c00000|100%|HC|  |TAMS 0x0000000086c00000, 0x0000000086b00000| Complete 
|  44|0x0000000086c00000, 0x0000000086d00000, 0x0000000086d00000|100%|HC|  |TAMS 0x0000000086d00000, 0x0000000086c00000| Complete 
|  45|0x0000000086d00000, 0x0000000086e00000, 0x0000000086e00000|100%|HC|  |TAMS 0x0000000086e00000, 0x0000000086d00000| Complete 
|  46|0x0000000086e00000, 0x0000000086f00000, 0x0000000086f00000|100%|HC|  |TAMS 0x0000000086f00000, 0x0000000086e00000| Complete 
|  47|0x0000000086f00000, 0x0000000087000000, 0x0000000087000000|100%|HC|  |TAMS 0x0000000087000000, 0x0000000086f00000| Complete 
|  48|0x0000000087000000, 0x0000000087100000, 0x0000000087100000|100%|HC|  |TAMS 0x0000000087100000, 0x0000000087000000| Complete 
|  49|0x0000000087100000, 0x0000000087200000, 0x0000000087200000|100%|HC|  |TAMS 0x0000000087200000, 0x0000000087100000| Complete 
|  50|0x0000000087200000, 0x0000000087300000, 0x0000000087300000|100%|HC|  |TAMS 0x0000000087300000, 0x0000000087200000| Complete 
|  51|0x0000000087300000, 0x0000000087400000, 0x0000000087400000|100%|HC|  |TAMS 0x0000000087400000, 0x0000000087300000| Complete 
|  52|0x0000000087400000, 0x0000000087500000, 0x0000000087500000|100%|HC|  |TAMS 0x0000000087500000, 0x0000000087400000| Complete 
|  53|0x0000000087500000, 0x0000000087600000, 0x0000000087600000|100%|HC|  |TAMS 0x0000000087600000, 0x0000000087500000| Complete 
|  54|0x0000000087600000, 0x0000000087700000, 0x0000000087700000|100%|HC|  |TAMS 0x0000000087700000, 0x0000000087600000| Complete 
|  55|0x0000000087700000, 0x0000000087800000, 0x0000000087800000|100%|HC|  |TAMS 0x0000000087800000, 0x0000000087700000| Complete 
|  56|0x0000000087800000, 0x0000000087900000, 0x0000000087900000|100%|HC|  |TAMS 0x0000000087900000, 0x0000000087800000| Complete 
|  57|0x0000000087900000, 0x0000000087a00000, 0x0000000087a00000|100%|HC|  |TAMS 0x0000000087a00000, 0x0000000087900000| Complete 
|  58|0x0000000087a00000, 0x0000000087b00000, 0x0000000087b00000|100%|HC|  |TAMS 0x0000000087b00000, 0x0000000087a00000| Complete 
|  59|0x0000000087b00000, 0x0000000087c00000, 0x0000000087c00000|100%|HC|  |TAMS 0x0000000087c00000, 0x0000000087b00000| Complete 
|  60|0x0000000087c00000, 0x0000000087d00000, 0x0000000087d00000|100%|HC|  |TAMS 0x0000000087d00000, 0x0000000087c00000| Complete 
|  61|0x0000000087d00000, 0x0000000087e00000, 0x0000000087e00000|100%|HC|  |TAMS 0x0000000087e00000, 0x0000000087d00000| Complete 
|  62|0x0000000087e00000, 0x0000000087f00000, 0x0000000087f00000|100%|HS|  |TAMS 0x0000000087e00000, 0x0000000087e00000| Complete 
|  63|0x0000000087f00000, 0x0000000088000000, 0x0000000088000000|100%|HC|  |TAMS 0x0000000087f00000, 0x0000000087f00000| Complete 
|  64|0x0000000088000000, 0x0000000088100000, 0x0000000088100000|100%|HC|  |TAMS 0x0000000088000000, 0x0000000088000000| Complete 
|  65|0x0000000088100000, 0x0000000088200000, 0x0000000088200000|100%|HC|  |TAMS 0x0000000088100000, 0x0000000088100000| Complete 
|  66|0x0000000088200000, 0x0000000088300000, 0x0000000088300000|100%|HC|  |TAMS 0x0000000088200000, 0x0000000088200000| Complete 
|  67|0x0000000088300000, 0x0000000088400000, 0x0000000088400000|100%|HS|  |TAMS 0x0000000088400000, 0x0000000088300000| Complete 
|  68|0x0000000088400000, 0x0000000088500000, 0x0000000088500000|100%|HC|  |TAMS 0x0000000088500000, 0x0000000088400000| Complete 
|  69|0x0000000088500000, 0x0000000088600000, 0x0000000088600000|100%|HC|  |TAMS 0x0000000088600000, 0x0000000088500000| Complete 
|  70|0x0000000088600000, 0x0000000088700000, 0x0000000088700000|100%|HC|  |TAMS 0x0000000088700000, 0x0000000088600000| Complete 
|  71|0x0000000088700000, 0x0000000088800000, 0x0000000088800000|100%|HC|  |TAMS 0x0000000088800000, 0x0000000088700000| Complete 
|  72|0x0000000088800000, 0x0000000088900000, 0x0000000088900000|100%|HS|  |TAMS 0x0000000088900000, 0x0000000088800000| Complete 
|  73|0x0000000088900000, 0x0000000088a00000, 0x0000000088a00000|100%|HC|  |TAMS 0x0000000088a00000, 0x0000000088900000| Complete 
|  74|0x0000000088a00000, 0x0000000088b00000, 0x0000000088b00000|100%|HC|  |TAMS 0x0000000088b00000, 0x0000000088a00000| Complete 
|  75|0x0000000088b00000, 0x0000000088c00000, 0x0000000088c00000|100%|HC|  |TAMS 0x0000000088c00000, 0x0000000088b00000| Complete 
|  76|0x0000000088c00000, 0x0000000088d00000, 0x0000000088d00000|100%|HC|  |TAMS 0x0000000088d00000, 0x0000000088c00000| Complete 
|  77|0x0000000088d00000, 0x0000000088e00000, 0x0000000088e00000|100%|HC|  |TAMS 0x0000000088e00000, 0x0000000088d00000| Complete 
|  78|0x0000000088e00000, 0x0000000088f00000, 0x0000000088f00000|100%|HC|  |TAMS 0x0000000088f00000, 0x0000000088e00000| Complete 
|  79|0x0000000088f00000, 0x0000000089000000, 0x0000000089000000|100%|HC|  |TAMS 0x0000000089000000, 0x0000000088f00000| Complete 
|  80|0x0000000089000000, 0x0000000089100000, 0x0000000089100000|100%|HS|  |TAMS 0x0000000089000000, 0x0000000089000000| Complete 
|  81|0x0000000089100000, 0x0000000089200000, 0x0000000089200000|100%|HC|  |TAMS 0x0000000089100000, 0x0000000089100000| Complete 
|  82|0x0000000089200000, 0x0000000089300000, 0x0000000089300000|100%|HC|  |TAMS 0x0000000089200000, 0x0000000089200000| Complete 
|  83|0x0000000089300000, 0x0000000089400000, 0x0000000089400000|100%|HC|  |TAMS 0x0000000089300000, 0x0000000089300000| Complete 
|  84|0x0000000089400000, 0x0000000089500000, 0x0000000089500000|100%|HC|  |TAMS 0x0000000089400000, 0x0000000089400000| Complete 
|  85|0x0000000089500000, 0x0000000089500000, 0x0000000089600000|  0%| F|  |TAMS 0x0000000089500000, 0x0000000089500000| Untracked 
|  86|0x0000000089600000, 0x0000000089600000, 0x0000000089700000|  0%| F|  |TAMS 0x0000000089600000, 0x0000000089600000| Untracked 
|  87|0x0000000089700000, 0x0000000089700000, 0x0000000089800000|  0%| F|  |TAMS 0x0000000089700000, 0x0000000089700000| Untracked 
|  88|0x0000000089800000, 0x0000000089800000, 0x0000000089900000|  0%| F|  |TAMS 0x0000000089800000, 0x0000000089800000| Untracked 
|  89|0x0000000089900000, 0x0000000089900000, 0x0000000089a00000|  0%| F|  |TAMS 0x0000000089900000, 0x0000000089900000| Untracked 
|  90|0x0000000089a00000, 0x0000000089a00000, 0x0000000089b00000|  0%| F|  |TAMS 0x0000000089a00000, 0x0000000089a00000| Untracked 
|  91|0x0000000089b00000, 0x0000000089b00000, 0x0000000089c00000|  0%| F|  |TAMS 0x0000000089b00000, 0x0000000089b00000| Untracked 
|  92|0x0000000089c00000, 0x0000000089c00000, 0x0000000089d00000|  0%| F|  |TAMS 0x0000000089c00000, 0x0000000089c00000| Untracked 
|  93|0x0000000089d00000, 0x0000000089d00000, 0x0000000089e00000|  0%| F|  |TAMS 0x0000000089d00000, 0x0000000089d00000| Untracked 
|  94|0x0000000089e00000, 0x0000000089e00000, 0x0000000089f00000|  0%| F|  |TAMS 0x0000000089e00000, 0x0000000089e00000| Untracked 
|  95|0x0000000089f00000, 0x0000000089f00000, 0x000000008a000000|  0%| F|  |TAMS 0x0000000089f00000, 0x0000000089f00000| Untracked 
|  96|0x000000008a000000, 0x000000008a000000, 0x000000008a100000|  0%| F|  |TAMS 0x000000008a000000, 0x000000008a000000| Untracked 
|  97|0x000000008a100000, 0x000000008a100000, 0x000000008a200000|  0%| F|  |TAMS 0x000000008a100000, 0x000000008a100000| Untracked 
|  98|0x000000008a200000, 0x000000008a200000, 0x000000008a300000|  0%| F|  |TAMS 0x000000008a200000, 0x000000008a200000| Untracked 
|  99|0x000000008a300000, 0x000000008a300000, 0x000000008a400000|  0%| F|  |TAMS 0x000000008a300000, 0x000000008a300000| Untracked 
| 100|0x000000008a400000, 0x000000008a400000, 0x000000008a500000|  0%| F|  |TAMS 0x000000008a400000, 0x000000008a400000| Untracked 
| 101|0x000000008a500000, 0x000000008a500000, 0x000000008a600000|  0%| F|  |TAMS 0x000000008a500000, 0x000000008a500000| Untracked 
| 102|0x000000008a600000, 0x000000008a600000, 0x000000008a700000|  0%| F|  |TAMS 0x000000008a600000, 0x000000008a600000| Untracked 
| 103|0x000000008a700000, 0x000000008a700000, 0x000000008a800000|  0%| F|  |TAMS 0x000000008a700000, 0x000000008a700000| Untracked 
| 104|0x000000008a800000, 0x000000008a800000, 0x000000008a900000|  0%| F|  |TAMS 0x000000008a800000, 0x000000008a800000| Untracked 
| 105|0x000000008a900000, 0x000000008a900000, 0x000000008aa00000|  0%| F|  |TAMS 0x000000008a900000, 0x000000008a900000| Untracked 
| 106|0x000000008aa00000, 0x000000008aa00000, 0x000000008ab00000|  0%| F|  |TAMS 0x000000008aa00000, 0x000000008aa00000| Untracked 
| 107|0x000000008ab00000, 0x000000008ab00000, 0x000000008ac00000|  0%| F|  |TAMS 0x000000008ab00000, 0x000000008ab00000| Untracked 
| 108|0x000000008ac00000, 0x000000008ac00000, 0x000000008ad00000|  0%| F|  |TAMS 0x000000008ac00000, 0x000000008ac00000| Untracked 
| 109|0x000000008ad00000, 0x000000008ad00000, 0x000000008ae00000|  0%| F|  |TAMS 0x000000008ad00000, 0x000000008ad00000| Untracked 
| 110|0x000000008ae00000, 0x000000008ae00000, 0x000000008af00000|  0%| F|  |TAMS 0x000000008ae00000, 0x000000008ae00000| Untracked 
| 111|0x000000008af00000, 0x000000008af00000, 0x000000008b000000|  0%| F|  |TAMS 0x000000008af00000, 0x000000008af00000| Untracked 
| 112|0x000000008b000000, 0x000000008b000000, 0x000000008b100000|  0%| F|  |TAMS 0x000000008b000000, 0x000000008b000000| Untracked 
| 113|0x000000008b100000, 0x000000008b100000, 0x000000008b200000|  0%| F|  |TAMS 0x000000008b100000, 0x000000008b100000| Untracked 
| 114|0x000000008b200000, 0x000000008b21b000, 0x000000008b300000| 10%| S|CS|TAMS 0x000000008b200000, 0x000000008b200000| Complete 
| 115|0x000000008b300000, 0x000000008b400000, 0x000000008b400000|100%| S|CS|TAMS 0x000000008b300000, 0x000000008b300000| Complete 
| 116|0x000000008b400000, 0x000000008b500000, 0x000000008b500000|100%| S|CS|TAMS 0x000000008b400000, 0x000000008b400000| Complete 
| 117|0x000000008b500000, 0x000000008b600000, 0x000000008b600000|100%| S|CS|TAMS 0x000000008b500000, 0x000000008b500000| Complete 
| 118|0x000000008b600000, 0x000000008b600000, 0x000000008b700000|  0%| F|  |TAMS 0x000000008b600000, 0x000000008b600000| Untracked 
| 119|0x000000008b700000, 0x000000008b700000, 0x000000008b800000|  0%| F|  |TAMS 0x000000008b700000, 0x000000008b700000| Untracked 
| 120|0x000000008b800000, 0x000000008b800000, 0x000000008b900000|  0%| F|  |TAMS 0x000000008b800000, 0x000000008b800000| Untracked 
| 121|0x000000008b900000, 0x000000008b900000, 0x000000008ba00000|  0%| F|  |TAMS 0x000000008b900000, 0x000000008b900000| Untracked 
| 122|0x000000008ba00000, 0x000000008ba00000, 0x000000008bb00000|  0%| F|  |TAMS 0x000000008ba00000, 0x000000008ba00000| Untracked 
| 123|0x000000008bb00000, 0x000000008bb00000, 0x000000008bc00000|  0%| F|  |TAMS 0x000000008bb00000, 0x000000008bb00000| Untracked 
| 124|0x000000008bc00000, 0x000000008bc00000, 0x000000008bd00000|  0%| F|  |TAMS 0x000000008bc00000, 0x000000008bc00000| Untracked 
| 125|0x000000008bd00000, 0x000000008bd00000, 0x000000008be00000|  0%| F|  |TAMS 0x000000008bd00000, 0x000000008bd00000| Untracked 
| 126|0x000000008be00000, 0x000000008be00000, 0x000000008bf00000|  0%| F|  |TAMS 0x000000008be00000, 0x000000008be00000| Untracked 
| 127|0x000000008bf00000, 0x000000008bf00000, 0x000000008c000000|  0%| F|  |TAMS 0x000000008bf00000, 0x000000008bf00000| Untracked 
| 128|0x000000008c000000, 0x000000008c100000, 0x000000008c100000|100%| E|CS|TAMS 0x000000008c000000, 0x000000008c000000| Complete 
| 129|0x000000008c100000, 0x000000008c200000, 0x000000008c200000|100%| E|CS|TAMS 0x000000008c100000, 0x000000008c100000| Complete 
| 130|0x000000008c200000, 0x000000008c200000, 0x000000008c300000|  0%| F|  |TAMS 0x000000008c200000, 0x000000008c200000| Untracked 
| 131|0x000000008c300000, 0x000000008c300000, 0x000000008c400000|  0%| F|  |TAMS 0x000000008c300000, 0x000000008c300000| Untracked 
| 132|0x000000008c400000, 0x000000008c400000, 0x000000008c500000|  0%| F|  |TAMS 0x000000008c400000, 0x000000008c400000| Untracked 
| 133|0x000000008c500000, 0x000000008c500000, 0x000000008c600000|  0%| F|  |TAMS 0x000000008c500000, 0x000000008c500000| Untracked 
| 134|0x000000008c600000, 0x000000008c600000, 0x000000008c700000|  0%| F|  |TAMS 0x000000008c600000, 0x000000008c600000| Untracked 
| 135|0x000000008c700000, 0x000000008c700000, 0x000000008c800000|  0%| F|  |TAMS 0x000000008c700000, 0x000000008c700000| Untracked 
| 136|0x000000008c800000, 0x000000008c800000, 0x000000008c900000|  0%| F|  |TAMS 0x000000008c800000, 0x000000008c800000| Untracked 
| 137|0x000000008c900000, 0x000000008c900000, 0x000000008ca00000|  0%| F|  |TAMS 0x000000008c900000, 0x000000008c900000| Untracked 
| 138|0x000000008ca00000, 0x000000008ca00000, 0x000000008cb00000|  0%| F|  |TAMS 0x000000008ca00000, 0x000000008ca00000| Untracked 
| 139|0x000000008cb00000, 0x000000008cb00000, 0x000000008cc00000|  0%| F|  |TAMS 0x000000008cb00000, 0x000000008cb00000| Untracked 
| 140|0x000000008cc00000, 0x000000008cc00000, 0x000000008cd00000|  0%| F|  |TAMS 0x000000008cc00000, 0x000000008cc00000| Untracked 
| 141|0x000000008cd00000, 0x000000008cd00000, 0x000000008ce00000|  0%| F|  |TAMS 0x000000008cd00000, 0x000000008cd00000| Untracked 
| 142|0x000000008ce00000, 0x000000008cf00000, 0x000000008cf00000|100%| E|  |TAMS 0x000000008ce00000, 0x000000008ce00000| Complete 
| 143|0x000000008cf00000, 0x000000008d000000, 0x000000008d000000|100%| E|CS|TAMS 0x000000008cf00000, 0x000000008cf00000| Complete 
| 144|0x000000008d000000, 0x000000008d100000, 0x000000008d100000|100%| E|CS|TAMS 0x000000008d000000, 0x000000008d000000| Complete 
| 145|0x000000008d100000, 0x000000008d200000, 0x000000008d200000|100%| E|CS|TAMS 0x000000008d100000, 0x000000008d100000| Complete 
| 146|0x000000008d200000, 0x000000008d300000, 0x000000008d300000|100%| E|CS|TAMS 0x000000008d200000, 0x000000008d200000| Complete 
| 147|0x000000008d300000, 0x000000008d400000, 0x000000008d400000|100%| E|CS|TAMS 0x000000008d300000, 0x000000008d300000| Complete 
| 148|0x000000008d400000, 0x000000008d500000, 0x000000008d500000|100%| E|CS|TAMS 0x000000008d400000, 0x000000008d400000| Complete 
| 149|0x000000008d500000, 0x000000008d600000, 0x000000008d600000|100%| E|CS|TAMS 0x000000008d500000, 0x000000008d500000| Complete 
| 150|0x000000008d600000, 0x000000008d700000, 0x000000008d700000|100%| E|CS|TAMS 0x000000008d600000, 0x000000008d600000| Complete 
| 151|0x000000008d700000, 0x000000008d800000, 0x000000008d800000|100%| E|CS|TAMS 0x000000008d700000, 0x000000008d700000| Complete 

Card table byte_map: [0x000002e2ac3a0000,0x000002e2ac780000] _byte_map_base: 0x000002e2abf80000

Marking Bits (Prev, Next): (CMBitMap*) 0x000002e294d881b0, (CMBitMap*) 0x000002e294d881f0
 Prev Bits: [0x000002e2acb60000, 0x000002e2aea60000)
 Next Bits: [0x000002e2aea60000, 0x000002e2b0960000)

Polling page: 0x000002e292cf0000

Metaspace:

Usage:
  Non-class:      7.21 MB used.
      Class:    899.13 KB used.
       Both:      8.09 MB used.

Virtual space:
  Non-class space:       64.00 MB reserved,       7.31 MB ( 11%) committed,  1 nodes.
      Class space:        1.00 GB reserved,       1.00 MB ( <1%) committed,  1 nodes.
             Both:        1.06 GB reserved,       8.31 MB ( <1%) committed. 

Chunk freelists:
   Non-Class:  3.98 MB
       Class:  3.04 MB
        Both:  7.02 MB

MaxMetaspaceSize: unlimited
CompressedClassSpaceSize: 1.00 GB
Initial GC threshold: 21.00 MB
Current GC threshold: 21.00 MB
CDS: on
MetaspaceReclaimPolicy: balanced
 - commit_granule_bytes: 65536.
 - commit_granule_words: 8192.
 - virtual_space_node_default_size: 8388608.
 - enlarge_chunks_in_place: 1.
 - new_chunks_are_fully_committed: 0.
 - uncommit_free_chunks: 1.
 - use_allocation_guard: 0.


Internal statistics:

num_allocs_failed_limit: 0.
num_arena_births: 152.
num_arena_deaths: 0.
num_vsnodes_births: 2.
num_vsnodes_deaths: 0.
num_space_committed: 133.
num_space_uncommitted: 0.
num_chunks_returned_to_freelist: 0.
num_chunks_taken_from_freelist: 171.
num_chunk_merges: 0.
num_chunk_splits: 115.
num_chunks_enlarged: 75.
num_inconsistent_stats: 0.

CodeHeap 'non-profiled nmethods': size=120000Kb used=556Kb max_used=556Kb free=119443Kb
 bounds [0x000002e2a4760000, 0x000002e2a49d0000, 0x000002e2abc90000]
CodeHeap 'profiled nmethods': size=120000Kb used=2235Kb max_used=2235Kb free=117764Kb
 bounds [0x000002e29cc90000, 0x000002e29cf00000, 0x000002e2a41c0000]
CodeHeap 'non-nmethods': size=5760Kb used=1383Kb max_used=1413Kb free=4376Kb
 bounds [0x000002e2a41c0000, 0x000002e2a4430000, 0x000002e2a4760000]
 total_blobs=2017 nmethods=1403 adapters=525
 compilation: enabled
              stopped_count=0, restarted_count=0
 full_count=0

Compilation events (20 events):
Event: 9.981 Thread 0x000002e2b32be770 nmethod 1393 0x000002e29ceb6d10 code [0x000002e29ceb6f00, 0x000002e29ceb7328]
Event: 9.981 Thread 0x000002e2b32be770 1394       3       sun.awt.SunToolkit::getSystemEventQueueImpl (4 bytes)
Event: 9.981 Thread 0x000002e2b32be770 nmethod 1394 0x000002e29ceb7510 code [0x000002e29ceb76e0, 0x000002e29ceb7a18]
Event: 10.024 Thread 0x000002e2b32be770 1395       3       java.awt.Component::dispatchEvent (6 bytes)
Event: 10.025 Thread 0x000002e2b32be770 nmethod 1395 0x000002e29ceb7b90 code [0x000002e29ceb7d40, 0x000002e29ceb7f08]
Event: 10.025 Thread 0x000002e2b32be770 1396   !   3       java.awt.Container::dispatchEventImpl (129 bytes)
Event: 10.025 Thread 0x000002e2b32be770 nmethod 1396 0x000002e29ceb7f90 code [0x000002e29ceb81e0, 0x000002e29ceb8b18]
Event: 10.052 Thread 0x000002e2b32be770 1397       3       java.awt.event.ComponentEvent::<init> (7 bytes)
Event: 10.053 Thread 0x000002e2b32be770 nmethod 1397 0x000002e29ceb8e10 code [0x000002e29ceb8fc0, 0x000002e29ceb9108]
Event: 10.067 Thread 0x000002e2b32be770 1398       3       java.awt.EventQueue::getPriority (78 bytes)
Event: 10.067 Thread 0x000002e2b32be770 nmethod 1398 0x000002e29ceb9190 code [0x000002e29ceb9380, 0x000002e29ceb99d8]
Event: 10.067 Thread 0x000002e2b32be770 1399       3       java.awt.EventQueue::postEvent (172 bytes)
Event: 10.068 Thread 0x000002e2b32be770 nmethod 1399 0x000002e29ceb9b10 code [0x000002e29ceb9e40, 0x000002e29cebb258]
Event: 903.224 Thread 0x000002e2b32be770 1400   !   3       java.util.concurrent.locks.AbstractQueuedSynchronizer::acquire (407 bytes)
Event: 903.246 Thread 0x000002e2b32be770 nmethod 1400 0x000002e29cebb890 code [0x000002e29cebbc40, 0x000002e29cebd758]
Event: 7142.649 Thread 0x000002e2b32be770 1403       3       java.awt.EventQueue::getAccessControlContextFrom (53 bytes)
Event: 7142.871 Thread 0x000002e2b32be770 nmethod 1403 0x000002e29cebe090 code [0x000002e29cebe2c0, 0x000002e29cebed88]
Event: 7145.699 Thread 0x000002e2b32b6360 1406       4       java.util.Arrays::binarySearch0 (95 bytes)
Event: 7145.930 Thread 0x000002e2b32b6360 nmethod 1406 0x000002e2a47ead90 code [0x000002e2a47eaf20, 0x000002e2a47eb138]
Event: 7146.010 Thread 0x000002e2b32be770 1407       3       java.util.HashMap::tableSizeFor (32 bytes)

GC Heap History (14 events):
Event: 0.183 GC heap before
{Heap before GC invocations=0 (full 0):
 garbage-first heap   total 126976K, used 6144K [0x0000000084000000, 0x0000000100000000)
  region size 1024K, 7 young (7168K), 0 survivors (0K)
 Metaspace       used 4583K, committed 4800K, reserved 1114112K
  class space    used 497K, committed 640K, reserved 1048576K
}
Event: 0.186 GC heap after
{Heap after GC invocations=1 (full 0):
 garbage-first heap   total 126976K, used 1664K [0x0000000084000000, 0x0000000100000000)
  region size 1024K, 2 young (2048K), 2 survivors (2048K)
 Metaspace       used 4583K, committed 4800K, reserved 1114112K
  class space    used 497K, committed 640K, reserved 1048576K
}
Event: 0.335 GC heap before
{Heap before GC invocations=1 (full 0):
 garbage-first heap   total 126976K, used 85632K [0x0000000084000000, 0x0000000100000000)
  region size 1024K, 22 young (22528K), 2 survivors (2048K)
 Metaspace       used 4715K, committed 4928K, reserved 1114112K
  class space    used 503K, committed 640K, reserved 1048576K
}
Event: 0.337 GC heap after
{Heap after GC invocations=2 (full 0):
 garbage-first heap   total 126976K, used 65142K [0x0000000084000000, 0x0000000100000000)
  region size 1024K, 2 young (2048K), 2 survivors (2048K)
 Metaspace       used 4715K, committed 4928K, reserved 1114112K
  class space    used 503K, committed 640K, reserved 1048576K
}
Event: 0.666 GC heap before
{Heap before GC invocations=2 (full 0):
 garbage-first heap   total 126976K, used 107126K [0x0000000084000000, 0x0000000100000000)
  region size 1024K, 44 young (45056K), 2 survivors (2048K)
 Metaspace       used 4716K, committed 4928K, reserved 1114112K
  class space    used 503K, committed 640K, reserved 1048576K
}
Event: 0.668 GC heap after
{Heap after GC invocations=3 (full 0):
 garbage-first heap   total 126976K, used 65140K [0x0000000084000000, 0x0000000100000000)
  region size 1024K, 2 young (2048K), 2 survivors (2048K)
 Metaspace       used 4716K, committed 4928K, reserved 1114112K
  class space    used 503K, committed 640K, reserved 1048576K
}
Event: 0.777 GC heap before
{Heap before GC invocations=4 (full 0):
 garbage-first heap   total 126976K, used 109172K [0x0000000084000000, 0x0000000100000000)
  region size 1024K, 46 young (47104K), 2 survivors (2048K)
 Metaspace       used 4716K, committed 4928K, reserved 1114112K
  class space    used 503K, committed 640K, reserved 1048576K
}
Event: 0.779 GC heap after
{Heap after GC invocations=5 (full 0):
 garbage-first heap   total 126976K, used 65140K [0x0000000084000000, 0x0000000100000000)
  region size 1024K, 2 young (2048K), 2 survivors (2048K)
 Metaspace       used 4716K, committed 4928K, reserved 1114112K
  class space    used 503K, committed 640K, reserved 1048576K
}
Event: 0.835 GC heap before
{Heap before GC invocations=5 (full 0):
 garbage-first heap   total 126976K, used 88692K [0x0000000084000000, 0x0000000100000000)
  region size 1024K, 27 young (27648K), 2 survivors (2048K)
 Metaspace       used 4753K, committed 4928K, reserved 1114112K
  class space    used 508K, committed 640K, reserved 1048576K
}
Event: 0.837 GC heap after
{Heap after GC invocations=6 (full 0):
 garbage-first heap   total 126976K, used 65068K [0x0000000084000000, 0x0000000100000000)
  region size 1024K, 2 young (2048K), 2 survivors (2048K)
 Metaspace       used 4753K, committed 4928K, reserved 1114112K
  class space    used 508K, committed 640K, reserved 1048576K
}
Event: 1.918 GC heap before
{Heap before GC invocations=7 (full 0):
 garbage-first heap   total 126976K, used 87596K [0x0000000084000000, 0x0000000100000000)
  region size 1024K, 15 young (15360K), 2 survivors (2048K)
 Metaspace       used 7063K, committed 7232K, reserved 1114112K
  class space    used 804K, committed 896K, reserved 1048576K
}
Event: 1.919 GC heap after
{Heap after GC invocations=8 (full 0):
 garbage-first heap   total 126976K, used 70568K [0x0000000084000000, 0x0000000100000000)
  region size 1024K, 2 young (2048K), 2 survivors (2048K)
 Metaspace       used 7063K, committed 7232K, reserved 1114112K
  class space    used 804K, committed 896K, reserved 1048576K
}
Event: 3.075 GC heap before
{Heap before GC invocations=9 (full 0):
 garbage-first heap   total 133120K, used 90024K [0x0000000084000000, 0x0000000100000000)
  region size 1024K, 14 young (14336K), 2 survivors (2048K)
 Metaspace       used 8168K, committed 8448K, reserved 1114112K
  class space    used 896K, committed 1024K, reserved 1048576K
}
Event: 3.078 GC heap after
{Heap after GC invocations=10 (full 0):
 garbage-first heap   total 133120K, used 79980K [0x0000000084000000, 0x0000000100000000)
  region size 1024K, 4 young (4096K), 4 survivors (4096K)
 Metaspace       used 8168K, committed 8448K, reserved 1114112K
  class space    used 896K, committed 1024K, reserved 1048576K
}

Dll operation events (10 events):
Event: 0.005 Loaded shared library D:\New Backup\bin\java.dll
Event: 0.012 Loaded shared library D:\New Backup\bin\jsvml.dll
Event: 0.048 Loaded shared library D:\New Backup\bin\net.dll
Event: 0.049 Loaded shared library D:\New Backup\bin\nio.dll
Event: 0.063 Loaded shared library D:\New Backup\bin\zip.dll
Event: 0.074 Loaded shared library D:\New Backup\bin\jimage.dll
Event: 0.084 Loaded shared library D:\New Backup\bin\awt.dll
Event: 0.180 Loaded shared library D:\New Backup\bin\javajpeg.dll
Event: 1.823 Loaded shared library D:\New Backup\bin\freetype.dll
Event: 1.823 Loaded shared library D:\New Backup\bin\fontmanager.dll

Deoptimization events (20 events):
Event: 3.155 Thread 0x000002e2b78b1160 DEOPT PACKING pc=0x000002e29ce7ddc4 sp=0x000000eeeb4fe390
Event: 3.155 Thread 0x000002e2b78b1160 DEOPT UNPACKING pc=0x000002e2a422b0e3 sp=0x000000eeeb4fd808 mode 0
Event: 3.156 Thread 0x000002e2b78b1160 DEOPT PACKING pc=0x000002e29ce7ddc4 sp=0x000000eeeb4fe390
Event: 3.156 Thread 0x000002e2b78b1160 DEOPT UNPACKING pc=0x000002e2a422b0e3 sp=0x000000eeeb4fd808 mode 0
Event: 3.156 Thread 0x000002e2b78b1160 DEOPT PACKING pc=0x000002e29ce7ddc4 sp=0x000000eeeb4fe390
Event: 3.156 Thread 0x000002e2b78b1160 DEOPT UNPACKING pc=0x000002e2a422b0e3 sp=0x000000eeeb4fd808 mode 0
Event: 3.157 Thread 0x000002e2b78b1160 DEOPT PACKING pc=0x000002e29ce7ddc4 sp=0x000000eeeb4fe390
Event: 3.157 Thread 0x000002e2b78b1160 DEOPT UNPACKING pc=0x000002e2a422b0e3 sp=0x000000eeeb4fd808 mode 0
Event: 3.158 Thread 0x000002e2b78b1160 DEOPT PACKING pc=0x000002e29ce7ddc4 sp=0x000000eeeb4fe390
Event: 3.158 Thread 0x000002e2b78b1160 DEOPT UNPACKING pc=0x000002e2a422b0e3 sp=0x000000eeeb4fd808 mode 0
Event: 3.160 Thread 0x000002e2b78b1160 DEOPT PACKING pc=0x000002e29ce7ddc4 sp=0x000000eeeb4fe390
Event: 3.160 Thread 0x000002e2b78b1160 DEOPT UNPACKING pc=0x000002e2a422b0e3 sp=0x000000eeeb4fd808 mode 0
Event: 3.997 Thread 0x000002e2b78b1160 Uncommon trap: trap_request=0xffffff45 fr.pc=0x000002e2a47ab0b0 relative=0x0000000000000310
Event: 3.997 Thread 0x000002e2b78b1160 Uncommon trap: reason=unstable_if action=reinterpret pc=0x000002e2a47ab0b0 method=sun.awt.image.ImageRepresentation.getOpaqueRGBImage()Ljava/awt/image/BufferedImage; @ 57 c2
Event: 3.997 Thread 0x000002e2b78b1160 DEOPT PACKING pc=0x000002e2a47ab0b0 sp=0x000000eeeb4fef70
Event: 3.997 Thread 0x000002e2b78b1160 DEOPT UNPACKING pc=0x000002e2a422a5a3 sp=0x000000eeeb4fef00 mode 2
Event: 4.039 Thread 0x000002e2b77df650 Uncommon trap: trap_request=0xffffff45 fr.pc=0x000002e2a47cd3c4 relative=0x0000000000003484
Event: 4.039 Thread 0x000002e2b77df650 Uncommon trap: reason=unstable_if action=reinterpret pc=0x000002e2a47cd3c4 method=sun.nio.ch.Util$BufferCache.get(I)Ljava/nio/ByteBuffer; @ 47 c2
Event: 4.039 Thread 0x000002e2b77df650 DEOPT PACKING pc=0x000002e2a47cd3c4 sp=0x000000eeebafd2b0
Event: 4.039 Thread 0x000002e2b77df650 DEOPT UNPACKING pc=0x000002e2a422a5a3 sp=0x000000eeebafcfc8 mode 2

Classes loaded (20 events):
Event: 2.615 Loading class javax/swing/Timer$1
Event: 2.616 Loading class javax/swing/Timer$1 done
Event: 3.042 Loading class java/awt/Window$1DisposeAction
Event: 3.042 Loading class java/awt/Window$1DisposeAction done
Event: 3.042 Loading class java/awt/KeyboardFocusManager$2
Event: 3.042 Loading class java/awt/KeyboardFocusManager$2 done
Event: 3.042 Loading class sun/awt/SunToolkit$1
Event: 3.042 Loading class sun/awt/SunToolkit$1 done
Event: 3.061 Loading class javax/swing/Autoscroller
Event: 3.061 Loading class javax/swing/Autoscroller done
Event: 3.062 Loading class java/awt/LightweightDispatcher$2
Event: 3.062 Loading class java/awt/LightweightDispatcher$2 done
Event: 4.039 Loading class sun/font/CMap$CMapFormat12
Event: 4.039 Loading class sun/font/CMap$CMapFormat12 done
Event: 7145.039 Loading class java/util/WeakHashMap$KeyIterator
Event: 7145.127 Loading class java/util/WeakHashMap$HashIterator
Event: 7145.218 Loading class java/util/WeakHashMap$HashIterator done
Event: 7145.218 Loading class java/util/WeakHashMap$KeyIterator done
Event: 7145.415 Loading class javax/swing/RepaintManager$DisplayChangedRunnable
Event: 7145.464 Loading class javax/swing/RepaintManager$DisplayChangedRunnable done

Classes unloaded (0 events):
No events

Classes redefined (0 events):
No events

Internal exceptions (18 events):
Event: 0.050 Thread 0x000002e294d282b0 Exception <a 'sun/nio/fs/WindowsException'{0x000000008ba45610}> (0x000000008ba45610) 
thrown [s\open\src\hotspot\share\prims\jni.cpp, line 517]
Event: 0.050 Thread 0x000002e294d282b0 Exception <a 'sun/nio/fs/WindowsException'{0x000000008ba45ba0}> (0x000000008ba45ba0) 
thrown [s\open\src\hotspot\share\prims\jni.cpp, line 517]
Event: 0.051 Thread 0x000002e294d282b0 Exception <a 'sun/nio/fs/WindowsException'{0x000000008ba49350}> (0x000000008ba49350) 
thrown [s\open\src\hotspot\share\prims\jni.cpp, line 517]
Event: 0.078 Thread 0x000002e294d282b0 Exception <a 'java/lang/ClassNotFoundException'{0x000000008b995f90}: sun/awt/resources/spi/awtProvider> (0x000000008b995f90) 
thrown [s\open\src\hotspot\share\classfile\systemDictionary.cpp, line 255]
Event: 0.092 Thread 0x000002e294d282b0 Exception <a 'java/io/FileNotFoundException'{0x000000008b9ed500}> (0x000000008b9ed500) 
thrown [s\open\src\hotspot\share\prims\jni.cpp, line 517]
Event: 0.096 Thread 0x000002e294d282b0 Exception <a 'java/io/FileNotFoundException'{0x000000008b81a158}> (0x000000008b81a158) 
thrown [s\open\src\hotspot\share\prims\jni.cpp, line 517]
Event: 0.121 Thread 0x000002e294d282b0 Exception <a 'java/lang/NoSuchMethodError'{0x000000008b85ea20}: 'java.lang.Object java.lang.invoke.DirectMethodHandle$Holder.invokeStaticInit(java.lang.Object)'> (0x000000008b85ea20) 
thrown [s\open\src\hotspot\share\interpreter\linkResolver.cpp, line 774]
Event: 0.145 Thread 0x000002e294d282b0 Exception <a 'java/lang/NoSuchMethodError'{0x000000008b73d0b0}: 'void java.lang.invoke.DirectMethodHandle$Holder.invokeSpecial(java.lang.Object, java.lang.Object, java.lang.Object)'> (0x000000008b73d0b0) 
thrown [s\open\src\hotspot\share\interpreter\linkResolver.cpp, line 774]
Event: 0.150 Thread 0x000002e294d282b0 Exception <a 'java/lang/NoSuchMethodError'{0x000000008b767bb0}: 'java.lang.Object java.lang.invoke.DirectMethodHandle$Holder.newInvokeSpecial(java.lang.Object, java.lang.Object, java.lang.Object, java.lang.Object, java.lang.Object)'> (0x000000008b767bb0) 
thrown [s\open\src\hotspot\share\interpreter\linkResolver.cpp, line 774]
Event: 0.154 Thread 0x000002e294d282b0 Exception <a 'java/lang/NoSuchMethodError'{0x000000008b7994f0}: 'java.lang.Object java.lang.invoke.DirectMethodHandle$Holder.invokeStatic(java.lang.Object, int, java.lang.Object)'> (0x000000008b7994f0) 
thrown [s\open\src\hotspot\share\interpreter\linkResolver.cpp, line 774]
Event: 0.168 Thread 0x000002e294d282b0 Exception <a 'java/lang/ClassNotFoundException'{0x000000008b654e98}: com/sun/swing/internal/plaf/metal/resources/spi/metalProvider> (0x000000008b654e98) 
thrown [s\open\src\hotspot\share\classfile\systemDictionary.cpp, line 255]
Event: 0.168 Thread 0x000002e294d282b0 Exception <a 'java/lang/ClassNotFoundException'{0x000000008b658dc8}: com/sun/swing/internal/plaf/basic/resources/spi/basicProvider> (0x000000008b658dc8) 
thrown [s\open\src\hotspot\share\classfile\systemDictionary.cpp, line 255]
Event: 0.174 Thread 0x000002e294d282b0 Exception <a 'java/lang/NoSuchMethodError'{0x000000008b678c80}: 'int java.lang.invoke.Invokers$Holder.invokeExact_MT(java.lang.Object, java.lang.Object)'> (0x000000008b678c80) 
thrown [s\open\src\hotspot\share\interpreter\linkResolver.cpp, line 774]
Event: 0.181 Thread 0x000002e2b78b1160 Exception <a 'java/lang/NoSuchMethodError'{0x000000008b6f7e70}: 'java.lang.Object java.lang.invoke.DirectMethodHandle$Holder.newInvokeSpecial(java.lang.Object, java.lang.Object, java.lang.Object, int, int, int, int, int)'> (0x000000008b6f7e70) 
thrown [s\open\src\hotspot\share\interpreter\linkResolver.cpp, line 774]
Event: 1.806 Thread 0x000002e2b77e0e50 Exception <a 'java/lang/NoSuchMethodError'{0x000000008b0e9ed8}: 'void java.lang.invoke.DirectMethodHandle$Holder.invokeVirtual(java.lang.Object, java.lang.Object)'> (0x000000008b0e9ed8) 
thrown [s\open\src\hotspot\share\interpreter\linkResolver.cpp, line 774]
Event: 1.821 Thread 0x000002e294d282b0 Exception <a 'java/lang/NoSuchMethodError'{0x000000008b049140}: 'void java.lang.invoke.DirectMethodHandle$Holder.invokeStaticInit(java.lang.Object)'> (0x000000008b049140) 
thrown [s\open\src\hotspot\share\interpreter\linkResolver.cpp, line 774]
Event: 3.074 Thread 0x000002e2b78b1160 Implicit null exception at 0x000002e2a479c912 to 0x000002e2a479e1e0
Event: 3.079 Thread 0x000002e2b78b1160 Implicit null exception at 0x000002e2a47978fd to 0x000002e2a4797a54

VM Operations (20 events):
Event: 1.918 Executing VM operation: G1TryInitiateConcMark
Event: 1.919 Executing VM operation: G1TryInitiateConcMark done
Event: 1.920 Executing VM operation: G1PauseRemark
Event: 1.922 Executing VM operation: G1PauseRemark done
Event: 1.922 Executing VM operation: G1PauseCleanup
Event: 1.922 Executing VM operation: G1PauseCleanup done
Event: 2.927 Executing VM operation: Cleanup
Event: 2.927 Executing VM operation: Cleanup done
Event: 3.075 Executing VM operation: G1TryInitiateConcMark
Event: 3.078 Executing VM operation: G1TryInitiateConcMark done
Event: 3.082 Executing VM operation: G1PauseRemark
Event: 3.083 Executing VM operation: G1PauseRemark done
Event: 3.083 Executing VM operation: G1PauseCleanup
Event: 3.083 Executing VM operation: G1PauseCleanup done
Event: 4.086 Executing VM operation: Cleanup
Event: 4.086 Executing VM operation: Cleanup done
Event: 10.128 Executing VM operation: Cleanup
Event: 10.128 Executing VM operation: Cleanup done
Event: 11.138 Executing VM operation: Cleanup
Event: 11.138 Executing VM operation: Cleanup done

Events (20 events):
Event: 0.022 Thread 0x000002e2b32c2bc0 Thread added: 0x000002e2b32c2bc0
Event: 0.041 Thread 0x000002e2b75da240 Thread added: 0x000002e2b75da240
Event: 0.060 Thread 0x000002e2b768ec50 Thread added: 0x000002e2b768ec50
Event: 0.062 Thread 0x000002e2b7700980 Thread added: 0x000002e2b7700980
Event: 0.121 Thread 0x000002e2b77d9220 Thread added: 0x000002e2b77d9220
Event: 0.122 Thread 0x000002e2b77dd230 Thread added: 0x000002e2b77dd230
Event: 0.123 Thread 0x000002e2b77e0e50 Thread added: 0x000002e2b77e0e50
Event: 0.180 Thread 0x000002e2b78b1160 Thread added: 0x000002e2b78b1160
Event: 0.418 Thread 0x000002e2b7700980 Thread exited: 0x000002e2b7700980
Event: 0.831 Thread 0x000002e2b83960e0 Thread added: 0x000002e2b83960e0
Event: 1.131 Thread 0x000002e2b77dd230 Thread exited: 0x000002e2b77dd230
Event: 1.432 Thread 0x000002e2b83960e0 Thread exited: 0x000002e2b83960e0
Event: 1.801 Thread 0x000002e2b84b42b0 Thread added: 0x000002e2b84b42b0
Event: 1.807 Thread 0x000002e2b77df650 Thread added: 0x000002e2b77df650
Event: 1.913 Thread 0x000002e294d282b0 Thread exited: 0x000002e294d282b0
Event: 1.913 Thread 0x000002e294d282b0 Thread added: 0x000002e294d282b0
Event: 2.061 Thread 0x000002e2b8642e60 Thread added: 0x000002e2b8642e60
Event: 2.114 Thread 0x000002e2b875cf20 Thread added: 0x000002e2b875cf20
Event: 2.450 Thread 0x000002e2b8642e60 Thread exited: 0x000002e2b8642e60
Event: 9.012 Thread 0x000002e2b78b1160 Thread exited: 0x000002e2b78b1160


Dynamic libraries:
0x00007ff6446c0000 - 0x00007ff6446d0000 	D:\New Backup\bin\java.exe
0x00007ffdc4e10000 - 0x00007ffdc5024000 	C:\WINDOWS\SYSTEM32\ntdll.dll
0x00007ffdc3d20000 - 0x00007ffdc3de2000 	C:\WINDOWS\System32\KERNEL32.DLL
0x00007ffdc26d0000 - 0x00007ffdc2a6c000 	C:\WINDOWS\System32\KERNELBASE.dll
0x00007ffdc23a0000 - 0x00007ffdc24b1000 	C:\WINDOWS\System32\ucrtbase.dll
0x00007ffdba620000 - 0x00007ffdba638000 	D:\New Backup\bin\jli.dll
0x00007ffdbe570000 - 0x00007ffdbe58b000 	D:\New Backup\bin\VCRUNTIME140.dll
0x00007ffdc4d20000 - 0x00007ffdc4dce000 	C:\WINDOWS\System32\ADVAPI32.dll
0x00007ffdc3df0000 - 0x00007ffdc3e97000 	C:\WINDOWS\System32\msvcrt.dll
0x00007ffdc3ec0000 - 0x00007ffdc3f64000 	C:\WINDOWS\System32\sechost.dll
0x00007ffdc33f0000 - 0x00007ffdc3507000 	C:\WINDOWS\System32\RPCRT4.dll
0x00007ffdc44b0000 - 0x00007ffdc465b000 	C:\WINDOWS\System32\USER32.dll
0x00007ffdc2250000 - 0x00007ffdc2276000 	C:\WINDOWS\System32\win32u.dll
0x00007ffda1760000 - 0x00007ffda19ee000 	C:\WINDOWS\WinSxS\amd64_microsoft.windows.common-controls_6595b64144ccf1df_6.0.22621.608_none_a9444ca7c10bb01d\COMCTL32.dll
0x00007ffdc2e20000 - 0x00007ffdc2e49000 	C:\WINDOWS\System32\GDI32.dll
0x00007ffdc2280000 - 0x00007ffdc2393000 	C:\WINDOWS\System32\gdi32full.dll
0x00007ffdc2630000 - 0x00007ffdc26ca000 	C:\WINDOWS\System32\msvcp_win.dll
0x00007ffdb7d20000 - 0x00007ffdb7d2a000 	C:\WINDOWS\SYSTEM32\VERSION.dll
0x00007ffdc4310000 - 0x00007ffdc4341000 	C:\WINDOWS\System32\IMM32.DLL
0x00007ffdbe4f0000 - 0x00007ffdbe4fc000 	D:\New Backup\bin\vcruntime140_1.dll
0x00007ffd8b7c0000 - 0x00007ffd8b84e000 	D:\New Backup\bin\msvcp140.dll
0x00007ffd56470000 - 0x00007ffd57130000 	D:\New Backup\bin\server\jvm.dll
0x00007ffdbe560000 - 0x00007ffdbe569000 	C:\WINDOWS\SYSTEM32\WSOCK32.dll
0x00007ffdad420000 - 0x00007ffdad454000 	C:\WINDOWS\SYSTEM32\WINMM.dll
0x00007ffdc3110000 - 0x00007ffdc3181000 	C:\WINDOWS\System32\WS2_32.dll
0x00007ffdc12a0000 - 0x00007ffdc12b8000 	C:\WINDOWS\SYSTEM32\kernel.appcore.dll
0x00007ffdbe4e0000 - 0x00007ffdbe4ea000 	D:\New Backup\bin\jimage.dll
0x00007ffdbfd30000 - 0x00007ffdbff5e000 	C:\WINDOWS\SYSTEM32\DBGHELP.DLL
0x00007ffdc3f80000 - 0x00007ffdc4309000 	C:\WINDOWS\System32\combase.dll
0x00007ffdc3190000 - 0x00007ffdc3267000 	C:\WINDOWS\System32\OLEAUT32.dll
0x00007ffda4a80000 - 0x00007ffda4ab2000 	C:\WINDOWS\SYSTEM32\dbgcore.DLL
0x00007ffdc2a70000 - 0x00007ffdc2aeb000 	C:\WINDOWS\System32\bcryptPrimitives.dll
0x00007ffda5ce0000 - 0x00007ffda5d06000 	D:\New Backup\bin\java.dll
0x00007ffd7f660000 - 0x00007ffd7f737000 	D:\New Backup\bin\jsvml.dll
0x00007ffdc3530000 - 0x00007ffdc3d20000 	C:\WINDOWS\System32\SHELL32.dll
0x00007ffdc0260000 - 0x00007ffdc0b2d000 	C:\WINDOWS\SYSTEM32\windows.storage.dll
0x00007ffdc0120000 - 0x00007ffdc025e000 	C:\WINDOWS\SYSTEM32\wintypes.dll
0x00007ffdc2cb0000 - 0x00007ffdc2da1000 	C:\WINDOWS\System32\SHCORE.dll
0x00007ffdc2db0000 - 0x00007ffdc2e0e000 	C:\WINDOWS\System32\shlwapi.dll
0x00007ffdc2180000 - 0x00007ffdc21a1000 	C:\WINDOWS\SYSTEM32\profapi.dll
0x00007ffdba0d0000 - 0x00007ffdba0e3000 	D:\New Backup\bin\net.dll
0x00007ffdb9f30000 - 0x00007ffdba067000 	C:\WINDOWS\SYSTEM32\WINHTTP.dll
0x00007ffdc1710000 - 0x00007ffdc1779000 	C:\WINDOWS\system32\mswsock.dll
0x00007ffda5cc0000 - 0x00007ffda5cd6000 	D:\New Backup\bin\nio.dll
0x00007ffda5ca0000 - 0x00007ffda5cb8000 	D:\New Backup\bin\zip.dll
0x00007ffd7f4c0000 - 0x00007ffd7f651000 	D:\New Backup\bin\awt.dll
0x00007ffdbf310000 - 0x00007ffdbf3a6000 	C:\WINDOWS\SYSTEM32\apphelp.dll
0x00007ffdbf800000 - 0x00007ffdbf82b000 	C:\WINDOWS\system32\DWMAPI.DLL
0x00007ffdbf3f0000 - 0x00007ffdbf49b000 	C:\WINDOWS\system32\uxtheme.dll
0x00007ffd99360000 - 0x00007ffd99460000 	C:\WINDOWS\system32\opengl32.dll
0x00007ffd9a450000 - 0x00007ffd9a47d000 	C:\WINDOWS\SYSTEM32\GLU32.dll
0x00007ffdbf5c0000 - 0x00007ffdbf5f6000 	C:\WINDOWS\SYSTEM32\dxcore.dll
0x00007ffdc3270000 - 0x00007ffdc338e000 	C:\WINDOWS\System32\MSCTF.dll
0x00007ffdc4660000 - 0x00007ffdc47fc000 	C:\WINDOWS\System32\ole32.dll
0x00007ffda7f80000 - 0x00007ffda7fae000 	D:\New Backup\bin\javajpeg.dll
0x00007ffd7f430000 - 0x00007ffd7f4b6000 	D:\New Backup\bin\freetype.dll
0x00007ffd7ce90000 - 0x00007ffd7cf56000 	D:\New Backup\bin\fontmanager.dll
0x00007ffdc4400000 - 0x00007ffdc44b0000 	C:\WINDOWS\System32\clbcatq.dll
0x00007ffdbe590000 - 0x00007ffdbe740000 	C:\WINDOWS\SYSTEM32\WindowsCodecs.dll
0x00007ffd923e0000 - 0x00007ffd9243e000 	C:\WINDOWS\system32\dataexchange.dll
0x00007ffdb8040000 - 0x00007ffdb82aa000 	C:\WINDOWS\system32\twinapi.appcore.dll
0x00007ffda5f50000 - 0x00007ffda607e000 	C:\WINDOWS\SYSTEM32\textinputframework.dll
0x00007ffdbf190000 - 0x00007ffdbf2c3000 	C:\WINDOWS\SYSTEM32\CoreMessaging.dll
0x00007ffdb9760000 - 0x00007ffdb9acc000 	C:\WINDOWS\SYSTEM32\CoreUIComponents.dll
0x00007ffdc1970000 - 0x00007ffdc197c000 	C:\WINDOWS\SYSTEM32\CRYPTBASE.DLL
0x00007ffd9b1f0000 - 0x00007ffd9b2a0000 	C:\WINDOWS\SYSTEM32\TextShaping.dll

dbghelp: loaded successfully - version: 4.0.5 - missing functions: none
symbol engine: initialized successfully - sym options: 0x614 - pdb path: .;D:\New Backup\bin;C:\WINDOWS\SYSTEM32;C:\WINDOWS\WinSxS\amd64_microsoft.windows.common-controls_6595b64144ccf1df_6.0.22621.608_none_a9444ca7c10bb01d;D:\New Backup\bin\server

VM Arguments:
jvm_args: -Dfile.encoding=UTF-8 --module-path=C:\Users\hp\OneDrive\Documents\NetBeansProjects\FITNESS_CLUB_PROJECT\build\classes 
java_command: PRACTICE
java_class_path (initial): C:\Users\hp\Downloads\mysql-connector-j-8.0.33\mysql-connector-j-8.0.33\mysql-connector-j-8.0.33.jar;C:\Users\hp\OneDrive\Documents\NetBeansProjects\FITNESS_CLUB_PROJECT\build\classes
Launcher Type: SUN_STANDARD

[Global flags]
     intx CICompilerCount                          = 4                                         {product} {ergonomic}
     uint ConcGCThreads                            = 2                                         {product} {ergonomic}
     uint G1ConcRefinementThreads                  = 8                                         {product} {ergonomic}
   size_t G1HeapRegionSize                         = 1048576                                   {product} {ergonomic}
    uintx GCDrainStackTargetSize                   = 64                                        {product} {ergonomic}
   size_t InitialHeapSize                          = 130023424                                 {product} {ergonomic}
   size_t MarkStackSize                            = 4194304                                   {product} {ergonomic}
   size_t MaxHeapSize                              = 2080374784                                {product} {ergonomic}
   size_t MaxNewSize                               = 1247805440                                {product} {ergonomic}
   size_t MinHeapDeltaBytes                        = 1048576                                   {product} {ergonomic}
   size_t MinHeapSize                              = 8388608                                   {product} {ergonomic}
    uintx NonNMethodCodeHeapSize                   = 5839372                                {pd product} {ergonomic}
    uintx NonProfiledCodeHeapSize                  = 122909434                              {pd product} {ergonomic}
    uintx ProfiledCodeHeapSize                     = 122909434                              {pd product} {ergonomic}
    uintx ReservedCodeCacheSize                    = 251658240                              {pd product} {ergonomic}
     bool SegmentedCodeCache                       = true                                      {product} {ergonomic}
   size_t SoftMaxHeapSize                          = 2080374784                             {manageable} {ergonomic}
     bool UseCompressedClassPointers               = true                           {product lp64_product} {ergonomic}
     bool UseCompressedOops                        = true                           {product lp64_product} {ergonomic}
     bool UseG1GC                                  = true                                      {product} {ergonomic}
     bool UseLargePagesIndividualAllocation        = false                                  {pd product} {ergonomic}

Logging:
Log output configuration:
 #0: stdout all=warning uptime,level,tags foldmultilines=false
 #1: stderr all=off uptime,level,tags foldmultilines=false

Environment Variables:
PATH=C:\Program Files\Common Files\Oracle\Java\javapath;C:\WINDOWS\system32;C:\WINDOWS;C:\WINDOWS\System32\Wbem;C:\WINDOWS\System32\WindowsPowerShell\v1.0\;C:\WINDOWS\System32\OpenSSH\;C:\Program Files (x86)\Microsoft SQL Server\160\Tools\Binn\;C:\Program Files\Microsoft SQL Server\160\Tools\Binn\;C:\Program Files\Microsoft SQL Server\Client SDK\ODBC\170\Tools\Binn\;C:\Program Files\Microsoft SQL Server\160\DTS\Binn\;C:\Program Files\dotnet\;C:\Program Files\Microsoft SQL Server\150\Tools\Binn\;C:\Program Files\MySQL\MySQL Server 8.0\bin;C:\Program Files\MySQL\MySQL Shell 8.0\bin\;C:\Users\hp\AppData\Local\Microsoft\WindowsApps;D:\Microsoft VS Code\bin;C:\Users\hp\.dotnet\tools;C:\MinGW\bin;
USERNAME=hp
OS=Windows_NT
PROCESSOR_IDENTIFIER=Intel64 Family 6 Model 140 Stepping 1, GenuineIntel
TMP=C:\Users\hp\AppData\Local\Temp
TEMP=C:\Users\hp\AppData\Local\Temp



---------------  S Y S T E M  ---------------

OS:
 Windows 11 , 64 bit Build 22621 (10.0.22621.1485)
OS uptime: 13 days 9:25 hours

CPU: total 8 (initial active 8) (4 cores per cpu, 2 threads per core) family 6 model 140 stepping 1 microcode 0x86, cx8, cmov, fxsr, ht, mmx, 3dnowpref, sse, sse2, sse3, ssse3, sse4.1, sse4.2, popcnt, lzcnt, tsc, tscinvbit, avx, avx2, aes, erms, clmul, bmi1, bmi2, adx, avx512f, avx512dq, avx512cd, avx512bw, avx512vl, sha, fma, vzeroupper, avx512_vpopcntdq, avx512_vpclmulqdq, avx512_vaes, avx512_vnni, clflush, clflushopt, clwb, avx512_vbmi2, avx512_vbmi, rdtscp, rdpid, fsrm, gfni, avx512_bitalg

Memory: 4k page, system-wide physical 7932M (326M free)
TotalPageFile size 23090M (AvailPageFile size 0M)
current process WorkingSet (physical memory assigned to process): 20M, peak: 252M
current process commit charge ("private bytes"): 261M, peak: 305M

vm_info: Java HotSpot(TM) 64-Bit Server VM (19.0.2+7-44) for windows-amd64 JRE (19.0.2+7-44), built on 2022-11-30T18:02:09Z by "mach5one" with MS VC++ 17.1 (VS2022)

END.
