#
# There is insufficient memory for the Java Runtime Environment to continue.
# Native memory allocation (malloc) failed to allocate 1048576 bytes for AllocateHeap
# Possible reasons:
#   The system is out of physical RAM or swap space
#   The process is running with CompressedOops enabled, and the Java Heap may be blocking the growth of the native heap
# Possible solutions:
#   Reduce memory load on the system
#   Increase physical memory or swap space
#   Check if swap backing store is full
#   Decrease Java heap size (-Xmx/-Xms)
#   Decrease number of Java threads
#   Decrease Java thread stack sizes (-Xss)
#   Set larger code cache with -XX:ReservedCodeCacheSize=
#   JVM is running with Unscaled Compressed Oops mode in which the Java heap is
#     placed in the first 4GB address space. The Java Heap base address is the
#     maximum limit for the native heap growth. Please use -XX:HeapBaseMinAddress
#     to set the Java Heap base and to place the Java Heap above 4GB virtual address.
# This output file may be truncated or incomplete.
#
#  Out of Memory Error (allocation.cpp:44), pid=16932, tid=22540
#
# JRE version:  (19.0.2+7) (build )
# Java VM: Java HotSpot(TM) 64-Bit Server VM (19.0.2+7-44, mixed mode, sharing, tiered, compressed oops, compressed class ptrs, g1 gc, windows-amd64)
# No core dump will be written. Minidumps are not enabled by default on client versions of Windows
#

---------------  S U M M A R Y ------------

Command Line: -Dfile.encoding=UTF-8 --module-path=C:\Users\hp\OneDrive\Documents\NetBeansProjects\FITNESS_CLUB_PROJECT\build\classes Home

Host: 11th Gen Intel(R) Core(TM) i5-1135G7 @ 2.40GHz, 8 cores, 7G,  Windows 11 , 64 bit Build 22621 (10.0.22621.1635)
Time: Tue May 16 08:31:57 2023 Bangladesh Standard Time elapsed time: 0.009165 seconds (0d 0h 0m 0s)

---------------  T H R E A D  ---------------

Current thread (0x00000282e1d965a0):  JavaThread "Unknown thread" [_thread_in_vm, id=22540, stack(0x000000f21c000000,0x000000f21c100000)]

Stack: [0x000000f21c000000,0x000000f21c100000]
Native frames: (J=compiled Java code, j=interpreted, Vv=VM code, C=native code)
V  [jvm.dll+0x6ee21a]
V  [jvm.dll+0x85765e]
V  [jvm.dll+0x85904e]
V  [jvm.dll+0x859703]
V  [jvm.dll+0x28298f]
V  [jvm.dll+0xc406b]
V  [jvm.dll+0x32a5d9]
V  [jvm.dll+0x82174b]
V  [jvm.dll+0x3c2661]
V  [jvm.dll+0x801f51]
V  [jvm.dll+0x44ae8f]
V  [jvm.dll+0x44c811]
C  [jli.dll+0x5287]
C  [ucrtbase.dll+0x29363]
C  [KERNEL32.DLL+0x126ad]
C  [ntdll.dll+0x5a9f8]


---------------  P R O C E S S  ---------------

Threads class SMR info:
_java_thread_list=0x00007ffb89f3d048, length=0, elements={
}

Java Threads: ( => current thread )

Other Threads:

=>0x00000282e1d965a0 (exited) JavaThread "Unknown thread" [_thread_in_vm, id=22540, stack(0x000000f21c000000,0x000000f21c100000)]

Threads with active compile tasks:

VM state: not at safepoint (not fully initialized)

VM Mutex/Monitor currently owned by a thread: None

Heap address: 0x0000000000000000, size: 0 MB, Compressed Oops mode: 32-bit

CDS archive(s) mapped at: [0x0000000000000000-0x0000000000000000-0x0000000000000000), size 0, SharedBaseAddress: 0x0000000800000000, ArchiveRelocationMode: 0.
Narrow klass base: 0x0000000000000000, Narrow klass shift: 0, Narrow klass range: 0x0

GC Precious Log:
 CardTable entry size: 512
 Card Set container configuration: InlinePtr #cards 5 size 8 Array Of Cards #cards 12 size 40 Howl #buckets 4 coarsen threshold 1843 Howl Bitmap #cards 512 size 80 coarsen threshold 460 Card regions per heap region 1 cards per card region 2048

GC Heap History (0 events):
No events

Dll operation events (1 events):
Event: 0.006 Loaded shared library D:\New Backup\bin\java.dll

Deoptimization events (0 events):
No events

Classes loaded (0 events):
No events

Classes unloaded (0 events):
No events

Classes redefined (0 events):
No events

Internal exceptions (0 events):
No events

VM Operations (0 events):
No events

Events (0 events):
No events


Dynamic libraries:
0x00007ff7ba710000 - 0x00007ff7ba720000 	D:\New Backup\bin\java.exe
0x00007ffbf0330000 - 0x00007ffbf0544000 	C:\WINDOWS\SYSTEM32\ntdll.dll
0x00007ffbef720000 - 0x00007ffbef7e2000 	C:\WINDOWS\System32\KERNEL32.DLL
0x00007ffbedb70000 - 0x00007ffbedf13000 	C:\WINDOWS\System32\KERNELBASE.dll
0x00007ffbeda50000 - 0x00007ffbedb61000 	C:\WINDOWS\System32\ucrtbase.dll
0x00007ffbd3be0000 - 0x00007ffbd3bf8000 	D:\New Backup\bin\jli.dll
0x00007ffbefeb0000 - 0x00007ffbeff5e000 	C:\WINDOWS\System32\ADVAPI32.dll
0x00007ffbd4a30000 - 0x00007ffbd4a4b000 	D:\New Backup\bin\VCRUNTIME140.dll
0x00007ffbf01e0000 - 0x00007ffbf0287000 	C:\WINDOWS\System32\msvcrt.dll
0x00007ffbef4a0000 - 0x00007ffbef544000 	C:\WINDOWS\System32\sechost.dll
0x00007ffbf00c0000 - 0x00007ffbf01d7000 	C:\WINDOWS\System32\RPCRT4.dll
0x00007ffbef900000 - 0x00007ffbefaab000 	C:\WINDOWS\System32\USER32.dll
0x00007ffbed900000 - 0x00007ffbed926000 	C:\WINDOWS\System32\win32u.dll
0x00007ffbc7d10000 - 0x00007ffbc7f9e000 	C:\WINDOWS\WinSxS\amd64_microsoft.windows.common-controls_6595b64144ccf1df_6.0.22621.1635_none_270f70857386168e\COMCTL32.dll
0x00007ffbef6f0000 - 0x00007ffbef719000 	C:\WINDOWS\System32\GDI32.dll
0x00007ffbed930000 - 0x00007ffbeda48000 	C:\WINDOWS\System32\gdi32full.dll
0x00007ffbee090000 - 0x00007ffbee12a000 	C:\WINDOWS\System32\msvcp_win.dll
0x00007ffbe1800000 - 0x00007ffbe180a000 	C:\WINDOWS\SYSTEM32\VERSION.dll
0x00007ffbefab0000 - 0x00007ffbefae1000 	C:\WINDOWS\System32\IMM32.DLL
0x00007ffbd49b0000 - 0x00007ffbd49bc000 	D:\New Backup\bin\vcruntime140_1.dll
0x00007ffbad1b0000 - 0x00007ffbad23e000 	D:\New Backup\bin\msvcp140.dll
0x00007ffb893c0000 - 0x00007ffb8a080000 	D:\New Backup\bin\server\jvm.dll
0x00007ffbdc240000 - 0x00007ffbdc274000 	C:\WINDOWS\SYSTEM32\WINMM.dll
0x00007ffbd4a50000 - 0x00007ffbd4a59000 	C:\WINDOWS\SYSTEM32\WSOCK32.dll
0x00007ffbef880000 - 0x00007ffbef8f1000 	C:\WINDOWS\System32\WS2_32.dll
0x00007ffbec7a0000 - 0x00007ffbec7b8000 	C:\WINDOWS\SYSTEM32\kernel.appcore.dll
0x00007ffbd48e0000 - 0x00007ffbd48ea000 	D:\New Backup\bin\jimage.dll
0x00007ffbeb060000 - 0x00007ffbeb28e000 	C:\WINDOWS\SYSTEM32\DBGHELP.DLL
0x00007ffbee930000 - 0x00007ffbeecb9000 	C:\WINDOWS\System32\combase.dll
0x00007ffbefaf0000 - 0x00007ffbefbc7000 	C:\WINDOWS\System32\OLEAUT32.dll
0x00007ffbce720000 - 0x00007ffbce752000 	C:\WINDOWS\SYSTEM32\dbgcore.DLL
0x00007ffbed7c0000 - 0x00007ffbed83b000 	C:\WINDOWS\System32\bcryptPrimitives.dll
0x00007ffbd12e0000 - 0x00007ffbd1306000 	D:\New Backup\bin\java.dll

dbghelp: loaded successfully - version: 4.0.5 - missing functions: none
symbol engine: initialized successfully - sym options: 0x614 - pdb path: .;D:\New Backup\bin;C:\WINDOWS\SYSTEM32;C:\WINDOWS\WinSxS\amd64_microsoft.windows.common-controls_6595b64144ccf1df_6.0.22621.1635_none_270f70857386168e;D:\New Backup\bin\server

VM Arguments:
jvm_args: -Dfile.encoding=UTF-8 --module-path=C:\Users\hp\OneDrive\Documents\NetBeansProjects\FITNESS_CLUB_PROJECT\build\classes 
java_command: Home
java_class_path (initial): C:\Users\hp\Downloads\mysql-connector-j-8.0.33\mysql-connector-j-8.0.33\mysql-connector-j-8.0.33.jar;C:\Users\hp\OneDrive\Documents\NetBeansProjects\FITNESS_CLUB_PROJECT\build\classes
Launcher Type: SUN_STANDARD

[Global flags]
     intx CICompilerCount                          = 4                                         {product} {ergonomic}
     uint ConcGCThreads                            = 2                                         {product} {ergonomic}
     uint G1ConcRefinementThreads                  = 8                                         {product} {ergonomic}
   size_t G1HeapRegionSize                         = 1048576                                   {product} {ergonomic}
    uintx GCDrainStackTargetSize                   = 64                                        {product} {ergonomic}
   size_t InitialHeapSize                          = 130023424                                 {product} {ergonomic}
   size_t MarkStackSize                            = 4194304                                   {product} {ergonomic}
   size_t MaxHeapSize                              = 2080374784                                {product} {ergonomic}
   size_t MinHeapDeltaBytes                        = 1048576                                   {product} {ergonomic}
   size_t MinHeapSize                              = 8388608                                   {product} {ergonomic}
    uintx NonNMethodCodeHeapSize                   = 5839372                                {pd product} {ergonomic}
    uintx NonProfiledCodeHeapSize                  = 122909434                              {pd product} {ergonomic}
    uintx ProfiledCodeHeapSize                     = 122909434                              {pd product} {ergonomic}
    uintx ReservedCodeCacheSize                    = 251658240                              {pd product} {ergonomic}
     bool SegmentedCodeCache                       = true                                      {product} {ergonomic}
   size_t SoftMaxHeapSize                          = 2080374784                             {manageable} {ergonomic}
     bool UseCompressedClassPointers               = true                           {product lp64_product} {ergonomic}
     bool UseCompressedOops                        = true                           {product lp64_product} {ergonomic}
     bool UseG1GC                                  = true                                      {product} {ergonomic}
     bool UseLargePagesIndividualAllocation        = false                                  {pd product} {ergonomic}

Logging:
Log output configuration:
 #0: stdout all=warning uptime,level,tags foldmultilines=false
 #1: stderr all=off uptime,level,tags foldmultilines=false

Environment Variables:
PATH=C:\Program Files\Common Files\Oracle\Java\javapath;C:\WINDOWS\system32;C:\WINDOWS;C:\WINDOWS\System32\Wbem;C:\WINDOWS\System32\WindowsPowerShell\v1.0\;C:\WINDOWS\System32\OpenSSH\;C:\Program Files (x86)\Microsoft SQL Server\160\Tools\Binn\;C:\Program Files\Microsoft SQL Server\160\Tools\Binn\;C:\Program Files\Microsoft SQL Server\Client SDK\ODBC\170\Tools\Binn\;C:\Program Files\Microsoft SQL Server\160\DTS\Binn\;C:\Program Files\dotnet\;C:\Program Files\Microsoft SQL Server\150\Tools\Binn\;C:\Program Files\MySQL\MySQL Server 8.0\bin;C:\Users\hp\AppData\Local\Microsoft\WindowsApps;D:\Microsoft VS Code\bin;C:\Users\hp\.dotnet\tools;C:\MinGW\bin;
USERNAME=hp
OS=Windows_NT
PROCESSOR_IDENTIFIER=Intel64 Family 6 Model 140 Stepping 1, GenuineIntel
TMP=C:\Users\hp\AppData\Local\Temp
TEMP=C:\Users\hp\AppData\Local\Temp



---------------  S Y S T E M  ---------------

OS:
 Windows 11 , 64 bit Build 22621 (10.0.22621.1635)
OS uptime: 3 days 6:02 hours

CPU: total 8 (initial active 8) (4 cores per cpu, 2 threads per core) family 6 model 140 stepping 1 microcode 0x86, cx8, cmov, fxsr, ht, mmx, 3dnowpref, sse, sse2, sse3, ssse3, sse4.1, sse4.2, popcnt, lzcnt, tsc, tscinvbit, avx, avx2, aes, erms, clmul, bmi1, bmi2, adx, avx512f, avx512dq, avx512cd, avx512bw, avx512vl, sha, fma, vzeroupper, avx512_vpopcntdq, avx512_vpclmulqdq, avx512_vaes, avx512_vnni, clflush, clflushopt, clwb, avx512_vbmi2, avx512_vbmi, rdtscp, rdpid, fsrm, gfni, avx512_bitalg

Memory: 4k page, system-wide physical 7932M (696M free)
TotalPageFile size 23090M (AvailPageFile size 5M)
current process WorkingSet (physical memory assigned to process): 10M, peak: 10M
current process commit charge ("private bytes"): 14M, peak: 15M

vm_info: Java HotSpot(TM) 64-Bit Server VM (19.0.2+7-44) for windows-amd64 JRE (19.0.2+7-44), built on 2022-11-30T18:02:09Z by "mach5one" with MS VC++ 17.1 (VS2022)

END.
