#
# There is insufficient memory for the Java Runtime Environment to continue.
# Native memory allocation (mmap) failed to map 19922944 bytes for G1 virtual space
# Possible reasons:
#   The system is out of physical RAM or swap space
#   The process is running with CompressedOops enabled, and the Java Heap may be blocking the growth of the native heap
# Possible solutions:
#   Reduce memory load on the system
#   Increase physical memory or swap space
#   Check if swap backing store is full
#   Decrease Java heap size (-Xmx/-Xms)
#   Decrease number of Java threads
#   Decrease Java thread stack sizes (-Xss)
#   Set larger code cache with -XX:ReservedCodeCacheSize=
#   JVM is running with Unscaled Compressed Oops mode in which the Java heap is
#     placed in the first 4GB address space. The Java Heap base address is the
#     maximum limit for the native heap growth. Please use -XX:HeapBaseMinAddress
#     to set the Java Heap base and to place the Java Heap above 4GB virtual address.
# This output file may be truncated or incomplete.
#
#  Out of Memory Error (os_windows.cpp:3536), pid=1764, tid=21956
#
# JRE version: Java(TM) SE Runtime Environment (19.0.2+7) (build 19.0.2+7-44)
# Java VM: Java HotSpot(TM) 64-Bit Server VM (19.0.2+7-44, mixed mode, sharing, tiered, compressed oops, compressed class ptrs, g1 gc, windows-amd64)
# No core dump will be written. Minidumps are not enabled by default on client versions of Windows
#

---------------  S U M M A R Y ------------

Command Line: -Dfile.encoding=UTF-8 --module-path=C:\Users\hp\OneDrive\Documents\NetBeansProjects\FITNESS_CLUB_PROJECT\build\classes Home

Host: 11th Gen Intel(R) Core(TM) i5-1135G7 @ 2.40GHz, 8 cores, 7G,  Windows 11 , 64 bit Build 22621 (10.0.22621.1635)
Time: Tue May 16 08:21:19 2023 Bangladesh Standard Time elapsed time: 4.460091 seconds (0d 0h 0m 4s)

---------------  T H R E A D  ---------------

Current thread (0x0000019ff8c8d060):  VMThread "VM Thread" [stack: 0x000000070e300000,0x000000070e400000] [id=21956]

Stack: [0x000000070e300000,0x000000070e400000]
Native frames: (J=compiled Java code, j=interpreted, Vv=VM code, C=native code)
V  [jvm.dll+0x6ee21a]
V  [jvm.dll+0x85765e]
V  [jvm.dll+0x85904e]
V  [jvm.dll+0x859703]
V  [jvm.dll+0x28298f]
V  [jvm.dll+0x6eb009]
V  [jvm.dll+0x6dfbaa]
V  [jvm.dll+0x3573f6]
V  [jvm.dll+0x35ee56]
V  [jvm.dll+0x3b541e]
V  [jvm.dll+0x3b564f]
V  [jvm.dll+0x32c9ea]
V  [jvm.dll+0x32f576]
V  [jvm.dll+0x33a0f5]
V  [jvm.dll+0x372bc0]
V  [jvm.dll+0x85ebc3]
V  [jvm.dll+0x85f989]
V  [jvm.dll+0x85febd]
V  [jvm.dll+0x86034b]
V  [jvm.dll+0x860407]
V  [jvm.dll+0x80125a]
V  [jvm.dll+0x6ecf0b]
C  [ucrtbase.dll+0x29363]
C  [KERNEL32.DLL+0x126ad]
C  [ntdll.dll+0x5a9f8]

VM_Operation (0x000000070dfffa40): G1PauseRemark, mode: safepoint, requested by thread 0x0000019fe96978d0


---------------  P R O C E S S  ---------------

Threads class SMR info:
_java_thread_list=0x0000019ffe1e5f30, length=18, elements={
0x0000019ff8ca7bd0, 0x0000019ff8caa600, 0x0000019ff8cad030, 0x0000019ff8caddb0,
0x0000019ff8cae7d0, 0x0000019ff8cb7200, 0x0000019ff8cbbf70, 0x0000019ff8cc2610,
0x0000019ff8ccade0, 0x0000019ff8ccb880, 0x0000019ff8cca340, 0x0000019ff8cc98a0,
0x0000019ff8ccbdd0, 0x0000019ff8cca890, 0x0000019ff8cc9df0, 0x0000019ff8ccb330,
0x0000019ff8ccc320, 0x0000019ff8ccc870
}

Java Threads: ( => current thread )
  0x0000019ff8ca7bd0 JavaThread "Reference Handler" daemon [_thread_blocked, id=9824, stack(0x000000070e400000,0x000000070e500000)]
  0x0000019ff8caa600 JavaThread "Finalizer" daemon [_thread_blocked, id=28800, stack(0x000000070e500000,0x000000070e600000)]
  0x0000019ff8cad030 JavaThread "Signal Dispatcher" daemon [_thread_blocked, id=27212, stack(0x000000070e600000,0x000000070e700000)]
  0x0000019ff8caddb0 JavaThread "Attach Listener" daemon [_thread_blocked, id=1784, stack(0x000000070e700000,0x000000070e800000)]
  0x0000019ff8cae7d0 JavaThread "Service Thread" daemon [_thread_blocked, id=22804, stack(0x000000070e800000,0x000000070e900000)]
  0x0000019ff8cb7200 JavaThread "Monitor Deflation Thread" daemon [_thread_blocked, id=29736, stack(0x000000070e900000,0x000000070ea00000)]
  0x0000019ff8cbbf70 JavaThread "C2 CompilerThread0" daemon [_thread_blocked, id=31924, stack(0x000000070ea00000,0x000000070eb00000)]
  0x0000019ff8cc2610 JavaThread "C1 CompilerThread0" daemon [_thread_blocked, id=31420, stack(0x000000070eb00000,0x000000070ec00000)]
  0x0000019ff8ccade0 JavaThread "Sweeper thread" daemon [_thread_blocked, id=14292, stack(0x000000070ec00000,0x000000070ed00000)]
  0x0000019ff8ccb880 JavaThread "Common-Cleaner" daemon [_thread_blocked, id=18100, stack(0x000000070ed00000,0x000000070ee00000)]
  0x0000019ff8cca340 JavaThread "Notification Thread" daemon [_thread_blocked, id=10656, stack(0x000000070ee00000,0x000000070ef00000)]
  0x0000019ff8cc98a0 JavaThread "Java2D Disposer" daemon [_thread_blocked, id=12332, stack(0x000000070f100000,0x000000070f200000)]
  0x0000019ff8ccbdd0 JavaThread "AWT-Shutdown" [_thread_blocked, id=22532, stack(0x000000070f200000,0x000000070f300000)]
  0x0000019ff8cca890 JavaThread "AWT-Windows" daemon [_thread_blocked, id=6512, stack(0x000000070f300000,0x000000070f400000)]
  0x0000019ff8cc9df0 JavaThread "Image Fetcher 0" daemon [_thread_blocked, id=19496, stack(0x000000070f400000,0x000000070f500000)]
  0x0000019ff8ccb330 JavaThread "AWT-EventQueue-0" [_thread_blocked, id=32240, stack(0x000000070f500000,0x000000070f600000)]
  0x0000019ff8ccc320 JavaThread "DestroyJavaVM" [_thread_blocked, id=19580, stack(0x000000070dd00000,0x000000070de00000)]
  0x0000019ff8ccc870 JavaThread "TimerQueue" daemon [_thread_blocked, id=8268, stack(0x0000000710100000,0x0000000710200000)]

Other Threads:
=>0x0000019ff8c8d060 VMThread "VM Thread" [stack: 0x000000070e300000,0x000000070e400000] [id=21956]
  0x0000019ffd18da40 WatcherThread "VM Periodic Task Thread" [stack: 0x000000070ef00000,0x000000070f000000] [id=7924]
  0x0000019fe9687170 WorkerThread "GC Thread#0" [stack: 0x000000070de00000,0x000000070df00000] [id=956]
  0x0000019ffe03c780 WorkerThread "GC Thread#1" [stack: 0x000000070f000000,0x000000070f100000] [id=3216]
  0x0000019ffe09b370 WorkerThread "GC Thread#2" [stack: 0x000000070f900000,0x000000070fa00000] [id=16612]
  0x0000019ffe09be60 WorkerThread "GC Thread#3" [stack: 0x000000070fa00000,0x000000070fb00000] [id=20112]
  0x0000019ffe09c130 WorkerThread "GC Thread#4" [stack: 0x000000070fb00000,0x000000070fc00000] [id=24268]
  0x0000019ffe086730 WorkerThread "GC Thread#5" [stack: 0x000000070fc00000,0x000000070fd00000] [id=32320]
  0x0000019ffe087540 WorkerThread "GC Thread#6" [stack: 0x000000070fd00000,0x000000070fe00000] [id=32228]
  0x0000019ffe087270 WorkerThread "GC Thread#7" [stack: 0x000000070fe00000,0x000000070ff00000] [id=24148]
  0x0000019fe96978d0 ConcurrentGCThread "G1 Main Marker" [stack: 0x000000070df00000,0x000000070e000000] [id=3724]
  0x0000019fe9698300 WorkerThread "G1 Conc#0" [stack: 0x000000070e000000,0x000000070e100000] [id=18208]
  0x0000019ffe086fa0 WorkerThread "G1 Conc#1" [stack: 0x000000070ff00000,0x0000000710000000] [id=31252]
  0x0000019ff8b452d0 ConcurrentGCThread "G1 Refine#0" [stack: 0x000000070e100000,0x000000070e200000] [id=20076]
  0x0000019ff8b46bd0 ConcurrentGCThread "G1 Service" [stack: 0x000000070e200000,0x000000070e300000] [id=32204]

Threads with active compile tasks:
C2 CompilerThread0     4566 1430       4       java.awt.image.AreaAveragingScaleFilter::calcRow (250 bytes)

VM state: at safepoint (normal execution)

VM Mutex/Monitor currently owned by a thread:  ([mutex/lock_event])
[0x0000019fe9625210] Threads_lock - owner thread: 0x0000019ff8c8d060
[0x0000019fe9624010] Heap_lock - owner thread: 0x0000019fe96978d0

Heap address: 0x0000000084000000, size: 1984 MB, Compressed Oops mode: 32-bit

CDS archive(s) mapped at: [0x0000000800000000-0x0000000800c40000-0x0000000800c40000), size 12845056, SharedBaseAddress: 0x0000000800000000, ArchiveRelocationMode: 0.
Compressed class space mapped at: 0x0000000801000000-0x0000000841000000, reserved size: 1073741824
Narrow klass base: 0x0000000800000000, Narrow klass shift: 0, Narrow klass range: 0x100000000

GC Precious Log:
 CardTable entry size: 512
 Card Set container configuration: InlinePtr #cards 5 size 8 Array Of Cards #cards 12 size 40 Howl #buckets 4 coarsen threshold 1843 Howl Bitmap #cards 512 size 80 coarsen threshold 460 Card regions per heap region 1 cards per card region 2048
 CPUs: 8 total, 8 available
 Memory: 7932M
 Large Page Support: Disabled
 NUMA Support: Disabled
 Compressed Oops: Enabled (32-bit)
 Heap Region Size: 1M
 Heap Min Capacity: 8M
 Heap Initial Capacity: 124M
 Heap Max Capacity: 1984M
 Pre-touch: Disabled
 Parallel Workers: 8
 Concurrent Workers: 2
 Concurrent Refinement Workers: 8
 Periodic GC: Disabled

Heap:
 garbage-first heap   total 215040K, used 138585K [0x0000000084000000, 0x0000000100000000)
  region size 1024K, 5 young (5120K), 4 survivors (4096K)
 Metaspace       used 8576K, committed 8768K, reserved 1114112K
  class space    used 941K, committed 1024K, reserved 1048576K

Heap Regions: E=young(eden), S=young(survivor), O=old, HS=humongous(starts), HC=humongous(continues), CS=collection set, F=free, OA=open archive, CA=closed archive, TAMS=top-at-mark-start (previous, next)
|   0|0x0000000084000000, 0x0000000084100000, 0x0000000084100000|100%|HS|  |TAMS 0x0000000084100000, 0x0000000084000000| Complete 
|   1|0x0000000084100000, 0x0000000084200000, 0x0000000084200000|100%|HC|  |TAMS 0x0000000084200000, 0x0000000084100000| Complete 
|   2|0x0000000084200000, 0x0000000084300000, 0x0000000084300000|100%|HC|  |TAMS 0x0000000084300000, 0x0000000084200000| Complete 
|   3|0x0000000084300000, 0x0000000084400000, 0x0000000084400000|100%|HC|  |TAMS 0x0000000084400000, 0x0000000084300000| Complete 
|   4|0x0000000084400000, 0x0000000084500000, 0x0000000084500000|100%|HC|  |TAMS 0x0000000084500000, 0x0000000084400000| Complete 
|   5|0x0000000084500000, 0x0000000084600000, 0x0000000084600000|100%|HC|  |TAMS 0x0000000084600000, 0x0000000084500000| Complete 
|   6|0x0000000084600000, 0x0000000084700000, 0x0000000084700000|100%|HC|  |TAMS 0x0000000084700000, 0x0000000084600000| Complete 
|   7|0x0000000084700000, 0x0000000084800000, 0x0000000084800000|100%|HC|  |TAMS 0x0000000084800000, 0x0000000084700000| Complete 
|   8|0x0000000084800000, 0x0000000084900000, 0x0000000084900000|100%|HC|  |TAMS 0x0000000084900000, 0x0000000084800000| Complete 
|   9|0x0000000084900000, 0x0000000084a00000, 0x0000000084a00000|100%|HC|  |TAMS 0x0000000084a00000, 0x0000000084900000| Complete 
|  10|0x0000000084a00000, 0x0000000084b00000, 0x0000000084b00000|100%|HS|  |TAMS 0x0000000084b00000, 0x0000000084a00000| Complete 
|  11|0x0000000084b00000, 0x0000000084c00000, 0x0000000084c00000|100%|HC|  |TAMS 0x0000000084c00000, 0x0000000084b00000| Complete 
|  12|0x0000000084c00000, 0x0000000084d00000, 0x0000000084d00000|100%|HC|  |TAMS 0x0000000084d00000, 0x0000000084c00000| Complete 
|  13|0x0000000084d00000, 0x0000000084e00000, 0x0000000084e00000|100%|HC|  |TAMS 0x0000000084e00000, 0x0000000084d00000| Complete 
|  14|0x0000000084e00000, 0x0000000084f00000, 0x0000000084f00000|100%|HC|  |TAMS 0x0000000084f00000, 0x0000000084e00000| Complete 
|  15|0x0000000084f00000, 0x0000000085000000, 0x0000000085000000|100%|HC|  |TAMS 0x0000000085000000, 0x0000000084f00000| Complete 
|  16|0x0000000085000000, 0x0000000085100000, 0x0000000085100000|100%|HC|  |TAMS 0x0000000085100000, 0x0000000085000000| Complete 
|  17|0x0000000085100000, 0x0000000085200000, 0x0000000085200000|100%|HC|  |TAMS 0x0000000085200000, 0x0000000085100000| Complete 
|  18|0x0000000085200000, 0x0000000085300000, 0x0000000085300000|100%|HS|  |TAMS 0x0000000085200000, 0x0000000085200000| Complete 
|  19|0x0000000085300000, 0x0000000085400000, 0x0000000085400000|100%|HC|  |TAMS 0x0000000085300000, 0x0000000085300000| Complete 
|  20|0x0000000085400000, 0x0000000085500000, 0x0000000085500000|100%|HC|  |TAMS 0x0000000085400000, 0x0000000085400000| Complete 
|  21|0x0000000085500000, 0x0000000085600000, 0x0000000085600000|100%|HC|  |TAMS 0x0000000085500000, 0x0000000085500000| Complete 
|  22|0x0000000085600000, 0x0000000085700000, 0x0000000085700000|100%|HC|  |TAMS 0x0000000085600000, 0x0000000085600000| Complete 
|  23|0x0000000085700000, 0x0000000085800000, 0x0000000085800000|100%|HS|  |TAMS 0x0000000085800000, 0x0000000085700000| Complete 
|  24|0x0000000085800000, 0x0000000085900000, 0x0000000085900000|100%|HC|  |TAMS 0x0000000085900000, 0x0000000085800000| Complete 
|  25|0x0000000085900000, 0x0000000085a00000, 0x0000000085a00000|100%|HC|  |TAMS 0x0000000085a00000, 0x0000000085900000| Complete 
|  26|0x0000000085a00000, 0x0000000085b00000, 0x0000000085b00000|100%|HC|  |TAMS 0x0000000085b00000, 0x0000000085a00000| Complete 
|  27|0x0000000085b00000, 0x0000000085c00000, 0x0000000085c00000|100%|HC|  |TAMS 0x0000000085c00000, 0x0000000085b00000| Complete 
|  28|0x0000000085c00000, 0x0000000085d00000, 0x0000000085d00000|100%|HS|  |TAMS 0x0000000085d00000, 0x0000000085c00000| Complete 
|  29|0x0000000085d00000, 0x0000000085e00000, 0x0000000085e00000|100%|HC|  |TAMS 0x0000000085e00000, 0x0000000085d00000| Complete 
|  30|0x0000000085e00000, 0x0000000085f00000, 0x0000000085f00000|100%|HC|  |TAMS 0x0000000085f00000, 0x0000000085e00000| Complete 
|  31|0x0000000085f00000, 0x0000000086000000, 0x0000000086000000|100%|HC|  |TAMS 0x0000000086000000, 0x0000000085f00000| Complete 
|  32|0x0000000086000000, 0x0000000086100000, 0x0000000086100000|100%|HC|  |TAMS 0x0000000086100000, 0x0000000086000000| Complete 
|  33|0x0000000086100000, 0x0000000086200000, 0x0000000086200000|100%|HC|  |TAMS 0x0000000086200000, 0x0000000086100000| Complete 
|  34|0x0000000086200000, 0x0000000086300000, 0x0000000086300000|100%|HC|  |TAMS 0x0000000086300000, 0x0000000086200000| Complete 
|  35|0x0000000086300000, 0x0000000086400000, 0x0000000086400000|100%|HC|  |TAMS 0x0000000086400000, 0x0000000086300000| Complete 
|  36|0x0000000086400000, 0x0000000086500000, 0x0000000086500000|100%|HS|  |TAMS 0x0000000086400000, 0x0000000086400000| Complete 
|  37|0x0000000086500000, 0x0000000086600000, 0x0000000086600000|100%|HC|  |TAMS 0x0000000086500000, 0x0000000086500000| Complete 
|  38|0x0000000086600000, 0x0000000086700000, 0x0000000086700000|100%|HC|  |TAMS 0x0000000086600000, 0x0000000086600000| Complete 
|  39|0x0000000086700000, 0x0000000086800000, 0x0000000086800000|100%|HC|  |TAMS 0x0000000086700000, 0x0000000086700000| Complete 
|  40|0x0000000086800000, 0x0000000086900000, 0x0000000086900000|100%|HC|  |TAMS 0x0000000086800000, 0x0000000086800000| Complete 
|  41|0x0000000086900000, 0x0000000086900000, 0x0000000086a00000|  0%| F|  |TAMS 0x0000000086900000, 0x0000000086900000| Untracked 
|  42|0x0000000086a00000, 0x0000000086a00000, 0x0000000086b00000|  0%| F|  |TAMS 0x0000000086a00000, 0x0000000086a00000| Untracked 
|  43|0x0000000086b00000, 0x0000000086b00000, 0x0000000086c00000|  0%| F|  |TAMS 0x0000000086b00000, 0x0000000086b00000| Untracked 
|  44|0x0000000086c00000, 0x0000000086c00000, 0x0000000086d00000|  0%| F|  |TAMS 0x0000000086c00000, 0x0000000086c00000| Untracked 
|  45|0x0000000086d00000, 0x0000000086d00000, 0x0000000086e00000|  0%| F|  |TAMS 0x0000000086d00000, 0x0000000086d00000| Untracked 
|  46|0x0000000086e00000, 0x0000000086e00000, 0x0000000086f00000|  0%| F|  |TAMS 0x0000000086e00000, 0x0000000086e00000| Untracked 
|  47|0x0000000086f00000, 0x0000000086f00000, 0x0000000087000000|  0%| F|  |TAMS 0x0000000086f00000, 0x0000000086f00000| Untracked 
|  48|0x0000000087000000, 0x0000000087000000, 0x0000000087100000|  0%| F|  |TAMS 0x0000000087000000, 0x0000000087000000| Untracked 
|  49|0x0000000087100000, 0x0000000087100000, 0x0000000087200000|  0%| F|  |TAMS 0x0000000087100000, 0x0000000087100000| Untracked 
|  50|0x0000000087200000, 0x0000000087200000, 0x0000000087300000|  0%| F|  |TAMS 0x0000000087200000, 0x0000000087200000| Untracked 
|  51|0x0000000087300000, 0x0000000087300000, 0x0000000087400000|  0%| F|  |TAMS 0x0000000087300000, 0x0000000087300000| Untracked 
|  52|0x0000000087400000, 0x0000000087400000, 0x0000000087500000|  0%| F|  |TAMS 0x0000000087400000, 0x0000000087400000| Untracked 
|  53|0x0000000087500000, 0x0000000087500000, 0x0000000087600000|  0%| F|  |TAMS 0x0000000087500000, 0x0000000087500000| Untracked 
|  54|0x0000000087600000, 0x0000000087600000, 0x0000000087700000|  0%| F|  |TAMS 0x0000000087600000, 0x0000000087600000| Untracked 
|  55|0x0000000087700000, 0x0000000087700000, 0x0000000087800000|  0%| F|  |TAMS 0x0000000087700000, 0x0000000087700000| Untracked 
|  56|0x0000000087800000, 0x0000000087800000, 0x0000000087900000|  0%| F|  |TAMS 0x0000000087800000, 0x0000000087800000| Untracked 
|  57|0x0000000087900000, 0x0000000087900000, 0x0000000087a00000|  0%| F|  |TAMS 0x0000000087900000, 0x0000000087900000| Untracked 
|  58|0x0000000087a00000, 0x0000000087a00000, 0x0000000087b00000|  0%| F|  |TAMS 0x0000000087a00000, 0x0000000087a00000| Untracked 
|  59|0x0000000087b00000, 0x0000000087b00000, 0x0000000087c00000|  0%| F|  |TAMS 0x0000000087b00000, 0x0000000087b00000| Untracked 
|  60|0x0000000087c00000, 0x0000000087c00000, 0x0000000087d00000|  0%| F|  |TAMS 0x0000000087c00000, 0x0000000087c00000| Untracked 
|  61|0x0000000087d00000, 0x0000000087d00000, 0x0000000087e00000|  0%| F|  |TAMS 0x0000000087d00000, 0x0000000087d00000| Untracked 
|  62|0x0000000087e00000, 0x0000000087e00000, 0x0000000087f00000|  0%| F|  |TAMS 0x0000000087e00000, 0x0000000087e00000| Untracked 
|  63|0x0000000087f00000, 0x0000000087f00000, 0x0000000088000000|  0%| F|  |TAMS 0x0000000087f00000, 0x0000000087f00000| Untracked 
|  64|0x0000000088000000, 0x0000000088000000, 0x0000000088100000|  0%| F|  |TAMS 0x0000000088000000, 0x0000000088000000| Untracked 
|  65|0x0000000088100000, 0x0000000088100000, 0x0000000088200000|  0%| F|  |TAMS 0x0000000088100000, 0x0000000088100000| Untracked 
|  66|0x0000000088200000, 0x0000000088200000, 0x0000000088300000|  0%| F|  |TAMS 0x0000000088200000, 0x0000000088200000| Untracked 
|  67|0x0000000088300000, 0x0000000088300000, 0x0000000088400000|  0%| F|  |TAMS 0x0000000088300000, 0x0000000088300000| Untracked 
|  68|0x0000000088400000, 0x0000000088400000, 0x0000000088500000|  0%| F|  |TAMS 0x0000000088400000, 0x0000000088400000| Untracked 
|  69|0x0000000088500000, 0x0000000088500000, 0x0000000088600000|  0%| F|  |TAMS 0x0000000088500000, 0x0000000088500000| Untracked 
|  70|0x0000000088600000, 0x0000000088600000, 0x0000000088700000|  0%| F|  |TAMS 0x0000000088600000, 0x0000000088600000| Untracked 
|  71|0x0000000088700000, 0x0000000088700000, 0x0000000088800000|  0%| F|  |TAMS 0x0000000088700000, 0x0000000088700000| Untracked 
|  72|0x0000000088800000, 0x0000000088800000, 0x0000000088900000|  0%| F|  |TAMS 0x0000000088800000, 0x0000000088800000| Untracked 
|  73|0x0000000088900000, 0x0000000088900000, 0x0000000088a00000|  0%| F|  |TAMS 0x0000000088900000, 0x0000000088900000| Untracked 
|  74|0x0000000088a00000, 0x0000000088a00000, 0x0000000088b00000|  0%| F|  |TAMS 0x0000000088a00000, 0x0000000088a00000| Untracked 
|  75|0x0000000088b00000, 0x0000000088b00000, 0x0000000088c00000|  0%| F|  |TAMS 0x0000000088b00000, 0x0000000088b00000| Untracked 
|  76|0x0000000088c00000, 0x0000000088c00000, 0x0000000088d00000|  0%| F|  |TAMS 0x0000000088c00000, 0x0000000088c00000| Untracked 
|  77|0x0000000088d00000, 0x0000000088d00000, 0x0000000088e00000|  0%| F|  |TAMS 0x0000000088d00000, 0x0000000088d00000| Untracked 
|  78|0x0000000088e00000, 0x0000000088e00000, 0x0000000088f00000|  0%| F|  |TAMS 0x0000000088e00000, 0x0000000088e00000| Untracked 
|  79|0x0000000088f00000, 0x0000000088f00000, 0x0000000089000000|  0%| F|  |TAMS 0x0000000088f00000, 0x0000000088f00000| Untracked 
|  80|0x0000000089000000, 0x0000000089000000, 0x0000000089100000|  0%| F|  |TAMS 0x0000000089000000, 0x0000000089000000| Untracked 
|  81|0x0000000089100000, 0x0000000089100000, 0x0000000089200000|  0%| F|  |TAMS 0x0000000089100000, 0x0000000089100000| Untracked 
|  82|0x0000000089200000, 0x0000000089200000, 0x0000000089300000|  0%| F|  |TAMS 0x0000000089200000, 0x0000000089200000| Untracked 
|  83|0x0000000089300000, 0x0000000089300000, 0x0000000089400000|  0%| F|  |TAMS 0x0000000089300000, 0x0000000089300000| Untracked 
|  84|0x0000000089400000, 0x0000000089400000, 0x0000000089500000|  0%| F|  |TAMS 0x0000000089400000, 0x0000000089400000| Untracked 
|  85|0x0000000089500000, 0x0000000089500000, 0x0000000089600000|  0%| F|  |TAMS 0x0000000089500000, 0x0000000089500000| Untracked 
|  86|0x0000000089600000, 0x0000000089600000, 0x0000000089700000|  0%| F|  |TAMS 0x0000000089600000, 0x0000000089600000| Untracked 
|  87|0x0000000089700000, 0x0000000089700000, 0x0000000089800000|  0%| F|  |TAMS 0x0000000089700000, 0x0000000089700000| Untracked 
|  88|0x0000000089800000, 0x0000000089800000, 0x0000000089900000|  0%| F|  |TAMS 0x0000000089800000, 0x0000000089800000| Untracked 
|  89|0x0000000089900000, 0x0000000089900000, 0x0000000089a00000|  0%| F|  |TAMS 0x0000000089900000, 0x0000000089900000| Untracked 
|  90|0x0000000089a00000, 0x0000000089a00000, 0x0000000089b00000|  0%| F|  |TAMS 0x0000000089a00000, 0x0000000089a00000| Untracked 
|  91|0x0000000089b00000, 0x0000000089b00000, 0x0000000089c00000|  0%| F|  |TAMS 0x0000000089b00000, 0x0000000089b00000| Untracked 
|  92|0x0000000089c00000, 0x0000000089c00000, 0x0000000089d00000|  0%| F|  |TAMS 0x0000000089c00000, 0x0000000089c00000| Untracked 
|  93|0x0000000089d00000, 0x0000000089d00000, 0x0000000089e00000|  0%| F|  |TAMS 0x0000000089d00000, 0x0000000089d00000| Untracked 
|  94|0x0000000089e00000, 0x0000000089e00000, 0x0000000089f00000|  0%| F|  |TAMS 0x0000000089e00000, 0x0000000089e00000| Untracked 
|  95|0x0000000089f00000, 0x0000000089f00000, 0x000000008a000000|  0%| F|  |TAMS 0x0000000089f00000, 0x0000000089f00000| Untracked 
|  96|0x000000008a000000, 0x000000008a000000, 0x000000008a100000|  0%| F|  |TAMS 0x000000008a000000, 0x000000008a000000| Untracked 
|  97|0x000000008a100000, 0x000000008a100000, 0x000000008a200000|  0%| F|  |TAMS 0x000000008a100000, 0x000000008a100000| Untracked 
|  98|0x000000008a200000, 0x000000008a200000, 0x000000008a300000|  0%| F|  |TAMS 0x000000008a200000, 0x000000008a200000| Untracked 
|  99|0x000000008a300000, 0x000000008a300000, 0x000000008a400000|  0%| F|  |TAMS 0x000000008a300000, 0x000000008a300000| Untracked 
| 100|0x000000008a400000, 0x000000008a400000, 0x000000008a500000|  0%| F|  |TAMS 0x000000008a400000, 0x000000008a400000| Untracked 
| 101|0x000000008a500000, 0x000000008a500000, 0x000000008a600000|  0%| F|  |TAMS 0x000000008a500000, 0x000000008a500000| Untracked 
| 102|0x000000008a600000, 0x000000008a600000, 0x000000008a700000|  0%| F|  |TAMS 0x000000008a600000, 0x000000008a600000| Untracked 
| 103|0x000000008a700000, 0x000000008a700000, 0x000000008a800000|  0%| F|  |TAMS 0x000000008a700000, 0x000000008a700000| Untracked 
| 104|0x000000008a800000, 0x000000008a856770, 0x000000008a900000| 33%| S|CS|TAMS 0x000000008a800000, 0x000000008a800000| Complete 
| 105|0x000000008a900000, 0x000000008aa00000, 0x000000008aa00000|100%|HS|  |TAMS 0x000000008aa00000, 0x000000008a900000| Complete 
| 106|0x000000008aa00000, 0x000000008ab00000, 0x000000008ab00000|100%|HC|  |TAMS 0x000000008ab00000, 0x000000008aa00000| Complete 
| 107|0x000000008ab00000, 0x000000008ac00000, 0x000000008ac00000|100%|HC|  |TAMS 0x000000008ac00000, 0x000000008ab00000| Complete 
| 108|0x000000008ac00000, 0x000000008ad00000, 0x000000008ad00000|100%|HC|  |TAMS 0x000000008ad00000, 0x000000008ac00000| Complete 
| 109|0x000000008ad00000, 0x000000008ae00000, 0x000000008ae00000|100%|HC|  |TAMS 0x000000008ae00000, 0x000000008ad00000| Complete 
| 110|0x000000008ae00000, 0x000000008af00000, 0x000000008af00000|100%|HC|  |TAMS 0x000000008af00000, 0x000000008ae00000| Complete 
| 111|0x000000008af00000, 0x000000008b000000, 0x000000008b000000|100%|HC|  |TAMS 0x000000008b000000, 0x000000008af00000| Complete 
| 112|0x000000008b000000, 0x000000008b100000, 0x000000008b100000|100%|HC|  |TAMS 0x000000008b100000, 0x000000008b000000| Complete 
| 113|0x000000008b100000, 0x000000008b200000, 0x000000008b200000|100%|HC|  |TAMS 0x000000008b200000, 0x000000008b100000| Complete 
| 114|0x000000008b200000, 0x000000008b300000, 0x000000008b300000|100%|HC|  |TAMS 0x000000008b300000, 0x000000008b200000| Complete 
| 115|0x000000008b300000, 0x000000008b400000, 0x000000008b400000|100%|HC|  |TAMS 0x000000008b400000, 0x000000008b300000| Complete 
| 116|0x000000008b400000, 0x000000008b500000, 0x000000008b500000|100%|HC|  |TAMS 0x000000008b500000, 0x000000008b400000| Complete 
| 117|0x000000008b500000, 0x000000008b600000, 0x000000008b600000|100%|HC|  |TAMS 0x000000008b600000, 0x000000008b500000| Complete 
| 118|0x000000008b600000, 0x000000008b700000, 0x000000008b700000|100%|HC|  |TAMS 0x000000008b700000, 0x000000008b600000| Complete 
| 119|0x000000008b700000, 0x000000008b800000, 0x000000008b800000|100%|HC|  |TAMS 0x000000008b800000, 0x000000008b700000| Complete 
| 120|0x000000008b800000, 0x000000008b900000, 0x000000008b900000|100%|HC|  |TAMS 0x000000008b900000, 0x000000008b800000| Complete 
| 121|0x000000008b900000, 0x000000008ba00000, 0x000000008ba00000|100%|HC|  |TAMS 0x000000008ba00000, 0x000000008b900000| Complete 
| 122|0x000000008ba00000, 0x000000008bb00000, 0x000000008bb00000|100%|HC|  |TAMS 0x000000008bb00000, 0x000000008ba00000| Complete 
| 123|0x000000008bb00000, 0x000000008bc00000, 0x000000008bc00000|100%|HC|  |TAMS 0x000000008bc00000, 0x000000008bb00000| Complete 
| 124|0x000000008bc00000, 0x000000008bd00000, 0x000000008bd00000|100%|HC|  |TAMS 0x000000008bd00000, 0x000000008bc00000| Complete 
| 125|0x000000008bd00000, 0x000000008be00000, 0x000000008be00000|100%|HC|  |TAMS 0x000000008be00000, 0x000000008bd00000| Complete 
| 126|0x000000008be00000, 0x000000008bf00000, 0x000000008bf00000|100%|HC|  |TAMS 0x000000008bf00000, 0x000000008be00000| Complete 
| 127|0x000000008bf00000, 0x000000008c000000, 0x000000008c000000|100%|HC|  |TAMS 0x000000008c000000, 0x000000008bf00000| Complete 
| 128|0x000000008c000000, 0x000000008c100000, 0x000000008c100000|100%|HC|  |TAMS 0x000000008c100000, 0x000000008c000000| Complete 
| 129|0x000000008c100000, 0x000000008c200000, 0x000000008c200000|100%|HC|  |TAMS 0x000000008c200000, 0x000000008c100000| Complete 
| 130|0x000000008c200000, 0x000000008c300000, 0x000000008c300000|100%|HC|  |TAMS 0x000000008c300000, 0x000000008c200000| Complete 
| 131|0x000000008c300000, 0x000000008c400000, 0x000000008c400000|100%|HC|  |TAMS 0x000000008c400000, 0x000000008c300000| Complete 
| 132|0x000000008c400000, 0x000000008c500000, 0x000000008c500000|100%|HC|  |TAMS 0x000000008c500000, 0x000000008c400000| Complete 
| 133|0x000000008c500000, 0x000000008c600000, 0x000000008c600000|100%|HC|  |TAMS 0x000000008c600000, 0x000000008c500000| Complete 
| 134|0x000000008c600000, 0x000000008c700000, 0x000000008c700000|100%|HC|  |TAMS 0x000000008c700000, 0x000000008c600000| Complete 
| 135|0x000000008c700000, 0x000000008c800000, 0x000000008c800000|100%|HC|  |TAMS 0x000000008c800000, 0x000000008c700000| Complete 
| 136|0x000000008c800000, 0x000000008c900000, 0x000000008c900000|100%|HC|  |TAMS 0x000000008c900000, 0x000000008c800000| Complete 
| 137|0x000000008c900000, 0x000000008ca00000, 0x000000008ca00000|100%|HC|  |TAMS 0x000000008ca00000, 0x000000008c900000| Complete 
| 138|0x000000008ca00000, 0x000000008cb00000, 0x000000008cb00000|100%|HC|  |TAMS 0x000000008cb00000, 0x000000008ca00000| Complete 
| 139|0x000000008cb00000, 0x000000008cc00000, 0x000000008cc00000|100%|HC|  |TAMS 0x000000008cc00000, 0x000000008cb00000| Complete 
| 140|0x000000008cc00000, 0x000000008cd00000, 0x000000008cd00000|100%|HC|  |TAMS 0x000000008cd00000, 0x000000008cc00000| Complete 
| 141|0x000000008cd00000, 0x000000008ce00000, 0x000000008ce00000|100%|HC|  |TAMS 0x000000008ce00000, 0x000000008cd00000| Complete 
| 142|0x000000008ce00000, 0x000000008cf00000, 0x000000008cf00000|100%|HC|  |TAMS 0x000000008cf00000, 0x000000008ce00000| Complete 
| 143|0x000000008cf00000, 0x000000008d000000, 0x000000008d000000|100%|HC|  |TAMS 0x000000008d000000, 0x000000008cf00000| Complete 
| 144|0x000000008d000000, 0x000000008d100000, 0x000000008d100000|100%|HC|  |TAMS 0x000000008d100000, 0x000000008d000000| Complete 
| 145|0x000000008d100000, 0x000000008d200000, 0x000000008d200000|100%|HC|  |TAMS 0x000000008d200000, 0x000000008d100000| Complete 
| 146|0x000000008d200000, 0x000000008d300000, 0x000000008d300000|100%|HC|  |TAMS 0x000000008d300000, 0x000000008d200000| Complete 
| 147|0x000000008d300000, 0x000000008d400000, 0x000000008d400000|100%|HC|  |TAMS 0x000000008d400000, 0x000000008d300000| Complete 
| 148|0x000000008d400000, 0x000000008d500000, 0x000000008d500000|100%|HC|  |TAMS 0x000000008d500000, 0x000000008d400000| Complete 
| 149|0x000000008d500000, 0x000000008d600000, 0x000000008d600000|100%|HC|  |TAMS 0x000000008d600000, 0x000000008d500000| Complete 
| 150|0x000000008d600000, 0x000000008d700000, 0x000000008d700000|100%|HC|  |TAMS 0x000000008d700000, 0x000000008d600000| Complete 
| 151|0x000000008d700000, 0x000000008d800000, 0x000000008d800000|100%|HC|  |TAMS 0x000000008d800000, 0x000000008d700000| Complete 
| 152|0x000000008d800000, 0x000000008d900000, 0x000000008d900000|100%|HC|  |TAMS 0x000000008d900000, 0x000000008d800000| Complete 
| 153|0x000000008d900000, 0x000000008da00000, 0x000000008da00000|100%|HC|  |TAMS 0x000000008da00000, 0x000000008d900000| Complete 
| 154|0x000000008da00000, 0x000000008db00000, 0x000000008db00000|100%|HC|  |TAMS 0x000000008db00000, 0x000000008da00000| Complete 
| 155|0x000000008db00000, 0x000000008dc00000, 0x000000008dc00000|100%|HC|  |TAMS 0x000000008dc00000, 0x000000008db00000| Complete 
| 156|0x000000008dc00000, 0x000000008dd00000, 0x000000008dd00000|100%|HC|  |TAMS 0x000000008dd00000, 0x000000008dc00000| Complete 
| 157|0x000000008dd00000, 0x000000008de00000, 0x000000008de00000|100%|HC|  |TAMS 0x000000008de00000, 0x000000008dd00000| Complete 
| 158|0x000000008de00000, 0x000000008df00000, 0x000000008df00000|100%|HC|  |TAMS 0x000000008df00000, 0x000000008de00000| Complete 
| 159|0x000000008df00000, 0x000000008e000000, 0x000000008e000000|100%|HC|  |TAMS 0x000000008e000000, 0x000000008df00000| Complete 
| 160|0x000000008e000000, 0x000000008e100000, 0x000000008e100000|100%|HC|  |TAMS 0x000000008e100000, 0x000000008e000000| Complete 
| 161|0x000000008e100000, 0x000000008e200000, 0x000000008e200000|100%|HC|  |TAMS 0x000000008e200000, 0x000000008e100000| Complete 
| 162|0x000000008e200000, 0x000000008e300000, 0x000000008e300000|100%|HC|  |TAMS 0x000000008e300000, 0x000000008e200000| Complete 
| 163|0x000000008e300000, 0x000000008e400000, 0x000000008e400000|100%|HC|  |TAMS 0x000000008e400000, 0x000000008e300000| Complete 
| 164|0x000000008e400000, 0x000000008e500000, 0x000000008e500000|100%|HC|  |TAMS 0x000000008e500000, 0x000000008e400000| Complete 
| 165|0x000000008e500000, 0x000000008e600000, 0x000000008e600000|100%|HC|  |TAMS 0x000000008e600000, 0x000000008e500000| Complete 
| 166|0x000000008e600000, 0x000000008e700000, 0x000000008e700000|100%|HC|  |TAMS 0x000000008e700000, 0x000000008e600000| Complete 
| 167|0x000000008e700000, 0x000000008e800000, 0x000000008e800000|100%|HC|  |TAMS 0x000000008e800000, 0x000000008e700000| Complete 
| 168|0x000000008e800000, 0x000000008e900000, 0x000000008e900000|100%|HC|  |TAMS 0x000000008e900000, 0x000000008e800000| Complete 
| 169|0x000000008e900000, 0x000000008ea00000, 0x000000008ea00000|100%|HC|  |TAMS 0x000000008ea00000, 0x000000008e900000| Complete 
| 170|0x000000008ea00000, 0x000000008eb00000, 0x000000008eb00000|100%|HC|  |TAMS 0x000000008eb00000, 0x000000008ea00000| Complete 
| 171|0x000000008eb00000, 0x000000008ec00000, 0x000000008ec00000|100%|HC|  |TAMS 0x000000008ec00000, 0x000000008eb00000| Complete 
| 172|0x000000008ec00000, 0x000000008ed00000, 0x000000008ed00000|100%|HC|  |TAMS 0x000000008ed00000, 0x000000008ec00000| Complete 
| 173|0x000000008ed00000, 0x000000008ee00000, 0x000000008ee00000|100%|HC|  |TAMS 0x000000008ee00000, 0x000000008ed00000| Complete 
| 174|0x000000008ee00000, 0x000000008ef00000, 0x000000008ef00000|100%|HC|  |TAMS 0x000000008ef00000, 0x000000008ee00000| Complete 
| 175|0x000000008ef00000, 0x000000008f000000, 0x000000008f000000|100%|HC|  |TAMS 0x000000008f000000, 0x000000008ef00000| Complete 
| 176|0x000000008f000000, 0x000000008f100000, 0x000000008f100000|100%|HC|  |TAMS 0x000000008f100000, 0x000000008f000000| Complete 
| 177|0x000000008f100000, 0x000000008f200000, 0x000000008f200000|100%|HC|  |TAMS 0x000000008f200000, 0x000000008f100000| Complete 
| 178|0x000000008f200000, 0x000000008f300000, 0x000000008f300000|100%|HC|  |TAMS 0x000000008f300000, 0x000000008f200000| Complete 
| 179|0x000000008f300000, 0x000000008f400000, 0x000000008f400000|100%|HC|  |TAMS 0x000000008f400000, 0x000000008f300000| Complete 
| 180|0x000000008f400000, 0x000000008f500000, 0x000000008f500000|100%|HC|  |TAMS 0x000000008f500000, 0x000000008f400000| Complete 
| 181|0x000000008f500000, 0x000000008f600000, 0x000000008f600000|100%|HC|  |TAMS 0x000000008f600000, 0x000000008f500000| Complete 
| 182|0x000000008f600000, 0x000000008f700000, 0x000000008f700000|100%|HC|  |TAMS 0x000000008f700000, 0x000000008f600000| Complete 
| 183|0x000000008f700000, 0x000000008f800000, 0x000000008f800000|100%|HC|  |TAMS 0x000000008f800000, 0x000000008f700000| Complete 
| 184|0x000000008f800000, 0x000000008f900000, 0x000000008f900000|100%|HC|  |TAMS 0x000000008f900000, 0x000000008f800000| Complete 
| 185|0x000000008f900000, 0x000000008fa00000, 0x000000008fa00000|100%|HC|  |TAMS 0x000000008fa00000, 0x000000008f900000| Complete 
| 186|0x000000008fa00000, 0x000000008fb00000, 0x000000008fb00000|100%|HC|  |TAMS 0x000000008fb00000, 0x000000008fa00000| Complete 
| 187|0x000000008fb00000, 0x000000008fc00000, 0x000000008fc00000|100%|HC|  |TAMS 0x000000008fc00000, 0x000000008fb00000| Complete 
| 188|0x000000008fc00000, 0x000000008fd00000, 0x000000008fd00000|100%|HC|  |TAMS 0x000000008fd00000, 0x000000008fc00000| Complete 
| 189|0x000000008fd00000, 0x000000008fe00000, 0x000000008fe00000|100%|HC|  |TAMS 0x000000008fe00000, 0x000000008fd00000| Complete 
| 190|0x000000008fe00000, 0x000000008ff00000, 0x000000008ff00000|100%|HC|  |TAMS 0x000000008ff00000, 0x000000008fe00000| Complete 
| 191|0x000000008ff00000, 0x0000000090000000, 0x0000000090000000|100%|HC|  |TAMS 0x0000000090000000, 0x000000008ff00000| Complete 
| 192|0x0000000090000000, 0x0000000090100000, 0x0000000090100000|100%|HC|  |TAMS 0x0000000090100000, 0x0000000090000000| Complete 
| 193|0x0000000090100000, 0x0000000090200000, 0x0000000090200000|100%|HC|  |TAMS 0x0000000090200000, 0x0000000090100000| Complete 
| 194|0x0000000090200000, 0x0000000090300000, 0x0000000090300000|100%|HC|  |TAMS 0x0000000090300000, 0x0000000090200000| Complete 
| 195|0x0000000090300000, 0x0000000090400000, 0x0000000090400000|100%|HC|  |TAMS 0x0000000090400000, 0x0000000090300000| Complete 
| 196|0x0000000090400000, 0x0000000090400000, 0x0000000090500000|  0%| F|  |TAMS 0x0000000090400000, 0x0000000090400000| Untracked 
| 197|0x0000000090500000, 0x0000000090600000, 0x0000000090600000|100%| S|CS|TAMS 0x0000000090500000, 0x0000000090500000| Complete 
| 198|0x0000000090600000, 0x0000000090700000, 0x0000000090700000|100%| S|CS|TAMS 0x0000000090600000, 0x0000000090600000| Complete 
| 199|0x0000000090700000, 0x0000000090800000, 0x0000000090800000|100%| S|CS|TAMS 0x0000000090700000, 0x0000000090700000| Complete 
| 200|0x0000000090800000, 0x0000000090800000, 0x0000000090900000|  0%| F|  |TAMS 0x0000000090800000, 0x0000000090800000| Untracked 
| 201|0x0000000090900000, 0x0000000090900000, 0x0000000090a00000|  0%| F|  |TAMS 0x0000000090900000, 0x0000000090900000| Untracked 
| 202|0x0000000090a00000, 0x0000000090a00000, 0x0000000090b00000|  0%| F|  |TAMS 0x0000000090a00000, 0x0000000090a00000| Untracked 
| 203|0x0000000090b00000, 0x0000000090b00000, 0x0000000090c00000|  0%| F|  |TAMS 0x0000000090b00000, 0x0000000090b00000| Untracked 
| 204|0x0000000090c00000, 0x0000000090c00000, 0x0000000090d00000|  0%| F|  |TAMS 0x0000000090c00000, 0x0000000090c00000| Untracked 
| 205|0x0000000090d00000, 0x0000000090d00000, 0x0000000090e00000|  0%| F|  |TAMS 0x0000000090d00000, 0x0000000090d00000| Untracked 
| 206|0x0000000090e00000, 0x0000000090e00000, 0x0000000090f00000|  0%| F|  |TAMS 0x0000000090e00000, 0x0000000090e00000| Untracked 
| 207|0x0000000090f00000, 0x0000000090f00000, 0x0000000091000000|  0%| F|  |TAMS 0x0000000090f00000, 0x0000000090f00000| Untracked 
| 208|0x0000000091000000, 0x0000000091000000, 0x0000000091100000|  0%| F|  |TAMS 0x0000000091000000, 0x0000000091000000| Untracked 
| 209|0x0000000091100000, 0x0000000091200000, 0x0000000091200000|100%| E|  |TAMS 0x0000000091100000, 0x0000000091100000| Complete 

Card table byte_map: [0x0000019ff1ca0000,0x0000019ff2080000] _byte_map_base: 0x0000019ff1880000

Marking Bits (Prev, Next): (CMBitMap*) 0x0000019fe96877a0, (CMBitMap*) 0x0000019fe96877e0
 Prev Bits: [0x0000019ff2460000, 0x0000019ff4360000)
 Next Bits: [0x0000019ff4360000, 0x0000019ff6260000)

Polling page: 0x0000019fe8df0000

Metaspace:

Usage:
  Non-class:      7.46 MB used.
      Class:    941.01 KB used.
       Both:      8.38 MB used.

Virtual space:
  Non-class space:       64.00 MB reserved,       7.56 MB ( 12%) committed,  1 nodes.
      Class space:        1.00 GB reserved,       1.00 MB ( <1%) committed,  1 nodes.
             Both:        1.06 GB reserved,       8.56 MB ( <1%) committed. 

Chunk freelists:
   Non-Class:  448.00 KB
       Class:  3.03 MB
        Both:  3.46 MB

MaxMetaspaceSize: unlimited
CompressedClassSpaceSize: 1.00 GB
Initial GC threshold: 21.00 MB
Current GC threshold: 21.00 MB
CDS: on
MetaspaceReclaimPolicy: balanced
 - commit_granule_bytes: 65536.
 - commit_granule_words: 8192.
 - virtual_space_node_default_size: 8388608.
 - enlarge_chunks_in_place: 1.
 - new_chunks_are_fully_committed: 0.
 - uncommit_free_chunks: 1.
 - use_allocation_guard: 0.


Internal statistics:

num_allocs_failed_limit: 0.
num_arena_births: 152.
num_arena_deaths: 0.
num_vsnodes_births: 2.
num_vsnodes_deaths: 0.
num_space_committed: 137.
num_space_uncommitted: 0.
num_chunks_returned_to_freelist: 0.
num_chunks_taken_from_freelist: 175.
num_chunk_merges: 0.
num_chunk_splits: 115.
num_chunks_enlarged: 75.
num_inconsistent_stats: 0.

CodeHeap 'non-profiled nmethods': size=120000Kb used=529Kb max_used=529Kb free=119470Kb
 bounds [0x0000019f87ad0000, 0x0000019f87d40000, 0x0000019f8f000000]
CodeHeap 'profiled nmethods': size=120000Kb used=2266Kb max_used=2266Kb free=117733Kb
 bounds [0x0000019f80000000, 0x0000019f80270000, 0x0000019f87530000]
CodeHeap 'non-nmethods': size=5760Kb used=1387Kb max_used=1420Kb free=4372Kb
 bounds [0x0000019f87530000, 0x0000019f877a0000, 0x0000019f87ad0000]
 total_blobs=2054 nmethods=1429 adapters=536
 compilation: enabled
              stopped_count=0, restarted_count=0
 full_count=0

Compilation events (20 events):
Event: 4.408 Thread 0x0000019ff8cc2610 1418       3       java.beans.PropertyChangeSupport::firePropertyChange (81 bytes)
Event: 4.408 Thread 0x0000019ff8cbbf70 nmethod 1422 0x0000019f87b53c90 code [0x0000019f87b53e00, 0x0000019f87b53e78]
Event: 4.409 Thread 0x0000019ff8cc2610 nmethod 1418 0x0000019f80230790 code [0x0000019f80230a00, 0x0000019f80231728]
Event: 4.409 Thread 0x0000019ff8cc2610 1421       1       javax.swing.text.AbstractDocument::getAttributeContext (5 bytes)
Event: 4.409 Thread 0x0000019ff8cc2610 nmethod 1421 0x0000019f87b53f90 code [0x0000019f87b54120, 0x0000019f87b541d8]
Event: 4.409 Thread 0x0000019ff8cc2610 1423       3       javax.swing.JComponent::revalidate (53 bytes)
Event: 4.409 Thread 0x0000019ff8cc2610 nmethod 1423 0x0000019f80231b10 code [0x0000019f80231e40, 0x0000019f80233168]
Event: 4.409 Thread 0x0000019ff8cc2610 1425       3       javax.swing.text.AbstractDocument::getDocumentProperties (24 bytes)
Event: 4.409 Thread 0x0000019ff8cc2610 nmethod 1425 0x0000019f80233690 code [0x0000019f80233860, 0x0000019f80233b28]
Event: 4.409 Thread 0x0000019ff8cc2610 1424       1       javax.swing.text.JTextComponent::getDocument (5 bytes)
Event: 4.409 Thread 0x0000019ff8cc2610 nmethod 1424 0x0000019f87b54290 code [0x0000019f87b54420, 0x0000019f87b544f8]
Event: 4.410 Thread 0x0000019ff8cc2610 1426       3       java.awt.Component::getForeground (29 bytes)
Event: 4.410 Thread 0x0000019ff8cc2610 nmethod 1426 0x0000019f80233c10 code [0x0000019f80233de0, 0x0000019f802341e8]
Event: 4.410 Thread 0x0000019ff8cc2610 1428       3       java.util.IdentityHashMap::hash (18 bytes)
Event: 4.410 Thread 0x0000019ff8cc2610 nmethod 1428 0x0000019f80234310 code [0x0000019f802344c0, 0x0000019f802345e8]
Event: 4.410 Thread 0x0000019ff8cc2610 1427       3       java.awt.Color::equals (27 bytes)
Event: 4.410 Thread 0x0000019ff8cc2610 nmethod 1427 0x0000019f80234690 code [0x0000019f80234840, 0x0000019f80234d18]
Event: 4.412 Thread 0x0000019ff8cc2610 1429       3       java.awt.image.AreaAveragingScaleFilter::accumPixels (545 bytes)
Event: 4.413 Thread 0x0000019ff8cc2610 nmethod 1429 0x0000019f80234e10 code [0x0000019f802350e0, 0x0000019f80236258]
Event: 4.415 Thread 0x0000019ff8cbbf70 1430       4       java.awt.image.AreaAveragingScaleFilter::calcRow (250 bytes)

GC Heap History (14 events):
Event: 1.481 GC heap before
{Heap before GC invocations=0 (full 0):
 garbage-first heap   total 126976K, used 36864K [0x0000000084000000, 0x0000000100000000)
  region size 1024K, 19 young (19456K), 0 survivors (0K)
 Metaspace       used 8023K, committed 8256K, reserved 1114112K
  class space    used 891K, committed 1024K, reserved 1048576K
}
Event: 1.484 GC heap after
{Heap after GC invocations=1 (full 0):
 garbage-first heap   total 126976K, used 20833K [0x0000000084000000, 0x0000000100000000)
  region size 1024K, 3 young (3072K), 3 survivors (3072K)
 Metaspace       used 8023K, committed 8256K, reserved 1114112K
  class space    used 891K, committed 1024K, reserved 1048576K
}
Event: 1.645 GC heap before
{Heap before GC invocations=1 (full 0):
 garbage-first heap   total 200704K, used 144737K [0x0000000084000000, 0x0000000100000000)
  region size 1024K, 34 young (34816K), 3 survivors (3072K)
 Metaspace       used 8034K, committed 8256K, reserved 1114112K
  class space    used 891K, committed 1024K, reserved 1048576K
}
Event: 1.647 GC heap after
{Heap after GC invocations=2 (full 0):
 garbage-first heap   total 200704K, used 114073K [0x0000000084000000, 0x0000000100000000)
  region size 1024K, 3 young (3072K), 3 survivors (3072K)
 Metaspace       used 8034K, committed 8256K, reserved 1114112K
  class space    used 891K, committed 1024K, reserved 1048576K
}
Event: 1.887 GC heap before
{Heap before GC invocations=2 (full 0):
 garbage-first heap   total 200704K, used 171417K [0x0000000084000000, 0x0000000100000000)
  region size 1024K, 60 young (61440K), 3 survivors (3072K)
 Metaspace       used 8034K, committed 8256K, reserved 1114112K
  class space    used 891K, committed 1024K, reserved 1048576K
}
Event: 1.889 GC heap after
{Heap after GC invocations=3 (full 0):
 garbage-first heap   total 200704K, used 114013K [0x0000000084000000, 0x0000000100000000)
  region size 1024K, 3 young (3072K), 3 survivors (3072K)
 Metaspace       used 8034K, committed 8256K, reserved 1114112K
  class space    used 891K, committed 1024K, reserved 1048576K
}
Event: 2.005 GC heap before
{Heap before GC invocations=4 (full 0):
 garbage-first heap   total 200704K, used 174429K [0x0000000084000000, 0x0000000100000000)
  region size 1024K, 63 young (64512K), 3 survivors (3072K)
 Metaspace       used 8034K, committed 8256K, reserved 1114112K
  class space    used 891K, committed 1024K, reserved 1048576K
}
Event: 2.007 GC heap after
{Heap after GC invocations=5 (full 0):
 garbage-first heap   total 200704K, used 113944K [0x0000000084000000, 0x0000000100000000)
  region size 1024K, 3 young (3072K), 3 survivors (3072K)
 Metaspace       used 8034K, committed 8256K, reserved 1114112K
  class space    used 891K, committed 1024K, reserved 1048576K
}
Event: 2.075 GC heap before
{Heap before GC invocations=5 (full 0):
 garbage-first heap   total 200704K, used 146712K [0x0000000084000000, 0x0000000100000000)
  region size 1024K, 37 young (37888K), 3 survivors (3072K)
 Metaspace       used 8045K, committed 8256K, reserved 1114112K
  class space    used 893K, committed 1024K, reserved 1048576K
}
Event: 2.077 GC heap after
{Heap after GC invocations=6 (full 0):
 garbage-first heap   total 200704K, used 114082K [0x0000000084000000, 0x0000000100000000)
  region size 1024K, 3 young (3072K), 3 survivors (3072K)
 Metaspace       used 8045K, committed 8256K, reserved 1114112K
  class space    used 893K, committed 1024K, reserved 1048576K
}
Event: 3.691 GC heap before
{Heap before GC invocations=7 (full 0):
 garbage-first heap   total 201728K, used 134562K [0x0000000084000000, 0x0000000100000000)
  region size 1024K, 14 young (14336K), 3 survivors (3072K)
 Metaspace       used 8171K, committed 8384K, reserved 1114112K
  class space    used 909K, committed 1024K, reserved 1048576K
}
Event: 3.694 GC heap after
{Heap after GC invocations=8 (full 0):
 garbage-first heap   total 201728K, used 119134K [0x0000000084000000, 0x0000000100000000)
  region size 1024K, 3 young (3072K), 3 survivors (3072K)
 Metaspace       used 8171K, committed 8384K, reserved 1114112K
  class space    used 909K, committed 1024K, reserved 1048576K
}
Event: 4.415 GC heap before
{Heap before GC invocations=9 (full 0):
 garbage-first heap   total 215040K, used 137566K [0x0000000084000000, 0x0000000100000000)
  region size 1024K, 14 young (14336K), 3 survivors (3072K)
 Metaspace       used 8576K, committed 8768K, reserved 1114112K
  class space    used 941K, committed 1024K, reserved 1048576K
}
Event: 4.418 GC heap after
{Heap after GC invocations=10 (full 0):
 garbage-first heap   total 215040K, used 128345K [0x0000000084000000, 0x0000000100000000)
  region size 1024K, 4 young (4096K), 4 survivors (4096K)
 Metaspace       used 8576K, committed 8768K, reserved 1114112K
  class space    used 941K, committed 1024K, reserved 1048576K
}

Dll operation events (10 events):
Event: 0.004 Loaded shared library D:\New Backup\bin\java.dll
Event: 0.011 Loaded shared library D:\New Backup\bin\jsvml.dll
Event: 0.043 Loaded shared library D:\New Backup\bin\net.dll
Event: 0.044 Loaded shared library D:\New Backup\bin\nio.dll
Event: 0.061 Loaded shared library D:\New Backup\bin\zip.dll
Event: 0.069 Loaded shared library D:\New Backup\bin\jimage.dll
Event: 0.078 Loaded shared library D:\New Backup\bin\awt.dll
Event: 0.196 Loaded shared library D:\New Backup\bin\freetype.dll
Event: 0.196 Loaded shared library D:\New Backup\bin\fontmanager.dll
Event: 0.233 Loaded shared library D:\New Backup\bin\javajpeg.dll

Deoptimization events (20 events):
Event: 3.857 Thread 0x0000019ff8ccb330 DEOPT PACKING pc=0x0000019f87b44a18 sp=0x000000070f5fcf20
Event: 3.857 Thread 0x0000019ff8ccb330 DEOPT UNPACKING pc=0x0000019f8759a5a3 sp=0x000000070f5fce38 mode 2
Event: 3.918 Thread 0x0000019ff8ccb330 Uncommon trap: trap_request=0xffffff45 fr.pc=0x0000019f87b1bbec relative=0x000000000000014c
Event: 3.918 Thread 0x0000019ff8ccb330 Uncommon trap: reason=unstable_if action=reinterpret pc=0x0000019f87b1bbec method=java.util.concurrent.locks.ReentrantLock$NonfairSync.initialTryLock()Z @ 25 c2
Event: 3.918 Thread 0x0000019ff8ccb330 DEOPT PACKING pc=0x0000019f87b1bbec sp=0x000000070f5fe5b0
Event: 3.918 Thread 0x0000019ff8ccb330 DEOPT UNPACKING pc=0x0000019f8759a5a3 sp=0x000000070f5fe550 mode 2
Event: 4.412 Thread 0x0000019ff8cc9df0 Uncommon trap: trap_request=0xffffff45 fr.pc=0x0000019f87b35eac relative=0x00000000000013cc
Event: 4.412 Thread 0x0000019ff8cc9df0 Uncommon trap: reason=unstable_if action=reinterpret pc=0x0000019f87b35eac method=java.awt.image.AreaAveragingScaleFilter.accumPixels(IIIILjava/awt/image/ColorModel;Ljava/lang/Object;II)V @ 4 c2
Event: 4.412 Thread 0x0000019ff8cc9df0 DEOPT PACKING pc=0x0000019f87b35eac sp=0x000000070f4fe680
Event: 4.412 Thread 0x0000019ff8cc9df0 DEOPT UNPACKING pc=0x0000019f8759a5a3 sp=0x000000070f4fe5e0 mode 2
Event: 4.412 Thread 0x0000019ff8cc9df0 DEOPT PACKING pc=0x0000019f80188669 sp=0x000000070f4fe5c0
Event: 4.412 Thread 0x0000019ff8cc9df0 DEOPT UNPACKING pc=0x0000019f8759b0e3 sp=0x000000070f4fdad8 mode 0
Event: 4.413 Thread 0x0000019ff8cc9df0 DEOPT PACKING pc=0x0000019f80236144 sp=0x000000070f4fe660
Event: 4.413 Thread 0x0000019ff8cc9df0 DEOPT UNPACKING pc=0x0000019f8759b0e3 sp=0x000000070f4fdad8 mode 0
Event: 4.414 Thread 0x0000019ff8cc9df0 DEOPT PACKING pc=0x0000019f80236144 sp=0x000000070f4fe660
Event: 4.414 Thread 0x0000019ff8cc9df0 DEOPT UNPACKING pc=0x0000019f8759b0e3 sp=0x000000070f4fdad8 mode 0
Event: 4.414 Thread 0x0000019ff8cc9df0 Uncommon trap: trap_request=0xfffffff4 fr.pc=0x0000019f87b2f1dc relative=0x00000000000004bc
Event: 4.414 Thread 0x0000019ff8cc9df0 Uncommon trap: reason=null_check action=make_not_entrant pc=0x0000019f87b2f1dc method=java.awt.image.AreaAveragingScaleFilter.calcRow()[I @ 16 c2
Event: 4.414 Thread 0x0000019ff8cc9df0 DEOPT PACKING pc=0x0000019f87b2f1dc sp=0x000000070f4fe610
Event: 4.414 Thread 0x0000019ff8cc9df0 DEOPT UNPACKING pc=0x0000019f8759a5a3 sp=0x000000070f4fe588 mode 2

Classes loaded (20 events):
Event: 4.406 Loading class javax/swing/plaf/basic/BasicRadioButtonUI done
Event: 4.406 Loading class javax/swing/plaf/metal/MetalRadioButtonUI done
Event: 4.406 Loading class javax/swing/plaf/basic/BasicBorders
Event: 4.406 Loading class javax/swing/plaf/basic/BasicBorders done
Event: 4.406 Loading class javax/swing/plaf/basic/BasicBorders$RadioButtonBorder
Event: 4.406 Loading class javax/swing/plaf/basic/BasicBorders$ButtonBorder
Event: 4.406 Loading class javax/swing/plaf/basic/BasicBorders$ButtonBorder done
Event: 4.406 Loading class javax/swing/plaf/basic/BasicBorders$RadioButtonBorder done
Event: 4.406 Loading class javax/swing/plaf/metal/MetalIconFactory
Event: 4.406 Loading class javax/swing/plaf/metal/MetalIconFactory done
Event: 4.406 Loading class javax/swing/plaf/metal/MetalIconFactory$RadioButtonIcon
Event: 4.406 Loading class javax/swing/plaf/metal/MetalIconFactory$RadioButtonIcon done
Event: 4.407 Loading class javax/swing/plaf/basic/BasicButtonUI$KeyHandler
Event: 4.407 Loading class javax/swing/plaf/basic/BasicButtonUI$KeyHandler done
Event: 4.407 Loading class javax/swing/plaf/basic/BasicButtonUI$SelectPreviousBtn
Event: 4.407 Loading class javax/swing/plaf/basic/BasicButtonUI$SelectPreviousBtn done
Event: 4.407 Loading class javax/swing/plaf/basic/BasicButtonUI$SelectNextBtn
Event: 4.407 Loading class javax/swing/plaf/basic/BasicButtonUI$SelectNextBtn done
Event: 4.407 Loading class javax/swing/ButtonGroup
Event: 4.407 Loading class javax/swing/ButtonGroup done

Classes unloaded (0 events):
No events

Classes redefined (0 events):
No events

Internal exceptions (17 events):
Event: 0.045 Thread 0x0000019fe96276f0 Exception <a 'sun/nio/fs/WindowsException'{0x000000008ba455b8}> (0x000000008ba455b8) 
thrown [s\open\src\hotspot\share\prims\jni.cpp, line 517]
Event: 0.045 Thread 0x0000019fe96276f0 Exception <a 'sun/nio/fs/WindowsException'{0x000000008ba45b48}> (0x000000008ba45b48) 
thrown [s\open\src\hotspot\share\prims\jni.cpp, line 517]
Event: 0.048 Thread 0x0000019fe96276f0 Exception <a 'sun/nio/fs/WindowsException'{0x000000008ba53850}> (0x000000008ba53850) 
thrown [s\open\src\hotspot\share\prims\jni.cpp, line 517]
Event: 0.073 Thread 0x0000019fe96276f0 Exception <a 'java/lang/ClassNotFoundException'{0x000000008b9a78a0}: sun/awt/resources/spi/awtProvider> (0x000000008b9a78a0) 
thrown [s\open\src\hotspot\share\classfile\systemDictionary.cpp, line 255]
Event: 0.088 Thread 0x0000019fe96276f0 Exception <a 'java/io/FileNotFoundException'{0x000000008b9fee10}> (0x000000008b9fee10) 
thrown [s\open\src\hotspot\share\prims\jni.cpp, line 517]
Event: 0.094 Thread 0x0000019fe96276f0 Exception <a 'java/io/FileNotFoundException'{0x000000008b82bb70}> (0x000000008b82bb70) 
thrown [s\open\src\hotspot\share\prims\jni.cpp, line 517]
Event: 0.120 Thread 0x0000019fe96276f0 Exception <a 'java/lang/NoSuchMethodError'{0x000000008b8704b0}: 'java.lang.Object java.lang.invoke.DirectMethodHandle$Holder.invokeStaticInit(java.lang.Object)'> (0x000000008b8704b0) 
thrown [s\open\src\hotspot\share\interpreter\linkResolver.cpp, line 774]
Event: 0.142 Thread 0x0000019fe96276f0 Exception <a 'java/lang/NoSuchMethodError'{0x000000008b7b1760}: 'void java.lang.invoke.DirectMethodHandle$Holder.invokeSpecial(java.lang.Object, java.lang.Object, java.lang.Object)'> (0x000000008b7b1760) 
thrown [s\open\src\hotspot\share\interpreter\linkResolver.cpp, line 774]
Event: 0.148 Thread 0x0000019fe96276f0 Exception <a 'java/lang/NoSuchMethodError'{0x000000008b7dc218}: 'java.lang.Object java.lang.invoke.DirectMethodHandle$Holder.newInvokeSpecial(java.lang.Object, java.lang.Object, java.lang.Object, java.lang.Object, java.lang.Object)'> (0x000000008b7dc218) 
thrown [s\open\src\hotspot\share\interpreter\linkResolver.cpp, line 774]
Event: 0.153 Thread 0x0000019fe96276f0 Exception <a 'java/lang/NoSuchMethodError'{0x000000008b60dfe8}: 'java.lang.Object java.lang.invoke.DirectMethodHandle$Holder.invokeStatic(java.lang.Object, int, java.lang.Object)'> (0x000000008b60dfe8) 
thrown [s\open\src\hotspot\share\interpreter\linkResolver.cpp, line 774]
Event: 0.167 Thread 0x0000019fe96276f0 Exception <a 'java/lang/ClassNotFoundException'{0x000000008b6c9a68}: com/sun/swing/internal/plaf/metal/resources/spi/metalProvider> (0x000000008b6c9a68) 
thrown [s\open\src\hotspot\share\classfile\systemDictionary.cpp, line 255]
Event: 0.168 Thread 0x0000019fe96276f0 Exception <a 'java/lang/ClassNotFoundException'{0x000000008b6cd998}: com/sun/swing/internal/plaf/basic/resources/spi/basicProvider> (0x000000008b6cd998) 
thrown [s\open\src\hotspot\share\classfile\systemDictionary.cpp, line 255]
Event: 0.173 Thread 0x0000019fe96276f0 Exception <a 'java/lang/NoSuchMethodError'{0x000000008b6ed828}: 'int java.lang.invoke.Invokers$Holder.invokeExact_MT(java.lang.Object, java.lang.Object)'> (0x000000008b6ed828) 
thrown [s\open\src\hotspot\share\interpreter\linkResolver.cpp, line 774]
Event: 0.234 Thread 0x0000019ff8cc9df0 Exception <a 'java/lang/NoSuchMethodError'{0x000000008b5f7c60}: 'java.lang.Object java.lang.invoke.DirectMethodHandle$Holder.newInvokeSpecial(java.lang.Object, java.lang.Object, java.lang.Object, int, int, int, int, int)'> (0x000000008b5f7c60) 
thrown [s\open\src\hotspot\share\interpreter\linkResolver.cpp, line 774]
Event: 0.289 Thread 0x0000019ff8cca890 Exception <a 'java/lang/NoSuchMethodError'{0x000000008b70ffc8}: 'void java.lang.invoke.DirectMethodHandle$Holder.invokeVirtual(java.lang.Object, java.lang.Object)'> (0x000000008b70ffc8) 
thrown [s\open\src\hotspot\share\interpreter\linkResolver.cpp, line 774]
Event: 0.303 Thread 0x0000019fe96276f0 Exception <a 'java/lang/NoSuchMethodError'{0x000000008b4c9f50}: 'void java.lang.invoke.DirectMethodHandle$Holder.invokeStaticInit(java.lang.Object)'> (0x000000008b4c9f50) 
thrown [s\open\src\hotspot\share\interpreter\linkResolver.cpp, line 774]
Event: 4.414 Thread 0x0000019ff8cc9df0 Implicit null exception at 0x0000019f87b2ed60 to 0x0000019f87b2f1c8

VM Operations (20 events):
Event: 2.007 Executing VM operation: G1CollectForAllocation done
Event: 2.067 Executing VM operation: HandshakeAllThreads
Event: 2.067 Executing VM operation: HandshakeAllThreads done
Event: 2.075 Executing VM operation: G1TryInitiateConcMark
Event: 2.077 Executing VM operation: G1TryInitiateConcMark done
Event: 2.078 Executing VM operation: G1PauseRemark
Event: 2.080 Executing VM operation: G1PauseRemark done
Event: 2.080 Executing VM operation: G1PauseCleanup
Event: 2.080 Executing VM operation: G1PauseCleanup done
Event: 3.088 Executing VM operation: Cleanup
Event: 3.088 Executing VM operation: Cleanup done
Event: 3.691 Executing VM operation: G1TryInitiateConcMark
Event: 3.694 Executing VM operation: G1TryInitiateConcMark done
Event: 3.695 Executing VM operation: G1PauseRemark
Event: 3.703 Executing VM operation: G1PauseRemark done
Event: 3.703 Executing VM operation: G1PauseCleanup
Event: 3.703 Executing VM operation: G1PauseCleanup done
Event: 4.415 Executing VM operation: G1TryInitiateConcMark
Event: 4.418 Executing VM operation: G1TryInitiateConcMark done
Event: 4.419 Executing VM operation: G1PauseRemark

Events (20 events):
Event: 0.019 Thread 0x0000019ff8cb7200 Thread added: 0x0000019ff8cb7200
Event: 0.019 Thread 0x0000019ff8cbbf70 Thread added: 0x0000019ff8cbbf70
Event: 0.019 Thread 0x0000019ff8cc2610 Thread added: 0x0000019ff8cc2610
Event: 0.019 Thread 0x0000019ff8ccade0 Thread added: 0x0000019ff8ccade0
Event: 0.033 Thread 0x0000019ff8ccb880 Thread added: 0x0000019ff8ccb880
Event: 0.057 Thread 0x0000019ff8cca340 Thread added: 0x0000019ff8cca340
Event: 0.060 Thread 0x0000019ff8cc0fd0 Thread added: 0x0000019ff8cc0fd0
Event: 0.121 Thread 0x0000019ff8cc98a0 Thread added: 0x0000019ff8cc98a0
Event: 0.122 Thread 0x0000019ff8ccbdd0 Thread added: 0x0000019ff8ccbdd0
Event: 0.122 Thread 0x0000019ff8cca890 Thread added: 0x0000019ff8cca890
Event: 0.232 Thread 0x0000019ff8cc9df0 Thread added: 0x0000019ff8cc9df0
Event: 0.289 Thread 0x0000019ff8ccb330 Thread added: 0x0000019ff8ccb330
Event: 0.340 Thread 0x0000019fe96276f0 Thread exited: 0x0000019fe96276f0
Event: 0.340 Thread 0x0000019ff8ccc320 Thread added: 0x0000019ff8ccc320
Event: 0.410 Thread 0x0000019ff8cc0fd0 Thread exited: 0x0000019ff8cc0fd0
Event: 2.072 Thread 0x0000019ff8cbff20 Thread added: 0x0000019ff8cbff20
Event: 2.611 Thread 0x0000019ff8cbff20 Thread exited: 0x0000019ff8cbff20
Event: 3.868 Thread 0x0000019ff8cc0fd0 Thread added: 0x0000019ff8cc0fd0
Event: 3.918 Thread 0x0000019ff8ccc870 Thread added: 0x0000019ff8ccc870
Event: 4.156 Thread 0x0000019ff8cc0fd0 Thread exited: 0x0000019ff8cc0fd0


Dynamic libraries:
0x00007ff7ba710000 - 0x00007ff7ba720000 	D:\New Backup\bin\java.exe
0x00007ffbf0330000 - 0x00007ffbf0544000 	C:\WINDOWS\SYSTEM32\ntdll.dll
0x00007ffbef720000 - 0x00007ffbef7e2000 	C:\WINDOWS\System32\KERNEL32.DLL
0x00007ffbedb70000 - 0x00007ffbedf13000 	C:\WINDOWS\System32\KERNELBASE.dll
0x00007ffbeda50000 - 0x00007ffbedb61000 	C:\WINDOWS\System32\ucrtbase.dll
0x00007ffbd4a30000 - 0x00007ffbd4a4b000 	D:\New Backup\bin\VCRUNTIME140.dll
0x00007ffbd3be0000 - 0x00007ffbd3bf8000 	D:\New Backup\bin\jli.dll
0x00007ffbefeb0000 - 0x00007ffbeff5e000 	C:\WINDOWS\System32\ADVAPI32.dll
0x00007ffbf01e0000 - 0x00007ffbf0287000 	C:\WINDOWS\System32\msvcrt.dll
0x00007ffbef4a0000 - 0x00007ffbef544000 	C:\WINDOWS\System32\sechost.dll
0x00007ffbf00c0000 - 0x00007ffbf01d7000 	C:\WINDOWS\System32\RPCRT4.dll
0x00007ffbef900000 - 0x00007ffbefaab000 	C:\WINDOWS\System32\USER32.dll
0x00007ffbed900000 - 0x00007ffbed926000 	C:\WINDOWS\System32\win32u.dll
0x00007ffbef6f0000 - 0x00007ffbef719000 	C:\WINDOWS\System32\GDI32.dll
0x00007ffbc7d10000 - 0x00007ffbc7f9e000 	C:\WINDOWS\WinSxS\amd64_microsoft.windows.common-controls_6595b64144ccf1df_6.0.22621.1635_none_270f70857386168e\COMCTL32.dll
0x00007ffbed930000 - 0x00007ffbeda48000 	C:\WINDOWS\System32\gdi32full.dll
0x00007ffbee090000 - 0x00007ffbee12a000 	C:\WINDOWS\System32\msvcp_win.dll
0x00007ffbe1800000 - 0x00007ffbe180a000 	C:\WINDOWS\SYSTEM32\VERSION.dll
0x00007ffbefab0000 - 0x00007ffbefae1000 	C:\WINDOWS\System32\IMM32.DLL
0x00007ffbd49b0000 - 0x00007ffbd49bc000 	D:\New Backup\bin\vcruntime140_1.dll
0x00007ffbad1b0000 - 0x00007ffbad23e000 	D:\New Backup\bin\msvcp140.dll
0x00007ffb893c0000 - 0x00007ffb8a080000 	D:\New Backup\bin\server\jvm.dll
0x00007ffbdc240000 - 0x00007ffbdc274000 	C:\WINDOWS\SYSTEM32\WINMM.dll
0x00007ffbd4a50000 - 0x00007ffbd4a59000 	C:\WINDOWS\SYSTEM32\WSOCK32.dll
0x00007ffbef880000 - 0x00007ffbef8f1000 	C:\WINDOWS\System32\WS2_32.dll
0x00007ffbec7a0000 - 0x00007ffbec7b8000 	C:\WINDOWS\SYSTEM32\kernel.appcore.dll
0x00007ffbd48e0000 - 0x00007ffbd48ea000 	D:\New Backup\bin\jimage.dll
0x00007ffbeb060000 - 0x00007ffbeb28e000 	C:\WINDOWS\SYSTEM32\DBGHELP.DLL
0x00007ffbee930000 - 0x00007ffbeecb9000 	C:\WINDOWS\System32\combase.dll
0x00007ffbefaf0000 - 0x00007ffbefbc7000 	C:\WINDOWS\System32\OLEAUT32.dll
0x00007ffbce720000 - 0x00007ffbce752000 	C:\WINDOWS\SYSTEM32\dbgcore.DLL
0x00007ffbed7c0000 - 0x00007ffbed83b000 	C:\WINDOWS\System32\bcryptPrimitives.dll
0x00007ffbd12e0000 - 0x00007ffbd1306000 	D:\New Backup\bin\java.dll
0x00007ffbd1200000 - 0x00007ffbd12d7000 	D:\New Backup\bin\jsvml.dll
0x00007ffbee130000 - 0x00007ffbee92a000 	C:\WINDOWS\System32\SHELL32.dll
0x00007ffbeb750000 - 0x00007ffbec01e000 	C:\WINDOWS\SYSTEM32\windows.storage.dll
0x00007ffbeb610000 - 0x00007ffbeb74e000 	C:\WINDOWS\SYSTEM32\wintypes.dll
0x00007ffbeff60000 - 0x00007ffbf0051000 	C:\WINDOWS\System32\SHCORE.dll
0x00007ffbf0290000 - 0x00007ffbf02ee000 	C:\WINDOWS\System32\shlwapi.dll
0x00007ffbed680000 - 0x00007ffbed6a1000 	C:\WINDOWS\SYSTEM32\profapi.dll
0x00007ffbb9fc0000 - 0x00007ffbb9fd3000 	D:\New Backup\bin\net.dll
0x00007ffbe4ef0000 - 0x00007ffbe5027000 	C:\WINDOWS\SYSTEM32\WINHTTP.dll
0x00007ffbecc90000 - 0x00007ffbeccf9000 	C:\WINDOWS\system32\mswsock.dll
0x00007ffbb9fa0000 - 0x00007ffbb9fb6000 	D:\New Backup\bin\nio.dll
0x00007ffbad3e0000 - 0x00007ffbad3f8000 	D:\New Backup\bin\zip.dll
0x00007ffbad240000 - 0x00007ffbad3d1000 	D:\New Backup\bin\awt.dll
0x00007ffbea800000 - 0x00007ffbea897000 	C:\WINDOWS\SYSTEM32\apphelp.dll
0x00007ffbeab10000 - 0x00007ffbeab3b000 	C:\WINDOWS\system32\DWMAPI.DLL
0x00007ffbea8e0000 - 0x00007ffbea98b000 	C:\WINDOWS\system32\uxtheme.dll
0x00007ffbcbf70000 - 0x00007ffbcc070000 	C:\WINDOWS\system32\opengl32.dll
0x00007ffbd0430000 - 0x00007ffbd045d000 	C:\WINDOWS\SYSTEM32\GLU32.dll
0x00007ffbea9c0000 - 0x00007ffbea9f6000 	C:\WINDOWS\SYSTEM32\dxcore.dll
0x00007ffbef570000 - 0x00007ffbef68e000 	C:\WINDOWS\System32\MSCTF.dll
0x00007ffbef2b0000 - 0x00007ffbef44c000 	C:\WINDOWS\System32\ole32.dll
0x00007ffb8f8c0000 - 0x00007ffb8f946000 	D:\New Backup\bin\freetype.dll
0x00007ffb8c7f0000 - 0x00007ffb8c8b6000 	D:\New Backup\bin\fontmanager.dll
0x00007ffbd2c30000 - 0x00007ffbd2c5e000 	D:\New Backup\bin\javajpeg.dll
0x00007ffbeed80000 - 0x00007ffbeee30000 	C:\WINDOWS\System32\clbcatq.dll
0x00007ffbe9160000 - 0x00007ffbe9310000 	C:\WINDOWS\SYSTEM32\WindowsCodecs.dll
0x00007ffbc88b0000 - 0x00007ffbc890e000 	C:\WINDOWS\system32\dataexchange.dll
0x00007ffbe3eb0000 - 0x00007ffbe4127000 	C:\WINDOWS\system32\twinapi.appcore.dll
0x00007ffbd4b40000 - 0x00007ffbd4c6d000 	C:\WINDOWS\SYSTEM32\textinputframework.dll
0x00007ffbea520000 - 0x00007ffbea653000 	C:\WINDOWS\SYSTEM32\CoreMessaging.dll
0x00007ffbe5030000 - 0x00007ffbe539c000 	C:\WINDOWS\SYSTEM32\CoreUIComponents.dll
0x00007ffbecf80000 - 0x00007ffbecf8c000 	C:\WINDOWS\SYSTEM32\CRYPTBASE.DLL

dbghelp: loaded successfully - version: 4.0.5 - missing functions: none
symbol engine: initialized successfully - sym options: 0x614 - pdb path: .;D:\New Backup\bin;C:\WINDOWS\SYSTEM32;C:\WINDOWS\WinSxS\amd64_microsoft.windows.common-controls_6595b64144ccf1df_6.0.22621.1635_none_270f70857386168e;D:\New Backup\bin\server

VM Arguments:
jvm_args: -Dfile.encoding=UTF-8 --module-path=C:\Users\hp\OneDrive\Documents\NetBeansProjects\FITNESS_CLUB_PROJECT\build\classes 
java_command: Home
java_class_path (initial): C:\Users\hp\Downloads\mysql-connector-j-8.0.33\mysql-connector-j-8.0.33\mysql-connector-j-8.0.33.jar;C:\Users\hp\OneDrive\Documents\NetBeansProjects\FITNESS_CLUB_PROJECT\build\classes
Launcher Type: SUN_STANDARD

[Global flags]
     intx CICompilerCount                          = 4                                         {product} {ergonomic}
     uint ConcGCThreads                            = 2                                         {product} {ergonomic}
     uint G1ConcRefinementThreads                  = 8                                         {product} {ergonomic}
   size_t G1HeapRegionSize                         = 1048576                                   {product} {ergonomic}
    uintx GCDrainStackTargetSize                   = 64                                        {product} {ergonomic}
   size_t InitialHeapSize                          = 130023424                                 {product} {ergonomic}
   size_t MarkStackSize                            = 4194304                                   {product} {ergonomic}
   size_t MaxHeapSize                              = 2080374784                                {product} {ergonomic}
   size_t MaxNewSize                               = 1247805440                                {product} {ergonomic}
   size_t MinHeapDeltaBytes                        = 1048576                                   {product} {ergonomic}
   size_t MinHeapSize                              = 8388608                                   {product} {ergonomic}
    uintx NonNMethodCodeHeapSize                   = 5839372                                {pd product} {ergonomic}
    uintx NonProfiledCodeHeapSize                  = 122909434                              {pd product} {ergonomic}
    uintx ProfiledCodeHeapSize                     = 122909434                              {pd product} {ergonomic}
    uintx ReservedCodeCacheSize                    = 251658240                              {pd product} {ergonomic}
     bool SegmentedCodeCache                       = true                                      {product} {ergonomic}
   size_t SoftMaxHeapSize                          = 2080374784                             {manageable} {ergonomic}
     bool UseCompressedClassPointers               = true                           {product lp64_product} {ergonomic}
     bool UseCompressedOops                        = true                           {product lp64_product} {ergonomic}
     bool UseG1GC                                  = true                                      {product} {ergonomic}
     bool UseLargePagesIndividualAllocation        = false                                  {pd product} {ergonomic}

Logging:
Log output configuration:
 #0: stdout all=warning uptime,level,tags foldmultilines=false
 #1: stderr all=off uptime,level,tags foldmultilines=false

Environment Variables:
PATH=C:\Program Files\Common Files\Oracle\Java\javapath;C:\WINDOWS\system32;C:\WINDOWS;C:\WINDOWS\System32\Wbem;C:\WINDOWS\System32\WindowsPowerShell\v1.0\;C:\WINDOWS\System32\OpenSSH\;C:\Program Files (x86)\Microsoft SQL Server\160\Tools\Binn\;C:\Program Files\Microsoft SQL Server\160\Tools\Binn\;C:\Program Files\Microsoft SQL Server\Client SDK\ODBC\170\Tools\Binn\;C:\Program Files\Microsoft SQL Server\160\DTS\Binn\;C:\Program Files\dotnet\;C:\Program Files\Microsoft SQL Server\150\Tools\Binn\;C:\Program Files\MySQL\MySQL Server 8.0\bin;C:\Users\hp\AppData\Local\Microsoft\WindowsApps;D:\Microsoft VS Code\bin;C:\Users\hp\.dotnet\tools;C:\MinGW\bin;
USERNAME=hp
OS=Windows_NT
PROCESSOR_IDENTIFIER=Intel64 Family 6 Model 140 Stepping 1, GenuineIntel
TMP=C:\Users\hp\AppData\Local\Temp
TEMP=C:\Users\hp\AppData\Local\Temp



---------------  S Y S T E M  ---------------

OS:
 Windows 11 , 64 bit Build 22621 (10.0.22621.1635)
OS uptime: 3 days 5:52 hours

CPU: total 8 (initial active 8) (4 cores per cpu, 2 threads per core) family 6 model 140 stepping 1 microcode 0x86, cx8, cmov, fxsr, ht, mmx, 3dnowpref, sse, sse2, sse3, ssse3, sse4.1, sse4.2, popcnt, lzcnt, tsc, tscinvbit, avx, avx2, aes, erms, clmul, bmi1, bmi2, adx, avx512f, avx512dq, avx512cd, avx512bw, avx512vl, sha, fma, vzeroupper, avx512_vpopcntdq, avx512_vpclmulqdq, avx512_vaes, avx512_vnni, clflush, clflushopt, clwb, avx512_vbmi2, avx512_vbmi, rdtscp, rdpid, fsrm, gfni, avx512_bitalg

Memory: 4k page, system-wide physical 7932M (442M free)
TotalPageFile size 23090M (AvailPageFile size 7M)
current process WorkingSet (physical memory assigned to process): 287M, peak: 323M
current process commit charge ("private bytes"): 396M, peak: 415M

vm_info: Java HotSpot(TM) 64-Bit Server VM (19.0.2+7-44) for windows-amd64 JRE (19.0.2+7-44), built on 2022-11-30T18:02:09Z by "mach5one" with MS VC++ 17.1 (VS2022)

END.
