#
# There is insufficient memory for the Java Runtime Environment to continue.
# Native memory allocation (malloc) failed to allocate 32744 bytes for Chunk::new
# Possible reasons:
#   The system is out of physical RAM or swap space
#   The process is running with CompressedOops enabled, and the Java Heap may be blocking the growth of the native heap
# Possible solutions:
#   Reduce memory load on the system
#   Increase physical memory or swap space
#   Check if swap backing store is full
#   Decrease Java heap size (-Xmx/-Xms)
#   Decrease number of Java threads
#   Decrease Java thread stack sizes (-Xss)
#   Set larger code cache with -XX:ReservedCodeCacheSize=
#   JVM is running with Unscaled Compressed Oops mode in which the Java heap is
#     placed in the first 4GB address space. The Java Heap base address is the
#     maximum limit for the native heap growth. Please use -XX:HeapBaseMinAddress
#     to set the Java Heap base and to place the Java Heap above 4GB virtual address.
# This output file may be truncated or incomplete.
#
#  Out of Memory Error (arena.cpp:184), pid=3476, tid=19512
#
# JRE version: Java(TM) SE Runtime Environment (19.0.2+7) (build 19.0.2+7-44)
# Java VM: Java HotSpot(TM) 64-Bit Server VM (19.0.2+7-44, mixed mode, sharing, tiered, compressed oops, compressed class ptrs, g1 gc, windows-amd64)
# No core dump will be written. Minidumps are not enabled by default on client versions of Windows
#

---------------  S U M M A R Y ------------

Command Line: -Dfile.encoding=UTF-8 --module-path=C:\Users\hp\OneDrive\Documents\NetBeansProjects\FITNESS_CLUB_PROJECT\build\classes PRACTICE

Host: 11th Gen Intel(R) Core(TM) i5-1135G7 @ 2.40GHz, 8 cores, 7G,  Windows 11 , 64 bit Build 22621 (10.0.22621.1485)
Time: Tue May  9 00:13:30 2023 Bangladesh Standard Time elapsed time: 6859.387125 seconds (0d 1h 54m 19s)

---------------  T H R E A D  ---------------

Current thread (0x0000022f7ce9e620):  JavaThread "C2 CompilerThread0" daemon [_thread_in_native, id=19512, stack(0x000000755c300000,0x000000755c400000)]


Current CompileTask:
C2:6859387 1578       4       java.util.Arrays::binarySearch0 (95 bytes)

Stack: [0x000000755c300000,0x000000755c400000]
Native frames: (J=compiled Java code, j=interpreted, Vv=VM code, C=native code)
V  [jvm.dll+0x6ee21a]
V  [jvm.dll+0x85765e]
V  [jvm.dll+0x85904e]
V  [jvm.dll+0x859703]
V  [jvm.dll+0x28298f]
V  [jvm.dll+0xc9adf]
V  [jvm.dll+0xc9e65]
V  [jvm.dll+0x719bc0]
V  [jvm.dll+0x1ee367]
V  [jvm.dll+0x24c52b]
V  [jvm.dll+0x24b781]
V  [jvm.dll+0x1d6ce1]
V  [jvm.dll+0x25b25a]
V  [jvm.dll+0x2596e8]
V  [jvm.dll+0x807588]
V  [jvm.dll+0x80125a]
V  [jvm.dll+0x6ecf0b]
C  [ucrtbase.dll+0x29363]
C  [KERNEL32.DLL+0x1269d]
C  [ntdll.dll+0x5a9f8]


---------------  P R O C E S S  ---------------

Threads class SMR info:
_java_thread_list=0x0000022f7e6c68d0, length=17, elements={
0x0000022f7ce82070, 0x0000022f7ce849b0, 0x0000022f7ce8b310, 0x0000022f7ce8bc40,
0x0000022f7ce8c570, 0x0000022f7ce8d6c0, 0x0000022f7ce9e620, 0x0000022f7cea2490,
0x0000022f7cea2e00, 0x0000022f7ce58360, 0x0000022f7d171050, 0x0000022f7d2cbfb0,
0x0000022f7d2f6af0, 0x0000022f7df27b10, 0x0000022f7df28060, 0x0000022f7df29050,
0x0000022f7df295a0
}

Java Threads: ( => current thread )
  0x0000022f7ce82070 JavaThread "Reference Handler" daemon [_thread_blocked, id=22728, stack(0x000000755bd00000,0x000000755be00000)]
  0x0000022f7ce849b0 JavaThread "Finalizer" daemon [_thread_blocked, id=22616, stack(0x000000755be00000,0x000000755bf00000)]
  0x0000022f7ce8b310 JavaThread "Signal Dispatcher" daemon [_thread_blocked, id=22588, stack(0x000000755bf00000,0x000000755c000000)]
  0x0000022f7ce8bc40 JavaThread "Attach Listener" daemon [_thread_blocked, id=25564, stack(0x000000755c000000,0x000000755c100000)]
  0x0000022f7ce8c570 JavaThread "Service Thread" daemon [_thread_blocked, id=27404, stack(0x000000755c100000,0x000000755c200000)]
  0x0000022f7ce8d6c0 JavaThread "Monitor Deflation Thread" daemon [_thread_blocked, id=12436, stack(0x000000755c200000,0x000000755c300000)]
=>0x0000022f7ce9e620 JavaThread "C2 CompilerThread0" daemon [_thread_in_native, id=19512, stack(0x000000755c300000,0x000000755c400000)]
  0x0000022f7cea2490 JavaThread "C1 CompilerThread0" daemon [_thread_blocked, id=21472, stack(0x000000755c400000,0x000000755c500000)]
  0x0000022f7cea2e00 JavaThread "Sweeper thread" daemon [_thread_blocked, id=28740, stack(0x000000755c500000,0x000000755c600000)]
  0x0000022f7ce58360 JavaThread "Common-Cleaner" daemon [_thread_blocked, id=11928, stack(0x000000755c600000,0x000000755c700000)]
  0x0000022f7d171050 JavaThread "Notification Thread" daemon [_thread_blocked, id=10092, stack(0x000000755c700000,0x000000755c800000)]
  0x0000022f7d2cbfb0 JavaThread "Java2D Disposer" daemon [_thread_blocked, id=23676, stack(0x000000755ca00000,0x000000755cb00000)]
  0x0000022f7d2f6af0 JavaThread "AWT-Windows" daemon [_thread_in_native, id=4596, stack(0x000000755cc00000,0x000000755cd00000)]
  0x0000022f7df27b10 JavaThread "AWT-Shutdown" [_thread_blocked, id=26880, stack(0x000000755cb00000,0x000000755cc00000)]
  0x0000022f7df28060 JavaThread "AWT-EventQueue-0" [_thread_blocked, id=20928, stack(0x000000755d400000,0x000000755d500000)]
  0x0000022f7df29050 JavaThread "DestroyJavaVM" [_thread_blocked, id=24152, stack(0x000000755b600000,0x000000755b700000)]
  0x0000022f7df295a0 JavaThread "TimerQueue" daemon [_thread_blocked, id=23436, stack(0x000000755d800000,0x000000755d900000)]

Other Threads:
  0x0000022f7ce68720 VMThread "VM Thread" [stack: 0x000000755bc00000,0x000000755bd00000] [id=16180]
  0x0000022f7d17af40 WatcherThread "VM Periodic Task Thread" [stack: 0x000000755c800000,0x000000755c900000] [id=22568]
  0x0000022f5e88aba0 WorkerThread "GC Thread#0" [stack: 0x000000755b700000,0x000000755b800000] [id=28452]
  0x0000022f7d3cfa30 WorkerThread "GC Thread#1" [stack: 0x000000755ce00000,0x000000755cf00000] [id=9084]
  0x0000022f7d3cfd00 WorkerThread "GC Thread#2" [stack: 0x000000755cf00000,0x000000755d000000] [id=15720]
  0x0000022f7d3cffd0 WorkerThread "GC Thread#3" [stack: 0x000000755d000000,0x000000755d100000] [id=1936]
  0x0000022f7dfaa5e0 WorkerThread "GC Thread#4" [stack: 0x000000755d100000,0x000000755d200000] [id=22820]
  0x0000022f7dfaacc0 WorkerThread "GC Thread#5" [stack: 0x000000755d200000,0x000000755d300000] [id=21116]
  0x0000022f7df4df20 WorkerThread "GC Thread#6" [stack: 0x000000755d300000,0x000000755d400000] [id=18704]
  0x0000022f5e89b110 ConcurrentGCThread "G1 Main Marker" [stack: 0x000000755b800000,0x000000755b900000] [id=22336]
  0x0000022f5e89b950 WorkerThread "G1 Conc#0" [stack: 0x000000755b900000,0x000000755ba00000] [id=26832]
  0x0000022f7df4f000 WorkerThread "G1 Conc#1" [stack: 0x000000755c900000,0x000000755ca00000] [id=10624]
  0x0000022f7cd27100 ConcurrentGCThread "G1 Refine#0" [stack: 0x000000755ba00000,0x000000755bb00000] [id=9824]
  0x0000022f7cd278f0 ConcurrentGCThread "G1 Service" [stack: 0x000000755bb00000,0x000000755bc00000] [id=17156]

Threads with active compile tasks:
C2 CompilerThread0  6861984 1578       4       java.util.Arrays::binarySearch0 (95 bytes)

VM state: not at safepoint (normal execution)

VM Mutex/Monitor currently owned by a thread: None

Heap address: 0x0000000084000000, size: 1984 MB, Compressed Oops mode: 32-bit

CDS archive(s) mapped at: [0x0000000800000000-0x0000000800c40000-0x0000000800c40000), size 12845056, SharedBaseAddress: 0x0000000800000000, ArchiveRelocationMode: 0.
Compressed class space mapped at: 0x0000000801000000-0x0000000841000000, reserved size: 1073741824
Narrow klass base: 0x0000000800000000, Narrow klass shift: 0, Narrow klass range: 0x100000000

GC Precious Log:
 CardTable entry size: 512
 Card Set container configuration: InlinePtr #cards 5 size 8 Array Of Cards #cards 12 size 40 Howl #buckets 4 coarsen threshold 1843 Howl Bitmap #cards 512 size 80 coarsen threshold 460 Card regions per heap region 1 cards per card region 2048
 CPUs: 8 total, 8 available
 Memory: 7932M
 Large Page Support: Disabled
 NUMA Support: Disabled
 Compressed Oops: Enabled (32-bit)
 Heap Region Size: 1M
 Heap Min Capacity: 8M
 Heap Initial Capacity: 124M
 Heap Max Capacity: 1984M
 Pre-touch: Disabled
 Parallel Workers: 8
 Concurrent Workers: 2
 Concurrent Refinement Workers: 8
 Periodic GC: Disabled

Heap:
 garbage-first heap   total 152576K, used 91003K [0x0000000084000000, 0x0000000100000000)
  region size 1024K, 15 young (15360K), 2 survivors (2048K)
 Metaspace       used 8521K, committed 8768K, reserved 1114112K
  class space    used 901K, committed 1024K, reserved 1048576K

Heap Regions: E=young(eden), S=young(survivor), O=old, HS=humongous(starts), HC=humongous(continues), CS=collection set, F=free, OA=open archive, CA=closed archive, TAMS=top-at-mark-start (previous, next)
|   0|0x0000000084000000, 0x0000000084100000, 0x0000000084100000|100%|HS|  |TAMS 0x0000000084100000, 0x0000000084100000| Complete 
|   1|0x0000000084100000, 0x0000000084200000, 0x0000000084200000|100%|HC|  |TAMS 0x0000000084200000, 0x0000000084200000| Complete 
|   2|0x0000000084200000, 0x0000000084300000, 0x0000000084300000|100%|HC|  |TAMS 0x0000000084300000, 0x0000000084300000| Complete 
|   3|0x0000000084300000, 0x0000000084400000, 0x0000000084400000|100%|HC|  |TAMS 0x0000000084400000, 0x0000000084400000| Complete 
|   4|0x0000000084400000, 0x0000000084500000, 0x0000000084500000|100%|HC|  |TAMS 0x0000000084500000, 0x0000000084500000| Complete 
|   5|0x0000000084500000, 0x0000000084600000, 0x0000000084600000|100%|HC|  |TAMS 0x0000000084600000, 0x0000000084600000| Complete 
|   6|0x0000000084600000, 0x0000000084700000, 0x0000000084700000|100%|HC|  |TAMS 0x0000000084700000, 0x0000000084700000| Complete 
|   7|0x0000000084700000, 0x0000000084800000, 0x0000000084800000|100%|HC|  |TAMS 0x0000000084800000, 0x0000000084800000| Complete 
|   8|0x0000000084800000, 0x0000000084900000, 0x0000000084900000|100%|HC|  |TAMS 0x0000000084900000, 0x0000000084900000| Complete 
|   9|0x0000000084900000, 0x0000000084a00000, 0x0000000084a00000|100%|HC|  |TAMS 0x0000000084a00000, 0x0000000084a00000| Complete 
|  10|0x0000000084a00000, 0x0000000084b00000, 0x0000000084b00000|100%|HC|  |TAMS 0x0000000084b00000, 0x0000000084b00000| Complete 
|  11|0x0000000084b00000, 0x0000000084c00000, 0x0000000084c00000|100%|HC|  |TAMS 0x0000000084c00000, 0x0000000084c00000| Complete 
|  12|0x0000000084c00000, 0x0000000084d00000, 0x0000000084d00000|100%|HC|  |TAMS 0x0000000084d00000, 0x0000000084d00000| Complete 
|  13|0x0000000084d00000, 0x0000000084e00000, 0x0000000084e00000|100%|HC|  |TAMS 0x0000000084e00000, 0x0000000084e00000| Complete 
|  14|0x0000000084e00000, 0x0000000084f00000, 0x0000000084f00000|100%|HC|  |TAMS 0x0000000084f00000, 0x0000000084f00000| Complete 
|  15|0x0000000084f00000, 0x0000000085000000, 0x0000000085000000|100%|HC|  |TAMS 0x0000000085000000, 0x0000000085000000| Complete 
|  16|0x0000000085000000, 0x0000000085100000, 0x0000000085100000|100%|HC|  |TAMS 0x0000000085100000, 0x0000000085100000| Complete 
|  17|0x0000000085100000, 0x0000000085200000, 0x0000000085200000|100%|HC|  |TAMS 0x0000000085200000, 0x0000000085200000| Complete 
|  18|0x0000000085200000, 0x0000000085300000, 0x0000000085300000|100%|HC|  |TAMS 0x0000000085300000, 0x0000000085300000| Complete 
|  19|0x0000000085300000, 0x0000000085400000, 0x0000000085400000|100%|HC|  |TAMS 0x0000000085400000, 0x0000000085400000| Complete 
|  20|0x0000000085400000, 0x0000000085500000, 0x0000000085500000|100%|HC|  |TAMS 0x0000000085500000, 0x0000000085500000| Complete 
|  21|0x0000000085500000, 0x0000000085600000, 0x0000000085600000|100%|HC|  |TAMS 0x0000000085600000, 0x0000000085600000| Complete 
|  22|0x0000000085600000, 0x0000000085700000, 0x0000000085700000|100%|HC|  |TAMS 0x0000000085700000, 0x0000000085700000| Complete 
|  23|0x0000000085700000, 0x0000000085800000, 0x0000000085800000|100%|HC|  |TAMS 0x0000000085800000, 0x0000000085800000| Complete 
|  24|0x0000000085800000, 0x0000000085900000, 0x0000000085900000|100%|HC|  |TAMS 0x0000000085900000, 0x0000000085900000| Complete 
|  25|0x0000000085900000, 0x0000000085a00000, 0x0000000085a00000|100%|HC|  |TAMS 0x0000000085a00000, 0x0000000085a00000| Complete 
|  26|0x0000000085a00000, 0x0000000085b00000, 0x0000000085b00000|100%|HC|  |TAMS 0x0000000085b00000, 0x0000000085b00000| Complete 
|  27|0x0000000085b00000, 0x0000000085c00000, 0x0000000085c00000|100%|HC|  |TAMS 0x0000000085c00000, 0x0000000085c00000| Complete 
|  28|0x0000000085c00000, 0x0000000085d00000, 0x0000000085d00000|100%|HC|  |TAMS 0x0000000085d00000, 0x0000000085d00000| Complete 
|  29|0x0000000085d00000, 0x0000000085e00000, 0x0000000085e00000|100%|HC|  |TAMS 0x0000000085e00000, 0x0000000085e00000| Complete 
|  30|0x0000000085e00000, 0x0000000085f00000, 0x0000000085f00000|100%|HC|  |TAMS 0x0000000085f00000, 0x0000000085f00000| Complete 
|  31|0x0000000085f00000, 0x0000000086000000, 0x0000000086000000|100%|HC|  |TAMS 0x0000000086000000, 0x0000000086000000| Complete 
|  32|0x0000000086000000, 0x0000000086100000, 0x0000000086100000|100%|HC|  |TAMS 0x0000000086100000, 0x0000000086100000| Complete 
|  33|0x0000000086100000, 0x0000000086200000, 0x0000000086200000|100%|HC|  |TAMS 0x0000000086200000, 0x0000000086200000| Complete 
|  34|0x0000000086200000, 0x0000000086300000, 0x0000000086300000|100%|HC|  |TAMS 0x0000000086300000, 0x0000000086300000| Complete 
|  35|0x0000000086300000, 0x0000000086400000, 0x0000000086400000|100%|HC|  |TAMS 0x0000000086400000, 0x0000000086400000| Complete 
|  36|0x0000000086400000, 0x0000000086500000, 0x0000000086500000|100%|HC|  |TAMS 0x0000000086500000, 0x0000000086500000| Complete 
|  37|0x0000000086500000, 0x0000000086600000, 0x0000000086600000|100%|HC|  |TAMS 0x0000000086600000, 0x0000000086600000| Complete 
|  38|0x0000000086600000, 0x0000000086700000, 0x0000000086700000|100%|HC|  |TAMS 0x0000000086700000, 0x0000000086700000| Complete 
|  39|0x0000000086700000, 0x0000000086800000, 0x0000000086800000|100%|HC|  |TAMS 0x0000000086800000, 0x0000000086800000| Complete 
|  40|0x0000000086800000, 0x0000000086900000, 0x0000000086900000|100%|HC|  |TAMS 0x0000000086900000, 0x0000000086900000| Complete 
|  41|0x0000000086900000, 0x0000000086a00000, 0x0000000086a00000|100%|HC|  |TAMS 0x0000000086a00000, 0x0000000086a00000| Complete 
|  42|0x0000000086a00000, 0x0000000086b00000, 0x0000000086b00000|100%|HC|  |TAMS 0x0000000086b00000, 0x0000000086b00000| Complete 
|  43|0x0000000086b00000, 0x0000000086c00000, 0x0000000086c00000|100%|HC|  |TAMS 0x0000000086c00000, 0x0000000086c00000| Complete 
|  44|0x0000000086c00000, 0x0000000086d00000, 0x0000000086d00000|100%|HC|  |TAMS 0x0000000086d00000, 0x0000000086d00000| Complete 
|  45|0x0000000086d00000, 0x0000000086e00000, 0x0000000086e00000|100%|HC|  |TAMS 0x0000000086e00000, 0x0000000086e00000| Complete 
|  46|0x0000000086e00000, 0x0000000086f00000, 0x0000000086f00000|100%|HC|  |TAMS 0x0000000086f00000, 0x0000000086f00000| Complete 
|  47|0x0000000086f00000, 0x0000000087000000, 0x0000000087000000|100%|HC|  |TAMS 0x0000000087000000, 0x0000000087000000| Complete 
|  48|0x0000000087000000, 0x0000000087100000, 0x0000000087100000|100%|HC|  |TAMS 0x0000000087100000, 0x0000000087100000| Complete 
|  49|0x0000000087100000, 0x0000000087200000, 0x0000000087200000|100%|HC|  |TAMS 0x0000000087200000, 0x0000000087200000| Complete 
|  50|0x0000000087200000, 0x0000000087300000, 0x0000000087300000|100%|HC|  |TAMS 0x0000000087300000, 0x0000000087300000| Complete 
|  51|0x0000000087300000, 0x0000000087400000, 0x0000000087400000|100%|HC|  |TAMS 0x0000000087400000, 0x0000000087400000| Complete 
|  52|0x0000000087400000, 0x0000000087500000, 0x0000000087500000|100%|HC|  |TAMS 0x0000000087500000, 0x0000000087500000| Complete 
|  53|0x0000000087500000, 0x0000000087600000, 0x0000000087600000|100%|HC|  |TAMS 0x0000000087600000, 0x0000000087600000| Complete 
|  54|0x0000000087600000, 0x0000000087700000, 0x0000000087700000|100%|HC|  |TAMS 0x0000000087700000, 0x0000000087700000| Complete 
|  55|0x0000000087700000, 0x0000000087800000, 0x0000000087800000|100%|HC|  |TAMS 0x0000000087800000, 0x0000000087800000| Complete 
|  56|0x0000000087800000, 0x0000000087900000, 0x0000000087900000|100%|HC|  |TAMS 0x0000000087900000, 0x0000000087900000| Complete 
|  57|0x0000000087900000, 0x0000000087a00000, 0x0000000087a00000|100%|HC|  |TAMS 0x0000000087a00000, 0x0000000087a00000| Complete 
|  58|0x0000000087a00000, 0x0000000087b00000, 0x0000000087b00000|100%|HC|  |TAMS 0x0000000087b00000, 0x0000000087b00000| Complete 
|  59|0x0000000087b00000, 0x0000000087c00000, 0x0000000087c00000|100%|HC|  |TAMS 0x0000000087c00000, 0x0000000087c00000| Complete 
|  60|0x0000000087c00000, 0x0000000087d00000, 0x0000000087d00000|100%|HC|  |TAMS 0x0000000087d00000, 0x0000000087d00000| Complete 
|  61|0x0000000087d00000, 0x0000000087e00000, 0x0000000087e00000|100%|HC|  |TAMS 0x0000000087e00000, 0x0000000087e00000| Complete 
|  62|0x0000000087e00000, 0x0000000087e00000, 0x0000000087f00000|  0%| F|  |TAMS 0x0000000087e00000, 0x0000000087e00000| Untracked 
|  63|0x0000000087f00000, 0x0000000087f00000, 0x0000000088000000|  0%| F|  |TAMS 0x0000000087f00000, 0x0000000087f00000| Untracked 
|  64|0x0000000088000000, 0x0000000088000000, 0x0000000088100000|  0%| F|  |TAMS 0x0000000088000000, 0x0000000088000000| Untracked 
|  65|0x0000000088100000, 0x0000000088100000, 0x0000000088200000|  0%| F|  |TAMS 0x0000000088100000, 0x0000000088100000| Untracked 
|  66|0x0000000088200000, 0x0000000088200000, 0x0000000088300000|  0%| F|  |TAMS 0x0000000088200000, 0x0000000088200000| Untracked 
|  67|0x0000000088300000, 0x0000000088400000, 0x0000000088400000|100%|HS|  |TAMS 0x0000000088300000, 0x0000000088400000| Complete 
|  68|0x0000000088400000, 0x0000000088500000, 0x0000000088500000|100%|HC|  |TAMS 0x0000000088400000, 0x0000000088500000| Complete 
|  69|0x0000000088500000, 0x0000000088600000, 0x0000000088600000|100%|HC|  |TAMS 0x0000000088500000, 0x0000000088600000| Complete 
|  70|0x0000000088600000, 0x0000000088700000, 0x0000000088700000|100%|HC|  |TAMS 0x0000000088600000, 0x0000000088700000| Complete 
|  71|0x0000000088700000, 0x0000000088800000, 0x0000000088800000|100%|HC|  |TAMS 0x0000000088700000, 0x0000000088800000| Complete 
|  72|0x0000000088800000, 0x0000000088900000, 0x0000000088900000|100%|HS|  |TAMS 0x0000000088800000, 0x0000000088800000| Complete 
|  73|0x0000000088900000, 0x0000000088a00000, 0x0000000088a00000|100%|HC|  |TAMS 0x0000000088900000, 0x0000000088900000| Complete 
|  74|0x0000000088a00000, 0x0000000088b00000, 0x0000000088b00000|100%|HC|  |TAMS 0x0000000088a00000, 0x0000000088a00000| Complete 
|  75|0x0000000088b00000, 0x0000000088c00000, 0x0000000088c00000|100%|HC|  |TAMS 0x0000000088b00000, 0x0000000088b00000| Complete 
|  76|0x0000000088c00000, 0x0000000088d00000, 0x0000000088d00000|100%|HC|  |TAMS 0x0000000088c00000, 0x0000000088c00000| Complete 
|  77|0x0000000088d00000, 0x0000000088e00000, 0x0000000088e00000|100%|HC|  |TAMS 0x0000000088d00000, 0x0000000088d00000| Complete 
|  78|0x0000000088e00000, 0x0000000088f00000, 0x0000000088f00000|100%|HC|  |TAMS 0x0000000088e00000, 0x0000000088e00000| Complete 
|  79|0x0000000088f00000, 0x0000000089000000, 0x0000000089000000|100%|HC|  |TAMS 0x0000000088f00000, 0x0000000088f00000| Complete 
|  80|0x0000000089000000, 0x0000000089000000, 0x0000000089100000|  0%| F|  |TAMS 0x0000000089000000, 0x0000000089000000| Untracked 
|  81|0x0000000089100000, 0x0000000089100000, 0x0000000089200000|  0%| F|  |TAMS 0x0000000089100000, 0x0000000089100000| Untracked 
|  82|0x0000000089200000, 0x0000000089200000, 0x0000000089300000|  0%| F|  |TAMS 0x0000000089200000, 0x0000000089200000| Untracked 
|  83|0x0000000089300000, 0x0000000089300000, 0x0000000089400000|  0%| F|  |TAMS 0x0000000089300000, 0x0000000089300000| Untracked 
|  84|0x0000000089400000, 0x0000000089400000, 0x0000000089500000|  0%| F|  |TAMS 0x0000000089400000, 0x0000000089400000| Untracked 
|  85|0x0000000089500000, 0x0000000089500000, 0x0000000089600000|  0%| F|  |TAMS 0x0000000089500000, 0x0000000089500000| Untracked 
|  86|0x0000000089600000, 0x0000000089600000, 0x0000000089700000|  0%| F|  |TAMS 0x0000000089600000, 0x0000000089600000| Untracked 
|  87|0x0000000089700000, 0x0000000089700000, 0x0000000089800000|  0%| F|  |TAMS 0x0000000089700000, 0x0000000089700000| Untracked 
|  88|0x0000000089800000, 0x0000000089800000, 0x0000000089900000|  0%| F|  |TAMS 0x0000000089800000, 0x0000000089800000| Untracked 
|  89|0x0000000089900000, 0x0000000089900000, 0x0000000089a00000|  0%| F|  |TAMS 0x0000000089900000, 0x0000000089900000| Untracked 
|  90|0x0000000089a00000, 0x0000000089a00000, 0x0000000089b00000|  0%| F|  |TAMS 0x0000000089a00000, 0x0000000089a00000| Untracked 
|  91|0x0000000089b00000, 0x0000000089b00000, 0x0000000089c00000|  0%| F|  |TAMS 0x0000000089b00000, 0x0000000089b00000| Untracked 
|  92|0x0000000089c00000, 0x0000000089c00000, 0x0000000089d00000|  0%| F|  |TAMS 0x0000000089c00000, 0x0000000089c00000| Untracked 
|  93|0x0000000089d00000, 0x0000000089d00000, 0x0000000089e00000|  0%| F|  |TAMS 0x0000000089d00000, 0x0000000089d00000| Untracked 
|  94|0x0000000089e00000, 0x0000000089e00000, 0x0000000089f00000|  0%| F|  |TAMS 0x0000000089e00000, 0x0000000089e00000| Untracked 
|  95|0x0000000089f00000, 0x0000000089f00000, 0x000000008a000000|  0%| F|  |TAMS 0x0000000089f00000, 0x0000000089f00000| Untracked 
|  96|0x000000008a000000, 0x000000008a000000, 0x000000008a100000|  0%| F|  |TAMS 0x000000008a000000, 0x000000008a000000| Untracked 
|  97|0x000000008a100000, 0x000000008a100000, 0x000000008a200000|  0%| F|  |TAMS 0x000000008a100000, 0x000000008a100000| Untracked 
|  98|0x000000008a200000, 0x000000008a200000, 0x000000008a300000|  0%| F|  |TAMS 0x000000008a200000, 0x000000008a200000| Untracked 
|  99|0x000000008a300000, 0x000000008a300000, 0x000000008a400000|  0%| F|  |TAMS 0x000000008a300000, 0x000000008a300000| Untracked 
| 100|0x000000008a400000, 0x000000008a400000, 0x000000008a500000|  0%| F|  |TAMS 0x000000008a400000, 0x000000008a400000| Untracked 
| 101|0x000000008a500000, 0x000000008a500000, 0x000000008a600000|  0%| F|  |TAMS 0x000000008a500000, 0x000000008a500000| Untracked 
| 102|0x000000008a600000, 0x000000008a600000, 0x000000008a700000|  0%| F|  |TAMS 0x000000008a600000, 0x000000008a600000| Untracked 
| 103|0x000000008a700000, 0x000000008a700000, 0x000000008a800000|  0%| F|  |TAMS 0x000000008a700000, 0x000000008a700000| Untracked 
| 104|0x000000008a800000, 0x000000008a800000, 0x000000008a900000|  0%| F|  |TAMS 0x000000008a800000, 0x000000008a800000| Untracked 
| 105|0x000000008a900000, 0x000000008a900000, 0x000000008aa00000|  0%| F|  |TAMS 0x000000008a900000, 0x000000008a900000| Untracked 
| 106|0x000000008aa00000, 0x000000008aa00000, 0x000000008ab00000|  0%| F|  |TAMS 0x000000008aa00000, 0x000000008aa00000| Untracked 
| 107|0x000000008ab00000, 0x000000008ab00000, 0x000000008ac00000|  0%| F|  |TAMS 0x000000008ab00000, 0x000000008ab00000| Untracked 
| 108|0x000000008ac00000, 0x000000008ac00000, 0x000000008ad00000|  0%| F|  |TAMS 0x000000008ac00000, 0x000000008ac00000| Untracked 
| 109|0x000000008ad00000, 0x000000008addee10, 0x000000008ae00000| 87%| S|CS|TAMS 0x000000008ad00000, 0x000000008ad00000| Complete 
| 110|0x000000008ae00000, 0x000000008af00000, 0x000000008af00000|100%| S|CS|TAMS 0x000000008ae00000, 0x000000008ae00000| Complete 
| 111|0x000000008af00000, 0x000000008af00000, 0x000000008b000000|  0%| F|  |TAMS 0x000000008af00000, 0x000000008af00000| Untracked 
| 112|0x000000008b000000, 0x000000008b000000, 0x000000008b100000|  0%| F|  |TAMS 0x000000008b000000, 0x000000008b000000| Untracked 
| 113|0x000000008b100000, 0x000000008b100000, 0x000000008b200000|  0%| F|  |TAMS 0x000000008b100000, 0x000000008b100000| Untracked 
| 114|0x000000008b200000, 0x000000008b200000, 0x000000008b300000|  0%| F|  |TAMS 0x000000008b200000, 0x000000008b200000| Untracked 
| 115|0x000000008b300000, 0x000000008b300000, 0x000000008b400000|  0%| F|  |TAMS 0x000000008b300000, 0x000000008b300000| Untracked 
| 116|0x000000008b400000, 0x000000008b400000, 0x000000008b500000|  0%| F|  |TAMS 0x000000008b400000, 0x000000008b400000| Untracked 
| 117|0x000000008b500000, 0x000000008b500000, 0x000000008b600000|  0%| F|  |TAMS 0x000000008b500000, 0x000000008b500000| Untracked 
| 118|0x000000008b600000, 0x000000008b600000, 0x000000008b700000|  0%| F|  |TAMS 0x000000008b600000, 0x000000008b600000| Untracked 
| 119|0x000000008b700000, 0x000000008b700000, 0x000000008b800000|  0%| F|  |TAMS 0x000000008b700000, 0x000000008b700000| Untracked 
| 120|0x000000008b800000, 0x000000008b800000, 0x000000008b900000|  0%| F|  |TAMS 0x000000008b800000, 0x000000008b800000| Untracked 
| 121|0x000000008b900000, 0x000000008b900000, 0x000000008ba00000|  0%| F|  |TAMS 0x000000008b900000, 0x000000008b900000| Untracked 
| 122|0x000000008ba00000, 0x000000008ba00000, 0x000000008bb00000|  0%| F|  |TAMS 0x000000008ba00000, 0x000000008ba00000| Untracked 
| 123|0x000000008bb00000, 0x000000008bb00000, 0x000000008bc00000|  0%| F|  |TAMS 0x000000008bb00000, 0x000000008bb00000| Untracked 
| 124|0x000000008bc00000, 0x000000008bc00000, 0x000000008bd00000|  0%| F|  |TAMS 0x000000008bc00000, 0x000000008bc00000| Untracked 
| 125|0x000000008bd00000, 0x000000008bd00000, 0x000000008be00000|  0%| F|  |TAMS 0x000000008bd00000, 0x000000008bd00000| Untracked 
| 126|0x000000008be00000, 0x000000008be00000, 0x000000008bf00000|  0%| F|  |TAMS 0x000000008be00000, 0x000000008be00000| Untracked 
| 127|0x000000008bf00000, 0x000000008bf00000, 0x000000008c000000|  0%| F|  |TAMS 0x000000008bf00000, 0x000000008bf00000| Untracked 
| 128|0x000000008c000000, 0x000000008c000000, 0x000000008c100000|  0%| F|  |TAMS 0x000000008c000000, 0x000000008c000000| Untracked 
| 129|0x000000008c100000, 0x000000008c100000, 0x000000008c200000|  0%| F|  |TAMS 0x000000008c100000, 0x000000008c100000| Untracked 
| 130|0x000000008c200000, 0x000000008c200000, 0x000000008c300000|  0%| F|  |TAMS 0x000000008c200000, 0x000000008c200000| Untracked 
| 131|0x000000008c300000, 0x000000008c300000, 0x000000008c400000|  0%| F|  |TAMS 0x000000008c300000, 0x000000008c300000| Untracked 
| 132|0x000000008c400000, 0x000000008c400000, 0x000000008c500000|  0%| F|  |TAMS 0x000000008c400000, 0x000000008c400000| Untracked 
| 133|0x000000008c500000, 0x000000008c500000, 0x000000008c600000|  0%| F|  |TAMS 0x000000008c500000, 0x000000008c500000| Untracked 
| 134|0x000000008c600000, 0x000000008c600000, 0x000000008c700000|  0%| F|  |TAMS 0x000000008c600000, 0x000000008c600000| Untracked 
| 135|0x000000008c700000, 0x000000008c700000, 0x000000008c800000|  0%| F|  |TAMS 0x000000008c700000, 0x000000008c700000| Untracked 
| 136|0x000000008c800000, 0x000000008c873b48, 0x000000008c900000| 45%| E|  |TAMS 0x000000008c800000, 0x000000008c800000| Complete 
| 137|0x000000008c900000, 0x000000008ca00000, 0x000000008ca00000|100%| E|CS|TAMS 0x000000008c900000, 0x000000008c900000| Complete 
| 138|0x000000008ca00000, 0x000000008cb00000, 0x000000008cb00000|100%| E|CS|TAMS 0x000000008ca00000, 0x000000008ca00000| Complete 
| 139|0x000000008cb00000, 0x000000008cc00000, 0x000000008cc00000|100%| E|CS|TAMS 0x000000008cb00000, 0x000000008cb00000| Complete 
| 140|0x000000008cc00000, 0x000000008cd00000, 0x000000008cd00000|100%| E|CS|TAMS 0x000000008cc00000, 0x000000008cc00000| Complete 
| 141|0x000000008cd00000, 0x000000008ce00000, 0x000000008ce00000|100%| E|CS|TAMS 0x000000008cd00000, 0x000000008cd00000| Complete 
| 142|0x000000008ce00000, 0x000000008cf00000, 0x000000008cf00000|100%| E|CS|TAMS 0x000000008ce00000, 0x000000008ce00000| Complete 
| 143|0x000000008cf00000, 0x000000008d000000, 0x000000008d000000|100%| E|CS|TAMS 0x000000008cf00000, 0x000000008cf00000| Complete 
| 144|0x000000008d000000, 0x000000008d100000, 0x000000008d100000|100%| E|CS|TAMS 0x000000008d000000, 0x000000008d000000| Complete 
| 145|0x000000008d100000, 0x000000008d200000, 0x000000008d200000|100%| E|CS|TAMS 0x000000008d100000, 0x000000008d100000| Complete 
| 146|0x000000008d200000, 0x000000008d300000, 0x000000008d300000|100%| E|CS|TAMS 0x000000008d200000, 0x000000008d200000| Complete 
| 147|0x000000008d300000, 0x000000008d400000, 0x000000008d400000|100%| E|CS|TAMS 0x000000008d300000, 0x000000008d300000| Complete 
| 148|0x000000008d400000, 0x000000008d500000, 0x000000008d500000|100%| E|CS|TAMS 0x000000008d400000, 0x000000008d400000| Complete 

Card table byte_map: [0x0000022f75ea0000,0x0000022f76280000] _byte_map_base: 0x0000022f75a80000

Marking Bits (Prev, Next): (CMBitMap*) 0x0000022f5e88afe0, (CMBitMap*) 0x0000022f5e88b020
 Prev Bits: [0x0000022f76660000, 0x0000022f78560000)
 Next Bits: [0x0000022f78560000, 0x0000022f7a460000)

Polling page: 0x0000022f5c7c0000

Metaspace:

Usage:
  Non-class:      7.44 MB used.
      Class:    901.23 KB used.
       Both:      8.32 MB used.

Virtual space:
  Non-class space:       64.00 MB reserved,       7.56 MB ( 12%) committed,  1 nodes.
      Class space:        1.00 GB reserved,       1.00 MB ( <1%) committed,  1 nodes.
             Both:        1.06 GB reserved,       8.56 MB ( <1%) committed. 

Chunk freelists:
   Non-Class:  3.98 MB
       Class:  3.04 MB
        Both:  7.02 MB

MaxMetaspaceSize: unlimited
CompressedClassSpaceSize: 1.00 GB
Initial GC threshold: 21.00 MB
Current GC threshold: 21.00 MB
CDS: on
MetaspaceReclaimPolicy: balanced
 - commit_granule_bytes: 65536.
 - commit_granule_words: 8192.
 - virtual_space_node_default_size: 8388608.
 - enlarge_chunks_in_place: 1.
 - new_chunks_are_fully_committed: 0.
 - uncommit_free_chunks: 1.
 - use_allocation_guard: 0.


Internal statistics:

num_allocs_failed_limit: 0.
num_arena_births: 152.
num_arena_deaths: 0.
num_vsnodes_births: 2.
num_vsnodes_deaths: 0.
num_space_committed: 137.
num_space_uncommitted: 0.
num_chunks_returned_to_freelist: 0.
num_chunks_taken_from_freelist: 171.
num_chunk_merges: 0.
num_chunk_splits: 115.
num_chunks_enlarged: 75.
num_inconsistent_stats: 0.

CodeHeap 'non-profiled nmethods': size=120000Kb used=551Kb max_used=551Kb free=119448Kb
 bounds [0x0000022f6e260000, 0x0000022f6e4d0000, 0x0000022f75790000]
CodeHeap 'profiled nmethods': size=120000Kb used=2738Kb max_used=2738Kb free=117261Kb
 bounds [0x0000022f66790000, 0x0000022f66a40000, 0x0000022f6dcc0000]
CodeHeap 'non-nmethods': size=5760Kb used=1382Kb max_used=1412Kb free=4377Kb
 bounds [0x0000022f6dcc0000, 0x0000022f6df30000, 0x0000022f6e260000]
 total_blobs=2192 nmethods=1577 adapters=526
 compilation: enabled
              stopped_count=0, restarted_count=0
 full_count=0

Compilation events (20 events):
Event: 21.545 Thread 0x0000022f7cea2490 nmethod 1568 0x0000022f66a3c190 code [0x0000022f66a3c320, 0x0000022f66a3c438]
Event: 21.584 Thread 0x0000022f7ce9e620 1569       4       java.security.AccessControlContext::optimize (319 bytes)
Event: 21.586 Thread 0x0000022f7ce9e620 nmethod 1569 0x0000022f6e2e7b90 code [0x0000022f6e2e7d40, 0x0000022f6e2e8028]
Event: 21.589 Thread 0x0000022f7cea2490 1570       1       java.awt.event.MouseEvent::getButton (5 bytes)
Event: 21.590 Thread 0x0000022f7cea2490 nmethod 1570 0x0000022f6e2e8410 code [0x0000022f6e2e85a0, 0x0000022f6e2e8658]
Event: 21.600 Thread 0x0000022f7cea2490 1571       1       java.awt.event.MouseEvent::getClickCount (5 bytes)
Event: 21.600 Thread 0x0000022f7cea2490 nmethod 1571 0x0000022f6e2e8710 code [0x0000022f6e2e88a0, 0x0000022f6e2e8958]
Event: 21.600 Thread 0x0000022f7cea2490 1572       1       java.awt.event.MouseEvent::isPopupTrigger (5 bytes)
Event: 21.600 Thread 0x0000022f7cea2490 nmethod 1572 0x0000022f6e2e8a10 code [0x0000022f6e2e8ba0, 0x0000022f6e2e8c78]
Event: 21.604 Thread 0x0000022f7cea2490 1573       1       java.awt.event.MouseEvent::getXOnScreen (5 bytes)
Event: 21.604 Thread 0x0000022f7cea2490 nmethod 1573 0x0000022f6e2e8d10 code [0x0000022f6e2e8ea0, 0x0000022f6e2e8f58]
Event: 21.604 Thread 0x0000022f7cea2490 1574       1       java.awt.event.MouseEvent::getYOnScreen (5 bytes)
Event: 21.604 Thread 0x0000022f7cea2490 nmethod 1574 0x0000022f6e2e9010 code [0x0000022f6e2e91a0, 0x0000022f6e2e9258]
Event: 21.985 Thread 0x0000022f7ce9e620 1575       4       java.util.concurrent.ConcurrentHashMap::get (162 bytes)
Event: 21.985 Thread 0x0000022f7cea2490 1576       3       javax.swing.text.View::getDocument (10 bytes)
Event: 21.985 Thread 0x0000022f7cea2490 nmethod 1576 0x0000022f66a3c510 code [0x0000022f66a3c6c0, 0x0000022f66a3c8b8]
Event: 21.985 Thread 0x0000022f7cea2490 1577       1       sun.java2d.SurfaceData::getSurfaceType (5 bytes)
Event: 21.985 Thread 0x0000022f7cea2490 nmethod 1577 0x0000022f6e2e9310 code [0x0000022f6e2e94a0, 0x0000022f6e2e9558]
Event: 21.990 Thread 0x0000022f7ce9e620 nmethod 1575 0x0000022f6e2e9610 code [0x0000022f6e2e97c0, 0x0000022f6e2e9af8]
Event: 6858.582 Thread 0x0000022f7ce9e620 1578       4       java.util.Arrays::binarySearch0 (95 bytes)

GC Heap History (12 events):
Event: 0.190 GC heap before
{Heap before GC invocations=0 (full 0):
 garbage-first heap   total 126976K, used 6144K [0x0000000084000000, 0x0000000100000000)
  region size 1024K, 7 young (7168K), 0 survivors (0K)
 Metaspace       used 4582K, committed 4800K, reserved 1114112K
  class space    used 497K, committed 640K, reserved 1048576K
}
Event: 0.193 GC heap after
{Heap after GC invocations=1 (full 0):
 garbage-first heap   total 126976K, used 1664K [0x0000000084000000, 0x0000000100000000)
  region size 1024K, 2 young (2048K), 2 survivors (2048K)
 Metaspace       used 4582K, committed 4800K, reserved 1114112K
  class space    used 497K, committed 640K, reserved 1048576K
}
Event: 0.329 GC heap before
{Heap before GC invocations=1 (full 0):
 garbage-first heap   total 126976K, used 85632K [0x0000000084000000, 0x0000000100000000)
  region size 1024K, 22 young (22528K), 2 survivors (2048K)
 Metaspace       used 4714K, committed 4928K, reserved 1114112K
  class space    used 503K, committed 640K, reserved 1048576K
}
Event: 0.330 GC heap after
{Heap after GC invocations=2 (full 0):
 garbage-first heap   total 126976K, used 65151K [0x0000000084000000, 0x0000000100000000)
  region size 1024K, 2 young (2048K), 2 survivors (2048K)
 Metaspace       used 4714K, committed 4928K, reserved 1114112K
  class space    used 503K, committed 640K, reserved 1048576K
}
Event: 0.603 GC heap before
{Heap before GC invocations=2 (full 0):
 garbage-first heap   total 126976K, used 107135K [0x0000000084000000, 0x0000000100000000)
  region size 1024K, 44 young (45056K), 2 survivors (2048K)
 Metaspace       used 4715K, committed 4928K, reserved 1114112K
  class space    used 503K, committed 640K, reserved 1048576K
}
Event: 0.605 GC heap after
{Heap after GC invocations=3 (full 0):
 garbage-first heap   total 126976K, used 65151K [0x0000000084000000, 0x0000000100000000)
  region size 1024K, 2 young (2048K), 2 survivors (2048K)
 Metaspace       used 4715K, committed 4928K, reserved 1114112K
  class space    used 503K, committed 640K, reserved 1048576K
}
Event: 0.733 GC heap before
{Heap before GC invocations=4 (full 0):
 garbage-first heap   total 126976K, used 109183K [0x0000000084000000, 0x0000000100000000)
  region size 1024K, 46 young (47104K), 2 survivors (2048K)
 Metaspace       used 4715K, committed 4928K, reserved 1114112K
  class space    used 503K, committed 640K, reserved 1048576K
}
Event: 0.734 GC heap after
{Heap after GC invocations=5 (full 0):
 garbage-first heap   total 126976K, used 65135K [0x0000000084000000, 0x0000000100000000)
  region size 1024K, 2 young (2048K), 2 survivors (2048K)
 Metaspace       used 4715K, committed 4928K, reserved 1114112K
  class space    used 503K, committed 640K, reserved 1048576K
}
Event: 0.806 GC heap before
{Heap before GC invocations=5 (full 0):
 garbage-first heap   total 126976K, used 87663K [0x0000000084000000, 0x0000000100000000)
  region size 1024K, 26 young (26624K), 2 survivors (2048K)
 Metaspace       used 4751K, committed 4928K, reserved 1114112K
  class space    used 508K, committed 640K, reserved 1048576K
}
Event: 0.808 GC heap after
{Heap after GC invocations=6 (full 0):
 garbage-first heap   total 126976K, used 65136K [0x0000000084000000, 0x0000000100000000)
  region size 1024K, 2 young (2048K), 2 survivors (2048K)
 Metaspace       used 4751K, committed 4928K, reserved 1114112K
  class space    used 508K, committed 640K, reserved 1048576K
}
Event: 1.898 GC heap before
{Heap before GC invocations=7 (full 0):
 garbage-first heap   total 126976K, used 87664K [0x0000000084000000, 0x0000000100000000)
  region size 1024K, 15 young (15360K), 2 survivors (2048K)
 Metaspace       used 7071K, committed 7232K, reserved 1114112K
  class space    used 804K, committed 896K, reserved 1048576K
}
Event: 1.901 GC heap after
{Heap after GC invocations=8 (full 0):
 garbage-first heap   total 152576K, used 70523K [0x0000000084000000, 0x0000000100000000)
  region size 1024K, 2 young (2048K), 2 survivors (2048K)
 Metaspace       used 7071K, committed 7232K, reserved 1114112K
  class space    used 804K, committed 896K, reserved 1048576K
}

Dll operation events (10 events):
Event: 0.008 Loaded shared library D:\New Backup\bin\java.dll
Event: 0.017 Loaded shared library D:\New Backup\bin\jsvml.dll
Event: 0.047 Loaded shared library D:\New Backup\bin\net.dll
Event: 0.047 Loaded shared library D:\New Backup\bin\nio.dll
Event: 0.062 Loaded shared library D:\New Backup\bin\zip.dll
Event: 0.070 Loaded shared library D:\New Backup\bin\jimage.dll
Event: 0.079 Loaded shared library D:\New Backup\bin\awt.dll
Event: 0.184 Loaded shared library D:\New Backup\bin\javajpeg.dll
Event: 1.837 Loaded shared library D:\New Backup\bin\freetype.dll
Event: 1.837 Loaded shared library D:\New Backup\bin\fontmanager.dll

Deoptimization events (20 events):
Event: 2.037 Thread 0x0000022f7df28060 Uncommon trap: trap_request=0xffffff45 fr.pc=0x0000022f6e26a6b4 relative=0x0000000000000094
Event: 2.037 Thread 0x0000022f7df28060 Uncommon trap: reason=unstable_if action=reinterpret pc=0x0000022f6e26a6b4 method=java.lang.String.isLatin1()Z @ 10 c2
Event: 2.037 Thread 0x0000022f7df28060 DEOPT PACKING pc=0x0000022f6e26a6b4 sp=0x000000755d4fd3a0
Event: 2.037 Thread 0x0000022f7df28060 DEOPT UNPACKING pc=0x0000022f6dd2a5a3 sp=0x000000755d4fd2d0 mode 2
Event: 2.059 Thread 0x0000022f7df28060 Uncommon trap: trap_request=0xffffff45 fr.pc=0x0000022f6e2c4540 relative=0x0000000000000400
Event: 2.059 Thread 0x0000022f7df28060 Uncommon trap: reason=unstable_if action=reinterpret pc=0x0000022f6e2c4540 method=java.lang.Character.isSurrogate(C)Z @ 3 c2
Event: 2.059 Thread 0x0000022f7df28060 DEOPT PACKING pc=0x0000022f6e2c4540 sp=0x000000755d4fd040
Event: 2.059 Thread 0x0000022f7df28060 DEOPT UNPACKING pc=0x0000022f6dd2a5a3 sp=0x000000755d4fcf68 mode 2
Event: 2.912 Thread 0x0000022f7d34bed0 Uncommon trap: trap_request=0xffffff45 fr.pc=0x0000022f6e2bef50 relative=0x00000000000001b0
Event: 2.912 Thread 0x0000022f7d34bed0 Uncommon trap: reason=unstable_if action=reinterpret pc=0x0000022f6e2bef50 method=java.io.WinNTFileSystem.normalize(Ljava/lang/String;)Ljava/lang/String; @ 40 c2
Event: 2.912 Thread 0x0000022f7d34bed0 DEOPT PACKING pc=0x0000022f6e2bef50 sp=0x000000755cdff470
Event: 2.912 Thread 0x0000022f7d34bed0 DEOPT UNPACKING pc=0x0000022f6dd2a5a3 sp=0x000000755cdff3e8 mode 2
Event: 2.975 Thread 0x0000022f7df28060 Uncommon trap: trap_request=0xffffff45 fr.pc=0x0000022f6e2ca744 relative=0x0000000000003484
Event: 2.975 Thread 0x0000022f7df28060 Uncommon trap: reason=unstable_if action=reinterpret pc=0x0000022f6e2ca744 method=sun.nio.ch.Util$BufferCache.get(I)Ljava/nio/ByteBuffer; @ 47 c2
Event: 2.975 Thread 0x0000022f7df28060 DEOPT PACKING pc=0x0000022f6e2ca744 sp=0x000000755d4fd500
Event: 2.975 Thread 0x0000022f7df28060 DEOPT UNPACKING pc=0x0000022f6dd2a5a3 sp=0x000000755d4fd218 mode 2
Event: 15.888 Thread 0x0000022f7df28060 Uncommon trap: trap_request=0xffffff45 fr.pc=0x0000022f6e2dc0bc relative=0x000000000000009c
Event: 15.888 Thread 0x0000022f7df28060 Uncommon trap: reason=unstable_if action=reinterpret pc=0x0000022f6e2dc0bc method=java.awt.Component.inside(II)Z @ 1 c2
Event: 15.888 Thread 0x0000022f7df28060 DEOPT PACKING pc=0x0000022f6e2dc0bc sp=0x000000755d4fed40
Event: 15.888 Thread 0x0000022f7df28060 DEOPT UNPACKING pc=0x0000022f6dd2a5a3 sp=0x000000755d4febe0 mode 2

Classes loaded (20 events):
Event: 2.901 Loading class javax/swing/Autoscroller
Event: 2.901 Loading class javax/swing/Autoscroller done
Event: 2.902 Loading class java/awt/LightweightDispatcher$2
Event: 2.902 Loading class java/awt/LightweightDispatcher$2 done
Event: 2.917 Loading class sun/awt/image/ImageFormatException
Event: 2.917 Loading class sun/awt/image/ImageFormatException done
Event: 2.917 Loading class java/lang/Throwable$WrappedPrintStream
Event: 2.917 Loading class java/lang/Throwable$PrintStreamOrWriter
Event: 2.917 Loading class java/lang/Throwable$PrintStreamOrWriter done
Event: 2.917 Loading class java/lang/Throwable$WrappedPrintStream done
Event: 2.918 Loading class java/lang/StackTraceElement$HashedModules
Event: 2.918 Loading class java/lang/StackTraceElement$HashedModules done
Event: 2.975 Loading class sun/font/CMap$CMapFormat12
Event: 2.975 Loading class sun/font/CMap$CMapFormat12 done
Event: 6858.250 Loading class java/util/WeakHashMap$KeyIterator
Event: 6858.251 Loading class java/util/WeakHashMap$HashIterator
Event: 6858.252 Loading class java/util/WeakHashMap$HashIterator done
Event: 6858.252 Loading class java/util/WeakHashMap$KeyIterator done
Event: 6858.575 Loading class javax/swing/RepaintManager$DisplayChangedRunnable
Event: 6858.577 Loading class javax/swing/RepaintManager$DisplayChangedRunnable done

Classes unloaded (0 events):
No events

Classes redefined (0 events):
No events

Internal exceptions (17 events):
Event: 0.048 Thread 0x0000022f5e82c2f0 Exception <a 'sun/nio/fs/WindowsException'{0x000000008ba45610}> (0x000000008ba45610) 
thrown [s\open\src\hotspot\share\prims\jni.cpp, line 517]
Event: 0.048 Thread 0x0000022f5e82c2f0 Exception <a 'sun/nio/fs/WindowsException'{0x000000008ba45ba0}> (0x000000008ba45ba0) 
thrown [s\open\src\hotspot\share\prims\jni.cpp, line 517]
Event: 0.050 Thread 0x0000022f5e82c2f0 Exception <a 'sun/nio/fs/WindowsException'{0x000000008ba49350}> (0x000000008ba49350) 
thrown [s\open\src\hotspot\share\prims\jni.cpp, line 517]
Event: 0.073 Thread 0x0000022f5e82c2f0 Exception <a 'java/lang/ClassNotFoundException'{0x000000008b995f90}: sun/awt/resources/spi/awtProvider> (0x000000008b995f90) 
thrown [s\open\src\hotspot\share\classfile\systemDictionary.cpp, line 255]
Event: 0.086 Thread 0x0000022f5e82c2f0 Exception <a 'java/io/FileNotFoundException'{0x000000008b9ed410}> (0x000000008b9ed410) 
thrown [s\open\src\hotspot\share\prims\jni.cpp, line 517]
Event: 0.090 Thread 0x0000022f5e82c2f0 Exception <a 'java/io/FileNotFoundException'{0x000000008b81a158}> (0x000000008b81a158) 
thrown [s\open\src\hotspot\share\prims\jni.cpp, line 517]
Event: 0.117 Thread 0x0000022f5e82c2f0 Exception <a 'java/lang/NoSuchMethodError'{0x000000008b85ea88}: 'java.lang.Object java.lang.invoke.DirectMethodHandle$Holder.invokeStaticInit(java.lang.Object)'> (0x000000008b85ea88) 
thrown [s\open\src\hotspot\share\interpreter\linkResolver.cpp, line 774]
Event: 0.142 Thread 0x0000022f5e82c2f0 Exception <a 'java/lang/NoSuchMethodError'{0x000000008b73d100}: 'void java.lang.invoke.DirectMethodHandle$Holder.invokeSpecial(java.lang.Object, java.lang.Object, java.lang.Object)'> (0x000000008b73d100) 
thrown [s\open\src\hotspot\share\interpreter\linkResolver.cpp, line 774]
Event: 0.148 Thread 0x0000022f5e82c2f0 Exception <a 'java/lang/NoSuchMethodError'{0x000000008b767cf0}: 'java.lang.Object java.lang.invoke.DirectMethodHandle$Holder.newInvokeSpecial(java.lang.Object, java.lang.Object, java.lang.Object, java.lang.Object, java.lang.Object)'> (0x000000008b767cf0) 
thrown [s\open\src\hotspot\share\interpreter\linkResolver.cpp, line 774]
Event: 0.155 Thread 0x0000022f5e82c2f0 Exception <a 'java/lang/NoSuchMethodError'{0x000000008b799638}: 'java.lang.Object java.lang.invoke.DirectMethodHandle$Holder.invokeStatic(java.lang.Object, int, java.lang.Object)'> (0x000000008b799638) 
thrown [s\open\src\hotspot\share\interpreter\linkResolver.cpp, line 774]
Event: 0.169 Thread 0x0000022f5e82c2f0 Exception <a 'java/lang/ClassNotFoundException'{0x000000008b655168}: com/sun/swing/internal/plaf/metal/resources/spi/metalProvider> (0x000000008b655168) 
thrown [s\open\src\hotspot\share\classfile\systemDictionary.cpp, line 255]
Event: 0.170 Thread 0x0000022f5e82c2f0 Exception <a 'java/lang/ClassNotFoundException'{0x000000008b659098}: com/sun/swing/internal/plaf/basic/resources/spi/basicProvider> (0x000000008b659098) 
thrown [s\open\src\hotspot\share\classfile\systemDictionary.cpp, line 255]
Event: 0.175 Thread 0x0000022f5e82c2f0 Exception <a 'java/lang/NoSuchMethodError'{0x000000008b678f20}: 'int java.lang.invoke.Invokers$Holder.invokeExact_MT(java.lang.Object, java.lang.Object)'> (0x000000008b678f20) 
thrown [s\open\src\hotspot\share\interpreter\linkResolver.cpp, line 774]
Event: 0.186 Thread 0x0000022f7d34bed0 Exception <a 'java/lang/NoSuchMethodError'{0x000000008b6f7eb8}: 'java.lang.Object java.lang.invoke.DirectMethodHandle$Holder.newInvokeSpecial(java.lang.Object, java.lang.Object, java.lang.Object, int, int, int, int, int)'> (0x000000008b6f7eb8) 
thrown [s\open\src\hotspot\share\interpreter\linkResolver.cpp, line 774]
Event: 1.821 Thread 0x0000022f7d2f6af0 Exception <a 'java/lang/NoSuchMethodError'{0x000000008b0e9ed8}: 'void java.lang.invoke.DirectMethodHandle$Holder.invokeVirtual(java.lang.Object, java.lang.Object)'> (0x000000008b0e9ed8) 
thrown [s\open\src\hotspot\share\interpreter\linkResolver.cpp, line 774]
Event: 1.834 Thread 0x0000022f5e82c2f0 Exception <a 'java/lang/NoSuchMethodError'{0x000000008b049140}: 'void java.lang.invoke.DirectMethodHandle$Holder.invokeStaticInit(java.lang.Object)'> (0x000000008b049140) 
thrown [s\open\src\hotspot\share\interpreter\linkResolver.cpp, line 774]
Event: 2.917 Thread 0x0000022f7d34bed0 Exception <a 'sun/awt/image/ImageFormatException'{0x000000008c907df0}: Insufficient memory (case 4)> (0x000000008c907df0) 
thrown [s\open\src\hotspot\share\prims\jni.cpp, line 536]

VM Operations (20 events):
Event: 14.984 Executing VM operation: Cleanup
Event: 14.984 Executing VM operation: Cleanup done
Event: 15.997 Executing VM operation: Cleanup
Event: 15.997 Executing VM operation: Cleanup done
Event: 17.007 Executing VM operation: Cleanup
Event: 17.007 Executing VM operation: Cleanup done
Event: 18.017 Executing VM operation: Cleanup
Event: 18.017 Executing VM operation: Cleanup done
Event: 19.027 Executing VM operation: Cleanup
Event: 19.027 Executing VM operation: Cleanup done
Event: 20.034 Executing VM operation: Cleanup
Event: 20.034 Executing VM operation: Cleanup done
Event: 21.045 Executing VM operation: Cleanup
Event: 21.046 Executing VM operation: Cleanup done
Event: 22.049 Executing VM operation: Cleanup
Event: 22.049 Executing VM operation: Cleanup done
Event: 23.057 Executing VM operation: Cleanup
Event: 23.057 Executing VM operation: Cleanup done
Event: 6857.432 Executing VM operation: Cleanup
Event: 6857.433 Executing VM operation: Cleanup done

Events (20 events):
Event: 0.025 Thread 0x0000022f7ce8c570 Thread added: 0x0000022f7ce8c570
Event: 0.025 Thread 0x0000022f7ce8d6c0 Thread added: 0x0000022f7ce8d6c0
Event: 0.025 Thread 0x0000022f7ce9e620 Thread added: 0x0000022f7ce9e620
Event: 0.025 Thread 0x0000022f7cea2490 Thread added: 0x0000022f7cea2490
Event: 0.025 Thread 0x0000022f7cea2e00 Thread added: 0x0000022f7cea2e00
Event: 0.039 Thread 0x0000022f7ce58360 Thread added: 0x0000022f7ce58360
Event: 0.058 Thread 0x0000022f7d171050 Thread added: 0x0000022f7d171050
Event: 0.061 Thread 0x0000022f7d22f900 Thread added: 0x0000022f7d22f900
Event: 0.117 Thread 0x0000022f7d2cbfb0 Thread added: 0x0000022f7d2cbfb0
Event: 0.118 Thread 0x0000022f7d2cefb0 Thread added: 0x0000022f7d2cefb0
Event: 0.119 Thread 0x0000022f7d2f6af0 Thread added: 0x0000022f7d2f6af0
Event: 0.183 Thread 0x0000022f7d34bed0 Thread added: 0x0000022f7d34bed0
Event: 0.410 Thread 0x0000022f7d22f900 Thread exited: 0x0000022f7d22f900
Event: 1.130 Thread 0x0000022f7d2cefb0 Thread exited: 0x0000022f7d2cefb0
Event: 1.817 Thread 0x0000022f7df27b10 Thread added: 0x0000022f7df27b10
Event: 1.823 Thread 0x0000022f7df28060 Thread added: 0x0000022f7df28060
Event: 1.893 Thread 0x0000022f5e82c2f0 Thread exited: 0x0000022f5e82c2f0
Event: 1.893 Thread 0x0000022f7df29050 Thread added: 0x0000022f7df29050
Event: 2.106 Thread 0x0000022f7df295a0 Thread added: 0x0000022f7df295a0
Event: 7.931 Thread 0x0000022f7d34bed0 Thread exited: 0x0000022f7d34bed0


Dynamic libraries:
0x00007ff6446c0000 - 0x00007ff6446d0000 	D:\New Backup\bin\java.exe
0x00007ffdc4e10000 - 0x00007ffdc5024000 	C:\WINDOWS\SYSTEM32\ntdll.dll
0x00007ffdc3d20000 - 0x00007ffdc3de2000 	C:\WINDOWS\System32\KERNEL32.DLL
0x00007ffdc26d0000 - 0x00007ffdc2a6c000 	C:\WINDOWS\System32\KERNELBASE.dll
0x00007ffdc23a0000 - 0x00007ffdc24b1000 	C:\WINDOWS\System32\ucrtbase.dll
0x00007ffdbe570000 - 0x00007ffdbe58b000 	D:\New Backup\bin\VCRUNTIME140.dll
0x00007ffdba620000 - 0x00007ffdba638000 	D:\New Backup\bin\jli.dll
0x00007ffdc4d20000 - 0x00007ffdc4dce000 	C:\WINDOWS\System32\ADVAPI32.dll
0x00007ffdc3df0000 - 0x00007ffdc3e97000 	C:\WINDOWS\System32\msvcrt.dll
0x00007ffdc3ec0000 - 0x00007ffdc3f64000 	C:\WINDOWS\System32\sechost.dll
0x00007ffdc33f0000 - 0x00007ffdc3507000 	C:\WINDOWS\System32\RPCRT4.dll
0x00007ffdc44b0000 - 0x00007ffdc465b000 	C:\WINDOWS\System32\USER32.dll
0x00007ffdc2250000 - 0x00007ffdc2276000 	C:\WINDOWS\System32\win32u.dll
0x00007ffda1760000 - 0x00007ffda19ee000 	C:\WINDOWS\WinSxS\amd64_microsoft.windows.common-controls_6595b64144ccf1df_6.0.22621.608_none_a9444ca7c10bb01d\COMCTL32.dll
0x00007ffdc2e20000 - 0x00007ffdc2e49000 	C:\WINDOWS\System32\GDI32.dll
0x00007ffdc2280000 - 0x00007ffdc2393000 	C:\WINDOWS\System32\gdi32full.dll
0x00007ffdc2630000 - 0x00007ffdc26ca000 	C:\WINDOWS\System32\msvcp_win.dll
0x00007ffdb7d20000 - 0x00007ffdb7d2a000 	C:\WINDOWS\SYSTEM32\VERSION.dll
0x00007ffdc4310000 - 0x00007ffdc4341000 	C:\WINDOWS\System32\IMM32.DLL
0x00007ffdbe4f0000 - 0x00007ffdbe4fc000 	D:\New Backup\bin\vcruntime140_1.dll
0x00007ffd8b7c0000 - 0x00007ffd8b84e000 	D:\New Backup\bin\msvcp140.dll
0x00007ffd56470000 - 0x00007ffd57130000 	D:\New Backup\bin\server\jvm.dll
0x00007ffdad420000 - 0x00007ffdad454000 	C:\WINDOWS\SYSTEM32\WINMM.dll
0x00007ffdbe560000 - 0x00007ffdbe569000 	C:\WINDOWS\SYSTEM32\WSOCK32.dll
0x00007ffdc3110000 - 0x00007ffdc3181000 	C:\WINDOWS\System32\WS2_32.dll
0x00007ffdc12a0000 - 0x00007ffdc12b8000 	C:\WINDOWS\SYSTEM32\kernel.appcore.dll
0x00007ffdbe4e0000 - 0x00007ffdbe4ea000 	D:\New Backup\bin\jimage.dll
0x00007ffdbfd30000 - 0x00007ffdbff5e000 	C:\WINDOWS\SYSTEM32\DBGHELP.DLL
0x00007ffdc3f80000 - 0x00007ffdc4309000 	C:\WINDOWS\System32\combase.dll
0x00007ffdc3190000 - 0x00007ffdc3267000 	C:\WINDOWS\System32\OLEAUT32.dll
0x00007ffda4a80000 - 0x00007ffda4ab2000 	C:\WINDOWS\SYSTEM32\dbgcore.DLL
0x00007ffdc2a70000 - 0x00007ffdc2aeb000 	C:\WINDOWS\System32\bcryptPrimitives.dll
0x00007ffda5ce0000 - 0x00007ffda5d06000 	D:\New Backup\bin\java.dll
0x00007ffd7f660000 - 0x00007ffd7f737000 	D:\New Backup\bin\jsvml.dll
0x00007ffdc3530000 - 0x00007ffdc3d20000 	C:\WINDOWS\System32\SHELL32.dll
0x00007ffdc0260000 - 0x00007ffdc0b2d000 	C:\WINDOWS\SYSTEM32\windows.storage.dll
0x00007ffdc0120000 - 0x00007ffdc025e000 	C:\WINDOWS\SYSTEM32\wintypes.dll
0x00007ffdc2cb0000 - 0x00007ffdc2da1000 	C:\WINDOWS\System32\SHCORE.dll
0x00007ffdc2db0000 - 0x00007ffdc2e0e000 	C:\WINDOWS\System32\shlwapi.dll
0x00007ffdc2180000 - 0x00007ffdc21a1000 	C:\WINDOWS\SYSTEM32\profapi.dll
0x00007ffdba0d0000 - 0x00007ffdba0e3000 	D:\New Backup\bin\net.dll
0x00007ffdb9f30000 - 0x00007ffdba067000 	C:\WINDOWS\SYSTEM32\WINHTTP.dll
0x00007ffdc1710000 - 0x00007ffdc1779000 	C:\WINDOWS\system32\mswsock.dll
0x00007ffda5cc0000 - 0x00007ffda5cd6000 	D:\New Backup\bin\nio.dll
0x00007ffda5ca0000 - 0x00007ffda5cb8000 	D:\New Backup\bin\zip.dll
0x00007ffd7f4c0000 - 0x00007ffd7f651000 	D:\New Backup\bin\awt.dll
0x00007ffdbf310000 - 0x00007ffdbf3a6000 	C:\WINDOWS\SYSTEM32\apphelp.dll
0x00007ffdbf800000 - 0x00007ffdbf82b000 	C:\WINDOWS\system32\DWMAPI.DLL
0x00007ffdbf3f0000 - 0x00007ffdbf49b000 	C:\WINDOWS\system32\uxtheme.dll
0x00007ffd99360000 - 0x00007ffd99460000 	C:\WINDOWS\system32\opengl32.dll
0x00007ffd9a450000 - 0x00007ffd9a47d000 	C:\WINDOWS\SYSTEM32\GLU32.dll
0x00007ffdbf5c0000 - 0x00007ffdbf5f6000 	C:\WINDOWS\SYSTEM32\dxcore.dll
0x00007ffdc3270000 - 0x00007ffdc338e000 	C:\WINDOWS\System32\MSCTF.dll
0x00007ffdc4660000 - 0x00007ffdc47fc000 	C:\WINDOWS\System32\ole32.dll
0x00007ffda7f80000 - 0x00007ffda7fae000 	D:\New Backup\bin\javajpeg.dll
0x00007ffd7f430000 - 0x00007ffd7f4b6000 	D:\New Backup\bin\freetype.dll
0x00007ffd7ce90000 - 0x00007ffd7cf56000 	D:\New Backup\bin\fontmanager.dll
0x00007ffdc4400000 - 0x00007ffdc44b0000 	C:\WINDOWS\System32\clbcatq.dll
0x00007ffdbe590000 - 0x00007ffdbe740000 	C:\WINDOWS\SYSTEM32\WindowsCodecs.dll
0x00007ffd923e0000 - 0x00007ffd9243e000 	C:\WINDOWS\system32\dataexchange.dll
0x00007ffdb8040000 - 0x00007ffdb82aa000 	C:\WINDOWS\system32\twinapi.appcore.dll
0x00007ffda5f50000 - 0x00007ffda607e000 	C:\WINDOWS\SYSTEM32\textinputframework.dll
0x00007ffdbf190000 - 0x00007ffdbf2c3000 	C:\WINDOWS\SYSTEM32\CoreMessaging.dll
0x00007ffdb9760000 - 0x00007ffdb9acc000 	C:\WINDOWS\SYSTEM32\CoreUIComponents.dll
0x00007ffdc1970000 - 0x00007ffdc197c000 	C:\WINDOWS\SYSTEM32\CRYPTBASE.DLL
0x00007ffd9b1f0000 - 0x00007ffd9b2a0000 	C:\WINDOWS\SYSTEM32\TextShaping.dll

dbghelp: loaded successfully - version: 4.0.5 - missing functions: none
symbol engine: initialized successfully - sym options: 0x614 - pdb path: .;D:\New Backup\bin;C:\WINDOWS\SYSTEM32;C:\WINDOWS\WinSxS\amd64_microsoft.windows.common-controls_6595b64144ccf1df_6.0.22621.608_none_a9444ca7c10bb01d;D:\New Backup\bin\server

VM Arguments:
jvm_args: -Dfile.encoding=UTF-8 --module-path=C:\Users\hp\OneDrive\Documents\NetBeansProjects\FITNESS_CLUB_PROJECT\build\classes 
java_command: PRACTICE
java_class_path (initial): C:\Users\hp\Downloads\mysql-connector-j-8.0.33\mysql-connector-j-8.0.33\mysql-connector-j-8.0.33.jar;C:\Users\hp\OneDrive\Documents\NetBeansProjects\FITNESS_CLUB_PROJECT\build\classes
Launcher Type: SUN_STANDARD

[Global flags]
     intx CICompilerCount                          = 4                                         {product} {ergonomic}
     uint ConcGCThreads                            = 2                                         {product} {ergonomic}
     uint G1ConcRefinementThreads                  = 8                                         {product} {ergonomic}
   size_t G1HeapRegionSize                         = 1048576                                   {product} {ergonomic}
    uintx GCDrainStackTargetSize                   = 64                                        {product} {ergonomic}
   size_t InitialHeapSize                          = 130023424                                 {product} {ergonomic}
   size_t MarkStackSize                            = 4194304                                   {product} {ergonomic}
   size_t MaxHeapSize                              = 2080374784                                {product} {ergonomic}
   size_t MaxNewSize                               = 1247805440                                {product} {ergonomic}
   size_t MinHeapDeltaBytes                        = 1048576                                   {product} {ergonomic}
   size_t MinHeapSize                              = 8388608                                   {product} {ergonomic}
    uintx NonNMethodCodeHeapSize                   = 5839372                                {pd product} {ergonomic}
    uintx NonProfiledCodeHeapSize                  = 122909434                              {pd product} {ergonomic}
    uintx ProfiledCodeHeapSize                     = 122909434                              {pd product} {ergonomic}
    uintx ReservedCodeCacheSize                    = 251658240                              {pd product} {ergonomic}
     bool SegmentedCodeCache                       = true                                      {product} {ergonomic}
   size_t SoftMaxHeapSize                          = 2080374784                             {manageable} {ergonomic}
     bool UseCompressedClassPointers               = true                           {product lp64_product} {ergonomic}
     bool UseCompressedOops                        = true                           {product lp64_product} {ergonomic}
     bool UseG1GC                                  = true                                      {product} {ergonomic}
     bool UseLargePagesIndividualAllocation        = false                                  {pd product} {ergonomic}

Logging:
Log output configuration:
 #0: stdout all=warning uptime,level,tags foldmultilines=false
 #1: stderr all=off uptime,level,tags foldmultilines=false

Environment Variables:
PATH=C:\Program Files\Common Files\Oracle\Java\javapath;C:\WINDOWS\system32;C:\WINDOWS;C:\WINDOWS\System32\Wbem;C:\WINDOWS\System32\WindowsPowerShell\v1.0\;C:\WINDOWS\System32\OpenSSH\;C:\Program Files (x86)\Microsoft SQL Server\160\Tools\Binn\;C:\Program Files\Microsoft SQL Server\160\Tools\Binn\;C:\Program Files\Microsoft SQL Server\Client SDK\ODBC\170\Tools\Binn\;C:\Program Files\Microsoft SQL Server\160\DTS\Binn\;C:\Program Files\dotnet\;C:\Program Files\Microsoft SQL Server\150\Tools\Binn\;C:\Program Files\MySQL\MySQL Server 8.0\bin;C:\Program Files\MySQL\MySQL Shell 8.0\bin\;C:\Users\hp\AppData\Local\Microsoft\WindowsApps;D:\Microsoft VS Code\bin;C:\Users\hp\.dotnet\tools;C:\MinGW\bin;
USERNAME=hp
OS=Windows_NT
PROCESSOR_IDENTIFIER=Intel64 Family 6 Model 140 Stepping 1, GenuineIntel
TMP=C:\Users\hp\AppData\Local\Temp
TEMP=C:\Users\hp\AppData\Local\Temp



---------------  S Y S T E M  ---------------

OS:
 Windows 11 , 64 bit Build 22621 (10.0.22621.1485)
OS uptime: 13 days 9:25 hours

CPU: total 8 (initial active 8) (4 cores per cpu, 2 threads per core) family 6 model 140 stepping 1 microcode 0x86, cx8, cmov, fxsr, ht, mmx, 3dnowpref, sse, sse2, sse3, ssse3, sse4.1, sse4.2, popcnt, lzcnt, tsc, tscinvbit, avx, avx2, aes, erms, clmul, bmi1, bmi2, adx, avx512f, avx512dq, avx512cd, avx512bw, avx512vl, sha, fma, vzeroupper, avx512_vpopcntdq, avx512_vpclmulqdq, avx512_vaes, avx512_vnni, clflush, clflushopt, clwb, avx512_vbmi2, avx512_vbmi, rdtscp, rdpid, fsrm, gfni, avx512_bitalg

Memory: 4k page, system-wide physical 7932M (376M free)
TotalPageFile size 23090M (AvailPageFile size 0M)
current process WorkingSet (physical memory assigned to process): 26M, peak: 215M
current process commit charge ("private bytes"): 263M, peak: 278M

vm_info: Java HotSpot(TM) 64-Bit Server VM (19.0.2+7-44) for windows-amd64 JRE (19.0.2+7-44), built on 2022-11-30T18:02:09Z by "mach5one" with MS VC++ 17.1 (VS2022)

END.
